Component: ARM Compiler 5.06 update 6 (build 750) Tool: armlink [4d35ed]

==============================================================================

Section Cross References

    n32g430_it.o(i.ADC_IRQHandler) refers to n32g430_adc.o(i.ADC_INTFlag_Status_Get) for ADC_INTFlag_Status_Get
    n32g430_it.o(i.ADC_IRQHandler) refers to n32g430_adc.o(i.ADC_INTFlag_Status_Clear) for ADC_INTFlag_Status_Clear
    n32g430_it.o(i.ADC_IRQHandler) refers to n32g430_gpio.o(i.GPIO_Pins_Set) for GPIO_Pins_Set
    n32g430_it.o(i.ADC_IRQHandler) refers to n32g430_adc.o(i.ADC_Regular_Channels_Software_Conversion_Operation) for ADC_Regular_Channels_Software_Conversion_Operation
    n32g430_it.o(i.ADC_IRQHandler) refers to n32g430_adc.o(i.ADC_Flag_Status_Get) for ADC_Flag_Status_Get
    n32g430_it.o(i.ADC_IRQHandler) refers to n32g430_adc.o(i.ADC_Flag_Status_Clear) for ADC_Flag_Status_Clear
    n32g430_it.o(i.ADC_IRQHandler) refers to n32g430_adc.o(i.ADC_Regular_Group_Conversion_Data_Get) for ADC_Regular_Group_Conversion_Data_Get
    n32g430_it.o(i.ADC_IRQHandler) refers to datacalc.o(i.BiasDetect) for BiasDetect
    n32g430_it.o(i.ADC_IRQHandler) refers to n32g430_adc.o(i.ADC_Injected_Group_Conversion_Data_Get) for ADC_Injected_Group_Conversion_Data_Get
    n32g430_it.o(i.ADC_IRQHandler) refers to bsp_tim.o(.RamFunc) for switch_pwm
    n32g430_it.o(i.ADC_IRQHandler) refers to n32g430_gpio.o(i.GPIO_Pins_Reset) for GPIO_Pins_Reset
    n32g430_it.o(i.ADC_IRQHandler) refers to foc.o(i.Angle_Given) for Angle_Given
    n32g430_it.o(i.ADC_IRQHandler) refers to pi.o(i.PID_Ctr) for PID_Ctr
    n32g430_it.o(i.ADC_IRQHandler) refers to foc.o(i.PhaseCurr_Get) for PhaseCurr_Get
    n32g430_it.o(i.ADC_IRQHandler) refers to foc.o(i.ClarkeTransform) for ClarkeTransform
    n32g430_it.o(i.ADC_IRQHandler) refers to foc.o(i.ParkTransform) for ParkTransform
    n32g430_it.o(i.ADC_IRQHandler) refers to foc.o(i.LimitedCircle_Voltage) for LimitedCircle_Voltage
    n32g430_it.o(i.ADC_IRQHandler) refers to foc.o(i.iParkTransform) for iParkTransform
    n32g430_it.o(i.ADC_IRQHandler) refers to foc.o(i.EstFlux_Ctr) for EstFlux_Ctr
    n32g430_it.o(i.ADC_IRQHandler) refers to datacalc.o(i.AngleAmp_Get) for AngleAmp_Get
    n32g430_it.o(i.ADC_IRQHandler) refers to svm.o(i.Svm_Ctr) for Svm_Ctr
    n32g430_it.o(i.ADC_IRQHandler) refers to n32g430_it.o(.data) for .data
    n32g430_it.o(i.ADC_IRQHandler) refers to foc.o(.bss) for Foc
    n32g430_it.o(i.ADC_IRQHandler) refers to statemachine.o(.data) for MotorCtrl
    n32g430_it.o(i.ADC_IRQHandler) refers to loopcontrol.o(.bss) for LoopCtrl
    n32g430_it.o(i.ADC_IRQHandler) refers to svm.o(.bss) for Svm
    n32g430_it.o(i.SysTick_Handler) refers to bsp_config.o(i.TimingDelay_Decrement) for TimingDelay_Decrement
    n32g430_it.o(i.TIM1_BRK_IRQHandler) refers to n32g430_tim.o(i.TIM_Interrupt_Status_Get) for TIM_Interrupt_Status_Get
    n32g430_it.o(i.TIM1_BRK_IRQHandler) refers to n32g430_tim.o(i.TIM_Interrupt_Disable) for TIM_Interrupt_Disable
    n32g430_it.o(i.TIM1_BRK_IRQHandler) refers to n32g430_tim.o(i.TIM_Interrupt_Status_Clear) for TIM_Interrupt_Status_Clear
    n32g430_it.o(i.TIM1_CC_IRQHandler) refers to n32g430_tim.o(i.TIM_Flag_Status_Get) for TIM_Flag_Status_Get
    n32g430_it.o(i.TIM1_CC_IRQHandler) refers to n32g430_tim.o(i.TIM_Interrupt_Status_Clear) for TIM_Interrupt_Status_Clear
    n32g430_it.o(i.TIM2_IRQHandler) refers to n32g430_tim.o(i.TIM_Flag_Status_Get) for TIM_Flag_Status_Get
    n32g430_it.o(i.TIM2_IRQHandler) refers to n32g430_tim.o(i.TIM_Interrupt_Status_Clear) for TIM_Interrupt_Status_Clear
    n32g430_it.o(i.TIM4_IRQHandler) refers to n32g430_tim.o(i.TIM_Interrupt_Status_Get) for TIM_Interrupt_Status_Get
    n32g430_it.o(i.TIM4_IRQHandler) refers to n32g430_tim.o(i.TIM_Interrupt_Status_Clear) for TIM_Interrupt_Status_Clear
    n32g430_it.o(i.TIM6_IRQHandler) refers to n32g430_tim.o(i.TIM_Interrupt_Status_Get) for TIM_Interrupt_Status_Get
    n32g430_it.o(i.TIM6_IRQHandler) refers to n32g430_tim.o(i.TIM_Interrupt_Status_Clear) for TIM_Interrupt_Status_Clear
    n32g430_it.o(i.TIM6_IRQHandler) refers to timer.o(i.TimerTick_State) for TimerTick_State
    n32g430_it.o(i.TIM6_IRQHandler) refers to loopcontrol.o(i.SpdLoop_Control) for SpdLoop_Control
    n32g430_it.o(i.TIM6_IRQHandler) refers to timer.o(.bss) for Timer_State
    n32g430_it.o(i.TIM6_IRQHandler) refers to loopcontrol.o(.bss) for LoopCtrl
    n32g430_it.o(i.TIM6_IRQHandler) refers to statemachine.o(.data) for MotorCtrl
    main.o(i.main) refers to bsp_config.o(i.System_Init) for System_Init
    main.o(i.main) refers to foc.o(i.Foc_Init) for Foc_Init
    main.o(i.main) refers to timer.o(i.Timer_State_Init) for Timer_State_Init
    main.o(i.main) refers to statemachine.o(i.MotorStateMachine) for MotorStateMachine
    main.o(i.main) refers to bsp_tim.o(.RamFunc) for switch_pwm
    main.o(i.main) refers to foc.o(.bss) for Foc
    main.o(i.main) refers to timer.o(.bss) for Timer_State
[...]
    i.ADC_Injected_Sequence_Conversion_Number_Config 0x08000830   Section        0  n32g430_adc.o(i.ADC_Injected_Sequence_Conversion_Number_Config)
    i.ADC_Interrupts_Enable                  0x08000850   Section        0  n32g430_adc.o(i.ADC_Interrupts_Enable)
    i.ADC_Multichannels_Disable              0x08000870   Section        0  n32g430_adc.o(i.ADC_Multichannels_Disable)
    i.ADC_Multichannels_Enable               0x08000880   Section        0  n32g430_adc.o(i.ADC_Multichannels_Enable)
    i.ADC_ON                                 0x08000890   Section        0  n32g430_adc.o(i.ADC_ON)
    i.ADC_PLL_Clock_Mode_Config              0x080008a0   Section        0  n32g430_adc.o(i.ADC_PLL_Clock_Mode_Config)
    i.ADC_Regular_Channels_Number_Config     0x080008b0   Section        0  n32g430_adc.o(i.ADC_Regular_Channels_Number_Config)
    i.ADC_Regular_Channels_Software_Conversion_Operation 0x080008c8   Section        0  n32g430_adc.o(i.ADC_Regular_Channels_Software_Conversion_Operation)
    i.ADC_Regular_Group_Conversion_Data_Get  0x08000908   Section        0  n32g430_adc.o(i.ADC_Regular_Group_Conversion_Data_Get)
    i.ADC_Regular_Group_External_Trigger_Source_Config 0x08000914   Section        0  n32g430_adc.o(i.ADC_Regular_Group_External_Trigger_Source_Config)
    i.ADC_Regular_Sequence_Conversion_Number_Config 0x0800092c   Section        0  n32g430_adc.o(i.ADC_Regular_Sequence_Conversion_Number_Config)
    i.ADC_Reset                              0x0800098c   Section        0  n32g430_adc.o(i.ADC_Reset)
    i.Adc_Init                               0x08000994   Section        0  bsp_adc.o(i.Adc_Init)
    i.AngleAmp_Get                           0x08000a50   Section        0  datacalc.o(i.AngleAmp_Get)
    i.Angle_Given                            0x08000ae8   Section        0  foc.o(i.Angle_Given)
    i.BiasDetect                             0x08000b00   Section        0  datacalc.o(i.BiasDetect)
    i.BusFault_Handler                       0x08000b3c   Section        0  n32g430_it.o(i.BusFault_Handler)
    i.ClarkeTransform                        0x08000b3e   Section        0  foc.o(i.ClarkeTransform)
    i.DMA_Buffer_Size_Config                 0x08000b62   Section        0  n32g430_dma.o(i.DMA_Buffer_Size_Config)
    i.DMA_Channel_Enable                     0x08000b66   Section        0  n32g430_dma.o(i.DMA_Channel_Enable)
    i.DMA_Channel_Request_Remap              0x08000b70   Section        0  n32g430_dma.o(i.DMA_Channel_Request_Remap)
    i.DMA_Circular_Mode_Config               0x08000b74   Section        0  n32g430_dma.o(i.DMA_Circular_Mode_Config)
    i.DMA_Destination_Config                 0x08000b84   Section        0  n32g430_dma.o(i.DMA_Destination_Config)
    i.DMA_Initializes                        0x08000b94   Section        0  n32g430_dma.o(i.DMA_Initializes)
    i.DMA_Memory_2_Memory_Config             0x08000bf6   Section        0  n32g430_dma.o(i.DMA_Memory_2_Memory_Config)
    i.DMA_Memory_Addr_Increment_Config       0x08000c06   Section        0  n32g430_dma.o(i.DMA_Memory_Addr_Increment_Config)
    i.DMA_Memory_Address_Config              0x08000c16   Section        0  n32g430_dma.o(i.DMA_Memory_Address_Config)
    i.DMA_Memory_Data_Width_Config           0x08000c1a   Section        0  n32g430_dma.o(i.DMA_Memory_Data_Width_Config)
    i.DMA_Peripheral_Addr_Increment_Config   0x08000c2a   Section        0  n32g430_dma.o(i.DMA_Peripheral_Addr_Increment_Config)
    i.DMA_Peripheral_Address_Config          0x08000c3a   Section        0  n32g430_dma.o(i.DMA_Peripheral_Address_Config)
    i.DMA_Peripheral_Data_Width_Config       0x08000c3e   Section        0  n32g430_dma.o(i.DMA_Peripheral_Data_Width_Config)
    i.DMA_Priority_Config                    0x08000c4e   Section        0  n32g430_dma.o(i.DMA_Priority_Config)
    i.DMA_Reset                              0x08000c60   Section        0  n32g430_dma.o(i.DMA_Reset)
    i.DMA_Structure_Initializes              0x08000d08   Section        0  n32g430_dma.o(i.DMA_Structure_Initializes)
    i.Data_Limit                             0x08000d22   Section        0  datacalc.o(i.Data_Limit)
    i.DebugMon_Handler                       0x08000d3e   Section        0  n32g430_it.o(i.DebugMon_Handler)
    i.Delay_us                               0x08000d40   Section        0  i2c_eeprom.o(i.Delay_us)
    i.EstFlux_Ctr                            0x08000d54   Section        0  foc.o(i.EstFlux_Ctr)
    i.Foc_Init                               0x08000e64   Section        0  foc.o(i.Foc_Init)
    i.GPIO_Alternate_Set                     0x08000f6c   Section        0  n32g430_gpio.o(i.GPIO_Alternate_Set)
    i.GPIO_Config                            0x08000f9c   Section        0  bsp_config.o(i.GPIO_Config)
    i.GPIO_Driver_Set                        0x0800107c   Section        0  n32g430_gpio.o(i.GPIO_Driver_Set)
    i.GPIO_Mode_Set                          0x08001090   Section        0  n32g430_gpio.o(i.GPIO_Mode_Set)
    i.GPIO_PBC_Pins_Reset                    0x080010ca   Section        0  n32g430_gpio.o(i.GPIO_PBC_Pins_Reset)
    i.GPIO_Peripheral_Initialize             0x080010ce   Section        0  n32g430_gpio.o(i.GPIO_Peripheral_Initialize)
    i.GPIO_Pins_Reset                        0x0800111e   Section        0  n32g430_gpio.o(i.GPIO_Pins_Reset)
    i.GPIO_Pins_Set                          0x08001122   Section        0  n32g430_gpio.o(i.GPIO_Pins_Set)
    i.GPIO_Pull_Set                          0x08001126   Section        0  n32g430_gpio.o(i.GPIO_Pull_Set)
    i.GPIO_SlewRate_Set                      0x0800113a   Section        0  n32g430_gpio.o(i.GPIO_SlewRate_Set)
    i.GPIO_Structure_Initialize              0x0800114c   Section        0  n32g430_gpio.o(i.GPIO_Structure_Initialize)
    i.HardFault_Handler                      0x08001162   Section        0  n32g430_it.o(i.HardFault_Handler)
    i.I2C1_ER_IRQHandler                     0x08001164   Section        0  i2c_eeprom.o(i.I2C1_ER_IRQHandler)
    i.I2C1_EV_IRQHandler                     0x080011e0   Section        0  i2c_eeprom.o(i.I2C1_EV_IRQHandler)
    i.I2C_7bit_Addr_Send                     0x08001330   Section        0  n32g430_i2c.o(i.I2C_7bit_Addr_Send)
    i.I2C_Acknowledg_Disable                 0x08001342   Section        0  n32g430_i2c.o(i.I2C_Acknowledg_Disable)
    i.I2C_Acknowledgement_Config             0x0800134c   Section        0  n32g430_i2c.o(i.I2C_Acknowledgement_Config)
    i.I2C_Addressing_Mode_Config             0x08001358   Section        0  n32g430_i2c.o(i.I2C_Addressing_Mode_Config)
    i.I2C_Bus_Mode_Config                    0x08001364   Section        0  n32g430_i2c.o(i.I2C_Bus_Mode_Config)
    i.I2C_Clock_Speed_Config                 0x08001370   Section        0  n32g430_i2c.o(i.I2C_Clock_Speed_Config)
    i.I2C_Data_Recv                          0x08001444   Section        0  n32g430_i2c.o(i.I2C_Data_Recv)
    i.I2C_Data_Send                          0x0800144a   Section        0  n32g430_i2c.o(i.I2C_Data_Send)
    i.I2C_EE_Init                            0x08001450   Section        0  i2c_eeprom.o(i.I2C_EE_Init)
    i.I2C_Flag_Status_Clear                  0x080014c0   Section        0  n32g430_i2c.o(i.I2C_Flag_Status_Clear)
    i.I2C_Flag_Status_Get                    0x080014c6   Section        0  n32g430_i2c.o(i.I2C_Flag_Status_Get)
    i.I2C_Generate_Start_Enable              0x080014f8   Section        0  n32g430_i2c.o(i.I2C_Generate_Start_Enable)
    i.I2C_Generate_Stop_Enable               0x08001502   Section        0  n32g430_i2c.o(i.I2C_Generate_Stop_Enable)
    i.I2C_Initializes                        0x0800150c   Section        0  n32g430_i2c.o(i.I2C_Initializes)
    i.I2C_Interrupts_Disable                 0x08001540   Section        0  n32g430_i2c.o(i.I2C_Interrupts_Disable)
    i.I2C_Last_Event_Get                     0x08001548   Section        0  n32g430_i2c.o(i.I2C_Last_Event_Get)
    i.I2C_Own_Addr1_Config                   0x08001556   Section        0  n32g430_i2c.o(i.I2C_Own_Addr1_Config)
    i.I2C_Reset                              0x08001564   Section        0  n32g430_i2c.o(i.I2C_Reset)
    i.IIC_RCCReset                           0x08001580   Section        0  i2c_eeprom.o(i.IIC_RCCReset)
    i.IIC_RestoreSlaveByClock                0x080015c4   Section        0  i2c_eeprom.o(i.IIC_RestoreSlaveByClock)
    i.IIC_SWReset                            0x08001614   Section        0  i2c_eeprom.o(i.IIC_SWReset)
    i.Input_Channel1_Config                  0x08001684   Section        0  n32g430_tim.o(i.Input_Channel1_Config)
    i.Input_Channel2_Config                  0x080016f8   Section        0  n32g430_tim.o(i.Input_Channel2_Config)
    i.Input_Channel3_Config                  0x08001770   Section        0  n32g430_tim.o(i.Input_Channel3_Config)
    i.Input_Channel4_Config                  0x080017e8   Section        0  n32g430_tim.o(i.Input_Channel4_Config)
    i.LPF_Ctr                                0x08001864   Section        0  lpf.o(i.LPF_Ctr)
    i.LimitedCircle_Voltage                  0x0800188c   Section        0  foc.o(i.LimitedCircle_Voltage)
    i.MemManage_Handler                      0x0800191c   Section        0  n32g430_it.o(i.MemManage_Handler)
    i.MotorStateMachine                      0x0800191e   Section        0  statemachine.o(i.MotorStateMachine)
    i.NMI_Handler                            0x080019ec   Section        0  n32g430_it.o(i.NMI_Handler)
    i.NVIC_Initializes                       0x080019f0   Section        0  misc.o(i.NVIC_Initializes)
    i.NVIC_Priority_Group_Set                0x08001a54   Section        0  misc.o(i.NVIC_Priority_Group_Set)
    i.PID_Ctr                                0x08001a68   Section        0  pi.o(i.PID_Ctr)
    i.PLL_TrimValueLoad                      0x08001ab8   Section        0  system_n32g430.o(i.PLL_TrimValueLoad)
    i.ParkTransform                          0x08001b28   Section        0  foc.o(i.ParkTransform)
    i.PhaseCurr_Get                          0x08001b8c   Section        0  foc.o(i.PhaseCurr_Get)
    i.RCC_ADC_1M_Clock_Config                0x08001c14   Section        0  n32g430_rcc.o(i.RCC_ADC_1M_Clock_Config)
    i.RCC_ADC_Hclk_Config                    0x08001c2c   Section        0  n32g430_rcc.o(i.RCC_ADC_Hclk_Config)
    i.RCC_ADC_Hclk_Enable                    0x08001c40   Section        0  n32g430_rcc.o(i.RCC_ADC_Hclk_Enable)
    i.RCC_ADC_PLL_Clock_Disable              0x08001c50   Section        0  n32g430_rcc.o(i.RCC_ADC_PLL_Clock_Disable)
    i.RCC_ADC_PLL_Clock_Prescaler_Enable     0x08001c60   Section        0  n32g430_rcc.o(i.RCC_ADC_PLL_Clock_Prescaler_Enable)
    i.RCC_AHB_Peripheral_Clock_Enable        0x08001c74   Section        0  n32g430_rcc.o(i.RCC_AHB_Peripheral_Clock_Enable)
    i.RCC_AHB_Peripheral_Reset               0x08001c84   Section        0  n32g430_rcc.o(i.RCC_AHB_Peripheral_Reset)
    i.RCC_APB1_Peripheral_Clock_Disable      0x08001c98   Section        0  n32g430_rcc.o(i.RCC_APB1_Peripheral_Clock_Disable)
    i.RCC_APB1_Peripheral_Clock_Enable       0x08001ca8   Section        0  n32g430_rcc.o(i.RCC_APB1_Peripheral_Clock_Enable)
    i.RCC_APB1_Peripheral_Reset              0x08001cb8   Section        0  n32g430_rcc.o(i.RCC_APB1_Peripheral_Reset)
    i.RCC_APB2_Peripheral_Clock_Enable       0x08001ccc   Section        0  n32g430_rcc.o(i.RCC_APB2_Peripheral_Clock_Enable)
    i.RCC_APB2_Peripheral_Reset              0x08001cdc   Section        0  n32g430_rcc.o(i.RCC_APB2_Peripheral_Reset)
    i.RCC_Clocks_Frequencies_Value_Get       0x08001cf0   Section        0  n32g430_rcc.o(i.RCC_Clocks_Frequencies_Value_Get)
    i.RCC_Configuration                      0x08001dc4   Section        0  bsp_config.o(i.RCC_Configuration)
    i.RCC_Pclk1_Config                       0x08001e30   Section        0  n32g430_rcc.o(i.RCC_Pclk1_Config)
    i.SVC_Handler                            0x08001e44   Section        0  n32g430_it.o(i.SVC_Handler)
    i.SpdLoop_Control                        0x08001e48   Section        0  loopcontrol.o(i.SpdLoop_Control)
    i.Svm_Ctr                                0x08001f10   Section        0  svm.o(i.Svm_Ctr)
    i.SysTick_Handler                        0x0800211c   Section        0  n32g430_it.o(i.SysTick_Handler)
    i.System_Clock_Set                       0x08002120   Section        0  system_n32g430.o(i.System_Clock_Set)
    System_Clock_Set                         0x08002121   Thumb Code   228  system_n32g430.o(i.System_Clock_Set)
    i.System_Init                            0x08002220   Section        0  bsp_config.o(i.System_Init)
    i.System_Initializes                     0x08002250   Section        0  system_n32g430.o(i.System_Initializes)
    i.TIM1_BRK_IRQHandler                    0x080022e8   Section        0  n32g430_it.o(i.TIM1_BRK_IRQHandler)
    i.TIM1_CC_IRQHandler                     0x08002314   Section        0  n32g430_it.o(i.TIM1_CC_IRQHandler)
    i.TIM1_PWM_Init                          0x08002338   Section        0  bsp_tim.o(i.TIM1_PWM_Init)
    i.TIM2_IRQHandler                        0x080024c0   Section        0  n32g430_it.o(i.TIM2_IRQHandler)
    i.TIM4_Capture_Config                    0x080024e0   Section        0  bsp_tim.o(i.TIM4_Capture_Config)
    i.TIM4_IRQHandler                        0x080025e8   Section        0  n32g430_it.o(i.TIM4_IRQHandler)
    i.TIM6_1Khz_Init                         0x0800260c   Section        0  bsp_tim.o(i.TIM6_1Khz_Init)
    i.TIM6_IRQHandler                        0x08002690   Section        0  n32g430_it.o(i.TIM6_IRQHandler)
    i.TIM_Asymmetric_Enable                  0x080026cc   Section        0  n32g430_tim.o(i.TIM_Asymmetric_Enable)
    i.TIM_Base_Auto_Reload_Set               0x080026d6   Section        0  n32g430_tim.o(i.TIM_Base_Auto_Reload_Set)
    i.TIM_Base_Center_Aligned_Mode_OC4_7_8_9_Trigger_Set 0x080026da   Section        0  n32g430_tim.o(i.TIM_Base_Center_Aligned_Mode_OC4_7_8_9_Trigger_Set)
    i.TIM_Base_Channel1                      0x080026e6   Section        0  n32g430_tim.o(i.TIM_Base_Channel1)
    i.TIM_Base_Channel2                      0x080026fe   Section        0  n32g430_tim.o(i.TIM_Base_Channel2)
    i.TIM_Base_Channel3                      0x08002716   Section        0  n32g430_tim.o(i.TIM_Base_Channel3)
    i.TIM_Base_Channel4                      0x0800272e   Section        0  n32g430_tim.o(i.TIM_Base_Channel4)
    i.TIM_Base_Count_Mode_Set                0x08002746   Section        0  n32g430_tim.o(i.TIM_Base_Count_Mode_Set)
    i.TIM_Base_Initialize                    0x08002754   Section        0  n32g430_tim.o(i.TIM_Base_Initialize)
    i.TIM_Base_OCrefClear                    0x08002804   Section        0  n32g430_tim.o(i.TIM_Base_OCrefClear)
    i.TIM_Base_Prescaler_Set                 0x0800281c   Section        0  n32g430_tim.o(i.TIM_Base_Prescaler_Set)
    i.TIM_Base_Reload_Mode_Set               0x08002820   Section        0  n32g430_tim.o(i.TIM_Base_Reload_Mode_Set)
    i.TIM_Base_Repeat_Count_Set              0x08002824   Section        0  n32g430_tim.o(i.TIM_Base_Repeat_Count_Set)
    i.TIM_Base_Struct_Initialize             0x08002828   Section        0  n32g430_tim.o(i.TIM_Base_Struct_Initialize)
    i.TIM_Break_And_Dead_Time_Set            0x08002846   Section        0  n32g430_tim.o(i.TIM_Break_And_Dead_Time_Set)
    i.TIM_Capture_Compare_Ch_Disable         0x080028ac   Section        0  n32g430_tim.o(i.TIM_Capture_Compare_Ch_Disable)
    i.TIM_Capture_Compare_Ch_Enable          0x080028b8   Section        0  n32g430_tim.o(i.TIM_Capture_Compare_Ch_Enable)
    i.TIM_Capture_Compare_Ch_N_Disable       0x080028c4   Section        0  n32g430_tim.o(i.TIM_Capture_Compare_Ch_N_Disable)
    i.TIM_Capture_Compare_Ch_N_Enable        0x080028d0   Section        0  n32g430_tim.o(i.TIM_Capture_Compare_Ch_N_Enable)
    i.TIM_Clock_Division_Set                 0x080028dc   Section        0  n32g430_tim.o(i.TIM_Clock_Division_Set)
    i.TIM_Compare1_D_Set                     0x080028ec   Section        0  n32g430_tim.o(i.TIM_Compare1_D_Set)
    i.TIM_Compare1_Set                       0x080028f8   Section        0  n32g430_tim.o(i.TIM_Compare1_Set)
    i.TIM_Compare2_D_Set                     0x08002904   Section        0  n32g430_tim.o(i.TIM_Compare2_D_Set)
    i.TIM_Compare2_Set                       0x08002910   Section        0  n32g430_tim.o(i.TIM_Compare2_Set)
    i.TIM_Compare3_D_Set                     0x0800291c   Section        0  n32g430_tim.o(i.TIM_Compare3_D_Set)
    i.TIM_Compare3_Set                       0x08002928   Section        0  n32g430_tim.o(i.TIM_Compare3_Set)
    i.TIM_Compare7_Set                       0x08002934   Section        0  n32g430_tim.o(i.TIM_Compare7_Set)
    i.TIM_Compare8_Set                       0x0800293a   Section        0  n32g430_tim.o(i.TIM_Compare8_Set)
    i.TIM_Compare9_Set                       0x08002940   Section        0  n32g430_tim.o(i.TIM_Compare9_Set)
    i.TIM_Dma_Enable                         0x08002946   Section        0  n32g430_tim.o(i.TIM_Dma_Enable)
    i.TIM_Flag_Status_Get                    0x0800294e   Section        0  n32g430_tim.o(i.TIM_Flag_Status_Get)
    i.TIM_IOM_Comp_Break                     0x0800295c   Section        0  n32g430_tim.o(i.TIM_IOM_Comp_Break)
    i.TIM_Input_Capture1_Prescaler_Set       0x08002974   Section        0  n32g430_tim.o(i.TIM_Input_Capture1_Prescaler_Set)
    i.TIM_Input_Capture2_Prescaler_Set       0x08002984   Section        0  n32g430_tim.o(i.TIM_Input_Capture2_Prescaler_Set)
    i.TIM_Input_Capture3_Prescaler_Set       0x0800299c   Section        0  n32g430_tim.o(i.TIM_Input_Capture3_Prescaler_Set)
    i.TIM_Input_Capture4_Prescaler_Set       0x080029ae   Section        0  n32g430_tim.o(i.TIM_Input_Capture4_Prescaler_Set)
    i.TIM_Input_Channel_Initialize           0x080029c2   Section        0  n32g430_tim.o(i.TIM_Input_Channel_Initialize)
    i.TIM_Input_Struct_Initialize            0x08002a24   Section        0  n32g430_tim.o(i.TIM_Input_Struct_Initialize)
    i.TIM_Interrupt_Disable                  0x08002a32   Section        0  n32g430_tim.o(i.TIM_Interrupt_Disable)
    i.TIM_Interrupt_Enable                   0x08002a3a   Section        0  n32g430_tim.o(i.TIM_Interrupt_Enable)
    i.TIM_Interrupt_Status_Clear             0x08002a42   Section        0  n32g430_tim.o(i.TIM_Interrupt_Status_Clear)
    i.TIM_Interrupt_Status_Get               0x08002a48   Section        0  n32g430_tim.o(i.TIM_Interrupt_Status_Get)
    i.TIM_Lock_Up_Break_Disable              0x08002a5e   Section        0  n32g430_tim.o(i.TIM_Lock_Up_Break_Disable)
    i.TIM_Lock_Up_Break_Enable               0x08002a68   Section        0  n32g430_tim.o(i.TIM_Lock_Up_Break_Enable)
    i.TIM_OC7REF_Trigger_To_ADC_Enable       0x08002a72   Section        0  n32g430_tim.o(i.TIM_OC7REF_Trigger_To_ADC_Enable)
    i.TIM_OC8REF_Trigger_To_ADC_Enable       0x08002a7c   Section        0  n32g430_tim.o(i.TIM_OC8REF_Trigger_To_ADC_Enable)
    i.TIM_On                                 0x08002a86   Section        0  n32g430_tim.o(i.TIM_On)
    i.TIM_Output_Channel1_Initialize         0x08002a90   Section        0  n32g430_tim.o(i.TIM_Output_Channel1_Initialize)
    i.TIM_Output_Channel1_Preload_Set        0x08002b1c   Section        0  n32g430_tim.o(i.TIM_Output_Channel1_Preload_Set)
    i.TIM_Output_Channel2_Initialize         0x08002b28   Section        0  n32g430_tim.o(i.TIM_Output_Channel2_Initialize)
    i.TIM_Output_Channel2_Preload_Set        0x08002bc0   Section        0  n32g430_tim.o(i.TIM_Output_Channel2_Preload_Set)
    i.TIM_Output_Channel3_Initialize         0x08002bd4   Section        0  n32g430_tim.o(i.TIM_Output_Channel3_Initialize)
    i.TIM_Output_Channel3_Preload_Set        0x08002c68   Section        0  n32g430_tim.o(i.TIM_Output_Channel3_Preload_Set)
    i.TIM_Output_Channel7_Preload_Set        0x08002c76   Section        0  n32g430_tim.o(i.TIM_Output_Channel7_Preload_Set)
    i.TIM_Output_Channel8_Preload_Set        0x08002c92   Section        0  n32g430_tim.o(i.TIM_Output_Channel8_Preload_Set)
    i.TIM_Output_Channel_N_Polarity_Set      0x08002cae   Section        0  n32g430_tim.o(i.TIM_Output_Channel_N_Polarity_Set)
    i.TIM_Output_Channel_Polarity_Set        0x08002cc0   Section        0  n32g430_tim.o(i.TIM_Output_Channel_Polarity_Set)
    i.TIM_Output_Trigger_Select              0x08002cd4   Section        0  n32g430_tim.o(i.TIM_Output_Trigger_Select)
    i.TIM_PWM_Output_Disable                 0x08002ce8   Section        0  n32g430_tim.o(i.TIM_PWM_Output_Disable)
    i.TIM_PWM_Output_Enable                  0x08002cf4   Section        0  n32g430_tim.o(i.TIM_PWM_Output_Enable)
    i.TIM_Pvd_Break_Disable                  0x08002d00   Section        0  n32g430_tim.o(i.TIM_Pvd_Break_Disable)
    i.TIM_Pvd_Break_Enable                   0x08002d0a   Section        0  n32g430_tim.o(i.TIM_Pvd_Break_Enable)
    i.TIM_Reset                              0x08002d14   Section        0  n32g430_tim.o(i.TIM_Reset)
    i.TimerTick_State                        0x08002d84   Section        0  timer.o(i.TimerTick_State)
    i.Timer_Init                             0x08002dbc   Section        0  timer.o(i.Timer_Init)
    i.Timer_Start                            0x08002dc8   Section        0  timer.o(i.Timer_Start)
    i.Timer_State_Init                       0x08002dd8   Section        0  timer.o(i.Timer_State_Init)
    i.Timer_Tick                             0x08002e18   Section        0  timer.o(i.Timer_Tick)
    i.Timer_Timeout                          0x08002e3a   Section        0  timer.o(i.Timer_Timeout)
    i.TimingDelay_Decrement                  0x08002e40   Section        0  bsp_config.o(i.TimingDelay_Decrement)
    i.UsageFault_Handler                     0x08002e54   Section        0  n32g430_it.o(i.UsageFault_Handler)
    i.__scatterload_copy                     0x08002e56   Section       14  handlers.o(i.__scatterload_copy)
    i.__scatterload_null                     0x08002e64   Section        2  handlers.o(i.__scatterload_null)
    i.__scatterload_zeroinit                 0x08002e66   Section       14  handlers.o(i.__scatterload_zeroinit)
    i.iParkTransform                         0x08002e74   Section        0  foc.o(i.iParkTransform)
    i.main                                   0x08002ed8   Section        0  main.o(i.main)
    i.sEE_TIMEOUT_UserCallback               0x08002f20   Section        0  i2c_eeprom.o(i.sEE_TIMEOUT_UserCallback)
    .constdata                               0x08002f24   Section     2050  table.o(.constdata)
    .constdata                               0x08003726   Section     2560  table.o(.constdata)
    .constdata                               0x08004126   Section     2050  table.o(.constdata)
    .constdata                               0x08004928   Section      514  table.o(.constdata)
    .constdata                               0x08004b2a   Section       64  n32g430_rcc.o(.constdata)
    APBAHBPresTable                          0x08004b2a   Data          16  n32g430_rcc.o(.constdata)
    ADCHCLKPresTable                         0x08004b3a   Data          16  n32g430_rcc.o(.constdata)
    ADCPLLCLKPresTable                       0x08004b4a   Data          32  n32g430_rcc.o(.constdata)
    .data                                    0x20000000   Section        6  n32g430_it.o(.data)
    .data                                    0x20000008   Section       52  foc.o(.data)
    .data                                    0x2000003c   Section       12  datacalc.o(.data)
    DetectCnt                                0x2000003c   Data           2  datacalc.o(.data)
    SampleCurrSum_1st                        0x20000040   Data           4  datacalc.o(.data)
    SampleCurrSum_2nd                        0x20000044   Data           4  datacalc.o(.data)
    .data                                    0x20000048   Section        4  table.o(.data)
    .data                                    0x2000004c   Section        4  statemachine.o(.data)
    .data                                    0x20000050   Section        4  system_n32g430.o(.data)
    .data                                    0x20000054   Section        4  bsp_config.o(.data)
    .data                                    0x20000058   Section        6  bsp_tim.o(.data)
    .data                                    0x20000060   Section       36  i2c_eeprom.o(.data)
    check_begin                              0x20000060   Data           1  i2c_eeprom.o(.data)
    OffsetDone                               0x20000061   Data           1  i2c_eeprom.o(.data)
    MasterDirection                          0x20000062   Data           1  i2c_eeprom.o(.data)
    RCC_RESET_Flag                           0x20000064   Data           1  i2c_eeprom.o(.data)
    DeviceOffset                             0x20000066   Data           2  i2c_eeprom.o(.data)
    BufCount                                 0x2000006c   Data           2  i2c_eeprom.o(.data)
    Int_NumByteToWrite                       0x2000006e   Data           2  i2c_eeprom.o(.data)
    Int_NumByteToRead                        0x20000070   Data           2  i2c_eeprom.o(.data)
    SlaveADDR                                0x20000072   Data           2  i2c_eeprom.o(.data)
    SendBuf                                  0x2000007c   Data           8  i2c_eeprom.o(.data)
    .bss                                     0x20000084   Section       88  foc.o(.bss)
    .bss                                     0x200000dc   Section       84  timer.o(.bss)
    .bss                                     0x20000130   Section       36  svm.o(.bss)
    .bss                                     0x20000154   Section      140  loopcontrol.o(.bss)
    .bss                                     0x200001e0   Section       12  bsp_tim.o(.bss)
    STACK                                    0x200001f0   Section     5120  startup_n32g430.o(STACK)

    Global Symbols

    Symbol Name                              Value     Ov Type        Size  Object(Section)

    BuildAttributes$$THM_ISAv4$E$P$D$K$B$S$7EM$VFPi3$EXTD16$VFPS$VFMA$PE$A:L22UL41UL21$X:L11$S22US41US21$IEEE1$IW$USESV6$~STKCKD$USESV7$~SHL$OSPACE$EBA8$MICROLIB$REQ8$PRES8$EABIv2 0x00000000   Number         0  anon$$obj.o ABSOLUTE
    __ARM_use_no_argv                        0x00000000   Number         0  main.o ABSOLUTE
    __cpp_initialize__aeabi_                  - Undefined Weak Reference
    __cxa_finalize                            - Undefined Weak Reference
    __decompress                              - Undefined Weak Reference
    _clock_init                               - Undefined Weak Reference
    _microlib_exit                            - Undefined Weak Reference
    __Vectors_Size                           0x00000114   Number         0  startup_n32g430.o ABSOLUTE
    __Vectors                                0x08000000   Data           4  startup_n32g430.o(RESET)
    __Vectors_End                            0x08000114   Data           0  startup_n32g430.o(RESET)
    __main                                   0x08000115   Thumb Code     0  entry.o(.ARM.Collect$$$$00000000)
    _main_stk                                0x08000115   Thumb Code     0  entry2.o(.ARM.Collect$$$$00000001)
    _main_scatterload                        0x08000119   Thumb Code     0  entry5.o(.ARM.Collect$$$$00000004)
    __main_after_scatterload                 0x0800011d   Thumb Code     0  entry5.o(.ARM.Collect$$$$00000004)
    _main_clock                              0x0800011d   Thumb Code     0  entry7b.o(.ARM.Collect$$$$00000008)
    _main_cpp_init                           0x0800011d   Thumb Code     0  entry8b.o(.ARM.Collect$$$$0000000A)
    _main_init                               0x0800011d   Thumb Code     0  entry9a.o(.ARM.Collect$$$$0000000B)
    __rt_final_cpp                           0x08000125   Thumb Code     0  entry10a.o(.ARM.Collect$$$$0000000D)
    __rt_final_exit                          0x08000125   Thumb Code     0  entry11a.o(.ARM.Collect$$$$0000000F)
    switch_pwm                               0x08000129   Thumb Code   294  bsp_tim.o(.RamFunc)
    pwm_duty_set                             0x0800024f   Thumb Code    90  bsp_tim.o(.RamFunc)
    Reset_Handler                            0x080002b1   Thumb Code     8  startup_n32g430.o(.text)
    PendSV_Handler                           0x080002c7   Thumb Code     2  startup_n32g430.o(.text)
    CAN_RX0_IRQHandler                       0x080002cb   Thumb Code     0  startup_n32g430.o(.text)
    CAN_RX1_IRQHandler                       0x080002cb   Thumb Code     0  startup_n32g430.o(.text)
    CAN_SCE_IRQHandler                       0x080002cb   Thumb Code     0  startup_n32g430.o(.text)
    CAN_TX_IRQHandler                        0x080002cb   Thumb Code     0  startup_n32g430.o(.text)
    COMP_1_2_3_IRQHandler                    0x080002cb   Thumb Code     0  startup_n32g430.o(.text)
    DMA_Channel1_IRQHandler                  0x080002cb   Thumb Code     0  startup_n32g430.o(.text)
    DMA_Channel2_IRQHandler                  0x080002cb   Thumb Code     0  startup_n32g430.o(.text)
    DMA_Channel3_IRQHandler                  0x080002cb   Thumb Code     0  startup_n32g430.o(.text)
    DMA_Channel4_IRQHandler                  0x080002cb   Thumb Code     0  startup_n32g430.o(.text)
    DMA_Channel5_IRQHandler                  0x080002cb   Thumb Code     0  startup_n32g430.o(.text)
    DMA_Channel6_IRQHandler                  0x080002cb   Thumb Code     0  startup_n32g430.o(.text)
    DMA_Channel7_IRQHandler                  0x080002cb   Thumb Code     0  startup_n32g430.o(.text)
    DMA_Channel8_IRQHandler                  0x080002cb   Thumb Code     0  startup_n32g430.o(.text)
    EXTI0_IRQHandler                         0x080002cb   Thumb Code     0  startup_n32g430.o(.text)
    EXTI15_10_IRQHandler                     0x080002cb   Thumb Code     0  startup_n32g430.o(.text)
    EXTI1_IRQHandler                         0x080002cb   Thumb Code     0  startup_n32g430.o(.text)
    EXTI2_IRQHandler                         0x080002cb   Thumb Code     0  startup_n32g430.o(.text)
    EXTI3_IRQHandler                         0x080002cb   Thumb Code     0  startup_n32g430.o(.text)
    EXTI4_IRQHandler                         0x080002cb   Thumb Code     0  startup_n32g430.o(.text)
    EXTI9_5_IRQHandler                       0x080002cb   Thumb Code     0  startup_n32g430.o(.text)
    FLASH_IRQHandler                         0x080002cb   Thumb Code     0  startup_n32g430.o(.text)
    I2C2_ER_IRQHandler                       0x080002cb   Thumb Code     0  startup_n32g430.o(.text)
    I2C2_EV_IRQHandler                       0x080002cb   Thumb Code     0  startup_n32g430.o(.text)
    LPTIM_WKUP_IRQHandler                    0x080002cb   Thumb Code     0  startup_n32g430.o(.text)
    MMU_IRQHandler                           0x080002cb   Thumb Code     0  startup_n32g430.o(.text)
    PVD_IRQHandler                           0x080002cb   Thumb Code     0  startup_n32g430.o(.text)
    RCC_IRQHandler                           0x080002cb   Thumb Code     0  startup_n32g430.o(.text)
    RTCAlarm_IRQHandler                      0x080002cb   Thumb Code     0  startup_n32g430.o(.text)
    RTC_TAMPER_STAMP_IRQHandler              0x080002cb   Thumb Code     0  startup_n32g430.o(.text)
    RTC_WKUP_IRQHandler                      0x080002cb   Thumb Code     0  startup_n32g430.o(.text)
    SPI1_IRQHandler                          0x080002cb   Thumb Code     0  startup_n32g430.o(.text)
    SPI2_IRQHandler                          0x080002cb   Thumb Code     0  startup_n32g430.o(.text)
    TIM1_TRG_COM_IRQHandler                  0x080002cb   Thumb Code     0  startup_n32g430.o(.text)
    TIM1_UP_IRQHandler                       0x080002cb   Thumb Code     0  startup_n32g430.o(.text)
    TIM3_IRQHandler                          0x080002cb   Thumb Code     0  startup_n32g430.o(.text)
    TIM5_IRQHandler                          0x080002cb   Thumb Code     0  startup_n32g430.o(.text)
    TIM8_BRK_IRQHandler                      0x080002cb   Thumb Code     0  startup_n32g430.o(.text)
    TIM8_CC_IRQHandler                       0x080002cb   Thumb Code     0  startup_n32g430.o(.text)
    TIM8_TRG_COM_IRQHandler                  0x080002cb   Thumb Code     0  startup_n32g430.o(.text)
    TIM8_UP_IRQHandler                       0x080002cb   Thumb Code     0  startup_n32g430.o(.text)
    UART3_IRQHandler                         0x080002cb   Thumb Code     0  startup_n32g430.o(.text)
    UART4_IRQHandler                         0x080002cb   Thumb Code     0  startup_n32g430.o(.text)
    USART1_IRQHandler                        0x080002cb   Thumb Code     0  startup_n32g430.o(.text)
    USART2_IRQHandler                        0x080002cb   Thumb Code     0  startup_n32g430.o(.text)
    WWDG_IRQHandler                          0x080002cb   Thumb Code     0  startup_n32g430.o(.text)
    __aeabi_memset                           0x080002d5   Thumb Code    14  memseta.o(.text)
    __aeabi_memset4                          0x080002d5   Thumb Code     0  memseta.o(.text)
    __aeabi_memset8                          0x080002d5   Thumb Code     0  memseta.o(.text)
    __aeabi_memclr                           0x080002e3   Thumb Code     4  memseta.o(.text)
    __aeabi_memclr4                          0x080002e3   Thumb Code     0  memseta.o(.text)
    __aeabi_memclr8                          0x080002e3   Thumb Code     0  memseta.o(.text)
    _memset$wrapper                          0x080002e7   Thumb Code    18  memseta.o(.text)
    __scatterload                            0x080002f9   Thumb Code    28  init.o(.text)
    __scatterload_rt2                        0x080002f9   Thumb Code     0  init.o(.text)
    ADC_AHB_Clock_Mode_Config                0x0800031d   Thumb Code    12  n32g430_adc.o(i.ADC_AHB_Clock_Mode_Config)
    ADC_Calibration_Operation                0x0800032d   Thumb Code    54  n32g430_adc.o(i.ADC_Calibration_Operation)
    ADC_Channel_Sample_Time_Config           0x08000369   Thumb Code    84  n32g430_adc.o(i.ADC_Channel_Sample_Time_Config)
    ADC_Clock_Mode_Config                    0x080003c1   Thumb Code    44  n32g430_adc.o(i.ADC_Clock_Mode_Config)
    ADC_Continue_Conversion_Disable          0x080003ed   Thumb Code    12  n32g430_adc.o(i.ADC_Continue_Conversion_Disable)
    ADC_Continue_Conversion_Enable           0x080003fd   Thumb Code    12  n32g430_adc.o(i.ADC_Continue_Conversion_Enable)
    ADC_DMA_Transfer_Disable                 0x0800040d   Thumb Code    12  n32g430_adc.o(i.ADC_DMA_Transfer_Disable)
    ADC_Data_Alignment_Config                0x0800041d   Thumb Code    18  n32g430_adc.o(i.ADC_Data_Alignment_Config)
    ADC_Discontinuous_Mode_Config            0x08000435   Thumb Code    66  n32g430_adc.o(i.ADC_Discontinuous_Mode_Config)
    ADC_External_Trigger_Conversion_Config   0x0800047d   Thumb Code    66  n32g430_adc.o(i.ADC_External_Trigger_Conversion_Config)
    ADC_Flag_Status_Clear                    0x080004c5   Thumb Code    10  n32g430_adc.o(i.ADC_Flag_Status_Clear)
    ADC_Flag_Status_Get                      0x080004d5   Thumb Code    38  n32g430_adc.o(i.ADC_Flag_Status_Get)
    ADC_INTFlag_Status_Clear                 0x08000501   Thumb Code    10  n32g430_adc.o(i.ADC_INTFlag_Status_Clear)
    ADC_INTFlag_Status_Get                   0x08000511   Thumb Code    16  n32g430_adc.o(i.ADC_INTFlag_Status_Get)
    ADC_IRQHandler                           0x08000525   Thumb Code   578  n32g430_it.o(i.ADC_IRQHandler)
    ADC_Initializes                          0x08000791   Thumb Code    66  n32g430_adc.o(i.ADC_Initializes)
    ADC_Injected_Channels_Number_Config      0x080007d9   Thumb Code    18  n32g430_adc.o(i.ADC_Injected_Channels_Number_Config)
    ADC_Injected_Group_Autoconversion_Disable 0x080007f1   Thumb Code    12  n32g430_adc.o(i.ADC_Injected_Group_Autoconversion_Disable)
    ADC_Injected_Group_Conversion_Data_Get   0x08000801   Thumb Code    18  n32g430_adc.o(i.ADC_Injected_Group_Conversion_Data_Get)
    ADC_Injected_Group_External_Trigger_Source_Config 0x08000819   Thumb Code    18  n32g430_adc.o(i.ADC_Injected_Group_External_Trigger_Source_Config)
    ADC_Injected_Sequence_Conversion_Number_Config 0x08000831   Thumb Code    28  n32g430_adc.o(i.ADC_Injected_Sequence_Conversion_Number_Config)
    ADC_Interrupts_Enable                    0x08000851   Thumb Code    26  n32g430_adc.o(i.ADC_Interrupts_Enable)
    ADC_Multichannels_Disable                0x08000871   Thumb Code    12  n32g430_adc.o(i.ADC_Multichannels_Disable)
    ADC_Multichannels_Enable                 0x08000881   Thumb Code    12  n32g430_adc.o(i.ADC_Multichannels_Enable)
    ADC_ON                                   0x08000891   Thumb Code    12  n32g430_adc.o(i.ADC_ON)
    ADC_PLL_Clock_Mode_Config                0x080008a1   Thumb Code    12  n32g430_adc.o(i.ADC_PLL_Clock_Mode_Config)
    ADC_Regular_Channels_Number_Config       0x080008b1   Thumb Code    18  n32g430_adc.o(i.ADC_Regular_Channels_Number_Config)
    ADC_Regular_Channels_Software_Conversion_Operation 0x080008c9   Thumb Code    60  n32g430_adc.o(i.ADC_Regular_Channels_Software_Conversion_Operation)
    ADC_Regular_Group_Conversion_Data_Get    0x08000909   Thumb Code     8  n32g430_adc.o(i.ADC_Regular_Group_Conversion_Data_Get)
    ADC_Regular_Group_External_Trigger_Source_Config 0x08000915   Thumb Code    18  n32g430_adc.o(i.ADC_Regular_Group_External_Trigger_Source_Config)
    ADC_Regular_Sequence_Conversion_Number_Config 0x0800092d   Thumb Code    92  n32g430_adc.o(i.ADC_Regular_Sequence_Conversion_Number_Config)
    ADC_Reset                                0x0800098d   Thumb Code     8  n32g430_adc.o(i.ADC_Reset)
    Adc_Init                                 0x08000995   Thumb Code   186  bsp_adc.o(i.Adc_Init)
    AngleAmp_Get                             0x08000a51   Thumb Code   142  datacalc.o(i.AngleAmp_Get)
    Angle_Given                              0x08000ae9   Thumb Code    24  foc.o(i.Angle_Given)
    BiasDetect                               0x08000b01   Thumb Code    48  datacalc.o(i.BiasDetect)
    BusFault_Handler                         0x08000b3d   Thumb Code     2  n32g430_it.o(i.BusFault_Handler)
    ClarkeTransform                          0x08000b3f   Thumb Code    36  foc.o(i.ClarkeTransform)
    DMA_Buffer_Size_Config                   0x08000b63   Thumb Code     4  n32g430_dma.o(i.DMA_Buffer_Size_Config)
    DMA_Channel_Enable                       0x08000b67   Thumb Code    10  n32g430_dma.o(i.DMA_Channel_Enable)
    DMA_Channel_Request_Remap                0x08000b71   Thumb Code     4  n32g430_dma.o(i.DMA_Channel_Request_Remap)
    DMA_Circular_Mode_Config                 0x08000b75   Thumb Code    16  n32g430_dma.o(i.DMA_Circular_Mode_Config)
    DMA_Destination_Config                   0x08000b85   Thumb Code    16  n32g430_dma.o(i.DMA_Destination_Config)
    DMA_Initializes                          0x08000b95   Thumb Code    98  n32g430_dma.o(i.DMA_Initializes)
    DMA_Memory_2_Memory_Config               0x08000bf7   Thumb Code    16  n32g430_dma.o(i.DMA_Memory_2_Memory_Config)
    DMA_Memory_Addr_Increment_Config         0x08000c07   Thumb Code    16  n32g430_dma.o(i.DMA_Memory_Addr_Increment_Config)
    DMA_Memory_Address_Config                0x08000c17   Thumb Code     4  n32g430_dma.o(i.DMA_Memory_Address_Config)
    DMA_Memory_Data_Width_Config             0x08000c1b   Thumb Code    16  n32g430_dma.o(i.DMA_Memory_Data_Width_Config)
    DMA_Peripheral_Addr_Increment_Config     0x08000c2b   Thumb Code    16  n32g430_dma.o(i.DMA_Peripheral_Addr_Increment_Config)
    DMA_Peripheral_Address_Config            0x08000c3b   Thumb Code     4  n32g430_dma.o(i.DMA_Peripheral_Address_Config)
    DMA_Peripheral_Data_Width_Config         0x08000c3f   Thumb Code    16  n32g430_dma.o(i.DMA_Peripheral_Data_Width_Config)
    DMA_Priority_Config                      0x08000c4f   Thumb Code    16  n32g430_dma.o(i.DMA_Priority_Config)
    DMA_Reset                                0x08000c61   Thumb Code   164  n32g430_dma.o(i.DMA_Reset)
    DMA_Structure_Initializes                0x08000d09   Thumb Code    26  n32g430_dma.o(i.DMA_Structure_Initializes)
    Data_Limit                               0x08000d23   Thumb Code    28  datacalc.o(i.Data_Limit)
    DebugMon_Handler                         0x08000d3f   Thumb Code     2  n32g430_it.o(i.DebugMon_Handler)
    Delay_us                                 0x08000d41   Thumb Code    18  i2c_eeprom.o(i.Delay_us)
    EstFlux_Ctr                              0x08000d55   Thumb Code   268  foc.o(i.EstFlux_Ctr)
    Foc_Init                                 0x08000e65   Thumb Code   244  foc.o(i.Foc_Init)
    GPIO_Alternate_Set                       0x08000f6d   Thumb Code    46  n32g430_gpio.o(i.GPIO_Alternate_Set)
    GPIO_Config                              0x08000f9d   Thumb Code   214  bsp_config.o(i.GPIO_Config)
    GPIO_Driver_Set                          0x0800107d   Thumb Code    20  n32g430_gpio.o(i.GPIO_Driver_Set)
    GPIO_Mode_Set                            0x08001091   Thumb Code    58  n32g430_gpio.o(i.GPIO_Mode_Set)
    GPIO_PBC_Pins_Reset                      0x080010cb   Thumb Code     4  n32g430_gpio.o(i.GPIO_PBC_Pins_Reset)
    GPIO_Peripheral_Initialize               0x080010cf   Thumb Code    80  n32g430_gpio.o(i.GPIO_Peripheral_Initialize)
    GPIO_Pins_Reset                          0x0800111f   Thumb Code     4  n32g430_gpio.o(i.GPIO_Pins_Reset)
    GPIO_Pins_Set                            0x08001123   Thumb Code     4  n32g430_gpio.o(i.GPIO_Pins_Set)
    GPIO_Pull_Set                            0x08001127   Thumb Code    20  n32g430_gpio.o(i.GPIO_Pull_Set)
    GPIO_SlewRate_Set                        0x0800113b   Thumb Code    18  n32g430_gpio.o(i.GPIO_SlewRate_Set)
    GPIO_Structure_Initialize                0x0800114d   Thumb Code    22  n32g430_gpio.o(i.GPIO_Structure_Initialize)
    HardFault_Handler                        0x08001163   Thumb Code     2  n32g430_it.o(i.HardFault_Handler)
    I2C1_ER_IRQHandler                       0x08001165   Thumb Code   108  i2c_eeprom.o(i.I2C1_ER_IRQHandler)
    I2C1_EV_IRQHandler                       0x080011e1   Thumb Code   324  i2c_eeprom.o(i.I2C1_EV_IRQHandler)
    I2C_7bit_Addr_Send                       0x08001331   Thumb Code    18  n32g430_i2c.o(i.I2C_7bit_Addr_Send)
    I2C_Acknowledg_Disable                   0x08001343   Thumb Code    10  n32g430_i2c.o(i.I2C_Acknowledg_Disable)
    I2C_Acknowledgement_Config               0x0800134d   Thumb Code    12  n32g430_i2c.o(i.I2C_Acknowledgement_Config)
    I2C_Addressing_Mode_Config               0x08001359   Thumb Code    12  n32g430_i2c.o(i.I2C_Addressing_Mode_Config)
    I2C_Bus_Mode_Config                      0x08001365   Thumb Code    12  n32g430_i2c.o(i.I2C_Bus_Mode_Config)
    I2C_Clock_Speed_Config                   0x08001371   Thumb Code   198  n32g430_i2c.o(i.I2C_Clock_Speed_Config)
    I2C_Data_Recv                            0x08001445   Thumb Code     6  n32g430_i2c.o(i.I2C_Data_Recv)
    I2C_Data_Send                            0x0800144b   Thumb Code     4  n32g430_i2c.o(i.I2C_Data_Send)
    I2C_EE_Init                              0x08001451   Thumb Code    98  i2c_eeprom.o(i.I2C_EE_Init)
    I2C_Flag_Status_Clear                    0x080014c1   Thumb Code     6  n32g430_i2c.o(i.I2C_Flag_Status_Clear)
    I2C_Flag_Status_Get                      0x080014c7   Thumb Code    50  n32g430_i2c.o(i.I2C_Flag_Status_Get)
    I2C_Generate_Start_Enable                0x080014f9   Thumb Code    10  n32g430_i2c.o(i.I2C_Generate_Start_Enable)
    I2C_Generate_Stop_Enable                 0x08001503   Thumb Code    10  n32g430_i2c.o(i.I2C_Generate_Stop_Enable)
    I2C_Initializes                          0x0800150d   Thumb Code    52  n32g430_i2c.o(i.I2C_Initializes)
    I2C_Interrupts_Disable                   0x08001541   Thumb Code     8  n32g430_i2c.o(i.I2C_Interrupts_Disable)
    I2C_Last_Event_Get                       0x08001549   Thumb Code    14  n32g430_i2c.o(i.I2C_Last_Event_Get)
    I2C_Own_Addr1_Config                     0x08001557   Thumb Code    12  n32g430_i2c.o(i.I2C_Own_Addr1_Config)
    I2C_Reset                                0x08001565   Thumb Code    22  n32g430_i2c.o(i.I2C_Reset)
    IIC_RCCReset                             0x08001581   Thumb Code    60  i2c_eeprom.o(i.IIC_RCCReset)
    IIC_RestoreSlaveByClock                  0x080015c5   Thumb Code    74  i2c_eeprom.o(i.IIC_RestoreSlaveByClock)
    IIC_SWReset                              0x08001615   Thumb Code    98  i2c_eeprom.o(i.IIC_SWReset)
    Input_Channel1_Config                    0x08001685   Thumb Code    94  n32g430_tim.o(i.Input_Channel1_Config)
    Input_Channel2_Config                    0x080016f9   Thumb Code   100  n32g430_tim.o(i.Input_Channel2_Config)
    Input_Channel3_Config                    0x08001771   Thumb Code    98  n32g430_tim.o(i.Input_Channel3_Config)
    Input_Channel4_Config                    0x080017e9   Thumb Code   102  n32g430_tim.o(i.Input_Channel4_Config)
    LPF_Ctr                                  0x08001865   Thumb Code    38  lpf.o(i.LPF_Ctr)
    LimitedCircle_Voltage                    0x0800188d   Thumb Code   136  foc.o(i.LimitedCircle_Voltage)
    MemManage_Handler                        0x0800191d   Thumb Code     2  n32g430_it.o(i.MemManage_Handler)
    MotorStateMachine                        0x0800191f   Thumb Code   206  statemachine.o(i.MotorStateMachine)
    NMI_Handler                              0x080019ed   Thumb Code     2  n32g430_it.o(i.NMI_Handler)
    NVIC_Initializes                         0x080019f1   Thumb Code    96  misc.o(i.NVIC_Initializes)
    NVIC_Priority_Group_Set                  0x08001a55   Thumb Code    10  misc.o(i.NVIC_Priority_Group_Set)
    PID_Ctr                                  0x08001a69   Thumb Code    80  pi.o(i.PID_Ctr)
    PLL_TrimValueLoad                        0x08001ab9   Thumb Code    90  system_n32g430.o(i.PLL_TrimValueLoad)
    ParkTransform                            0x08001b29   Thumb Code    92  foc.o(i.ParkTransform)
    PhaseCurr_Get                            0x08001b8d   Thumb Code   132  foc.o(i.PhaseCurr_Get)
    RCC_ADC_1M_Clock_Config                  0x08001c15   Thumb Code    20  n32g430_rcc.o(i.RCC_ADC_1M_Clock_Config)
    RCC_ADC_Hclk_Config                      0x08001c2d   Thumb Code    14  n32g430_rcc.o(i.RCC_ADC_Hclk_Config)
    RCC_ADC_Hclk_Enable                      0x08001c41   Thumb Code    12  n32g430_rcc.o(i.RCC_ADC_Hclk_Enable)
    RCC_ADC_PLL_Clock_Disable                0x08001c51   Thumb Code    12  n32g430_rcc.o(i.RCC_ADC_PLL_Clock_Disable)
    RCC_ADC_PLL_Clock_Prescaler_Enable       0x08001c61   Thumb Code    14  n32g430_rcc.o(i.RCC_ADC_PLL_Clock_Prescaler_Enable)
    RCC_AHB_Peripheral_Clock_Enable          0x08001c75   Thumb Code    10  n32g430_rcc.o(i.RCC_AHB_Peripheral_Clock_Enable)
    RCC_AHB_Peripheral_Reset                 0x08001c85   Thumb Code    16  n32g430_rcc.o(i.RCC_AHB_Peripheral_Reset)
    RCC_APB1_Peripheral_Clock_Disable        0x08001c99   Thumb Code    10  n32g430_rcc.o(i.RCC_APB1_Peripheral_Clock_Disable)
    RCC_APB1_Peripheral_Clock_Enable         0x08001ca9   Thumb Code    10  n32g430_rcc.o(i.RCC_APB1_Peripheral_Clock_Enable)
    RCC_APB1_Peripheral_Reset                0x08001cb9   Thumb Code    16  n32g430_rcc.o(i.RCC_APB1_Peripheral_Reset)
    RCC_APB2_Peripheral_Clock_Enable         0x08001ccd   Thumb Code    10  n32g430_rcc.o(i.RCC_APB2_Peripheral_Clock_Enable)
    RCC_APB2_Peripheral_Reset                0x08001cdd   Thumb Code    16  n32g430_rcc.o(i.RCC_APB2_Peripheral_Reset)
    RCC_Clocks_Frequencies_Value_Get         0x08001cf1   Thumb Code   192  n32g430_rcc.o(i.RCC_Clocks_Frequencies_Value_Get)
    RCC_Configuration                        0x08001dc5   Thumb Code   108  bsp_config.o(i.RCC_Configuration)
    RCC_Pclk1_Config                         0x08001e31   Thumb Code    14  n32g430_rcc.o(i.RCC_Pclk1_Config)
    SVC_Handler                              0x08001e45   Thumb Code     2  n32g430_it.o(i.SVC_Handler)
    SpdLoop_Control                          0x08001e49   Thumb Code   192  loopcontrol.o(i.SpdLoop_Control)
    Svm_Ctr                                  0x08001f11   Thumb Code   506  svm.o(i.Svm_Ctr)
    SysTick_Handler                          0x0800211d   Thumb Code     4  n32g430_it.o(i.SysTick_Handler)
    System_Init                              0x08002221   Thumb Code    46  bsp_config.o(i.System_Init)
    System_Initializes                       0x08002251   Thumb Code   122  system_n32g430.o(i.System_Initializes)
    TIM1_BRK_IRQHandler                      0x080022e9   Thumb Code    38  n32g430_it.o(i.TIM1_BRK_IRQHandler)
    TIM1_CC_IRQHandler                       0x08002315   Thumb Code    30  n32g430_it.o(i.TIM1_CC_IRQHandler)
    TIM1_PWM_Init                            0x08002339   Thumb Code   378  bsp_tim.o(i.TIM1_PWM_Init)
    TIM2_IRQHandler                          0x080024c1   Thumb Code    30  n32g430_it.o(i.TIM2_IRQHandler)
    TIM4_Capture_Config                      0x080024e1   Thumb Code   242  bsp_tim.o(i.TIM4_Capture_Config)
    TIM4_IRQHandler                          0x080025e9   Thumb Code    30  n32g430_it.o(i.TIM4_IRQHandler)
    TIM6_1Khz_Init                           0x0800260d   Thumb Code   122  bsp_tim.o(i.TIM6_1Khz_Init)
    TIM6_IRQHandler                          0x08002691   Thumb Code    44  n32g430_it.o(i.TIM6_IRQHandler)
    TIM_Asymmetric_Enable                    0x080026cd   Thumb Code    10  n32g430_tim.o(i.TIM_Asymmetric_Enable)
    TIM_Base_Auto_Reload_Set                 0x080026d7   Thumb Code     4  n32g430_tim.o(i.TIM_Base_Auto_Reload_Set)
    TIM_Base_Center_Aligned_Mode_OC4_7_8_9_Trigger_Set 0x080026db   Thumb Code    12  n32g430_tim.o(i.TIM_Base_Center_Aligned_Mode_OC4_7_8_9_Trigger_Set)
    TIM_Base_Channel1                        0x080026e7   Thumb Code    24  n32g430_tim.o(i.TIM_Base_Channel1)
    TIM_Base_Channel2                        0x080026ff   Thumb Code    24  n32g430_tim.o(i.TIM_Base_Channel2)
    TIM_Base_Channel3                        0x08002717   Thumb Code    24  n32g430_tim.o(i.TIM_Base_Channel3)
    TIM_Base_Channel4                        0x0800272f   Thumb Code    24  n32g430_tim.o(i.TIM_Base_Channel4)
    TIM_Base_Count_Mode_Set                  0x08002747   Thumb Code    12  n32g430_tim.o(i.TIM_Base_Count_Mode_Set)
    TIM_Base_Initialize                      0x08002755   Thumb Code   154  n32g430_tim.o(i.TIM_Base_Initialize)
    TIM_Base_OCrefClear                      0x08002805   Thumb Code    24  n32g430_tim.o(i.TIM_Base_OCrefClear)
    TIM_Base_Prescaler_Set                   0x0800281d   Thumb Code     4  n32g430_tim.o(i.TIM_Base_Prescaler_Set)
    TIM_Base_Reload_Mode_Set                 0x08002821   Thumb Code     4  n32g430_tim.o(i.TIM_Base_Reload_Mode_Set)
    TIM_Base_Repeat_Count_Set                0x08002825   Thumb Code     4  n32g430_tim.o(i.TIM_Base_Repeat_Count_Set)
    TIM_Base_Struct_Initialize               0x08002829   Thumb Code    30  n32g430_tim.o(i.TIM_Base_Struct_Initialize)
    TIM_Break_And_Dead_Time_Set              0x08002847   Thumb Code   102  n32g430_tim.o(i.TIM_Break_And_Dead_Time_Set)
    TIM_Capture_Compare_Ch_Disable           0x080028ad   Thumb Code    12  n32g430_tim.o(i.TIM_Capture_Compare_Ch_Disable)
    TIM_Capture_Compare_Ch_Enable            0x080028b9   Thumb Code    12  n32g430_tim.o(i.TIM_Capture_Compare_Ch_Enable)
    TIM_Capture_Compare_Ch_N_Disable         0x080028c5   Thumb Code    12  n32g430_tim.o(i.TIM_Capture_Compare_Ch_N_Disable)
    TIM_Capture_Compare_Ch_N_Enable          0x080028d1   Thumb Code    12  n32g430_tim.o(i.TIM_Capture_Compare_Ch_N_Enable)
    TIM_Clock_Division_Set                   0x080028dd   Thumb Code    16  n32g430_tim.o(i.TIM_Clock_Division_Set)
    TIM_Compare1_D_Set                       0x080028ed   Thumb Code    12  n32g430_tim.o(i.TIM_Compare1_D_Set)
    TIM_Compare1_Set                         0x080028f9   Thumb Code    12  n32g430_tim.o(i.TIM_Compare1_Set)
    TIM_Compare2_D_Set                       0x08002905   Thumb Code    12  n32g430_tim.o(i.TIM_Compare2_D_Set)
    TIM_Compare2_Set                         0x08002911   Thumb Code    12  n32g430_tim.o(i.TIM_Compare2_Set)
    TIM_Compare3_D_Set                       0x0800291d   Thumb Code    12  n32g430_tim.o(i.TIM_Compare3_D_Set)
    TIM_Compare3_Set                         0x08002929   Thumb Code    12  n32g430_tim.o(i.TIM_Compare3_Set)
    TIM_Compare7_Set                         0x08002935   Thumb Code     6  n32g430_tim.o(i.TIM_Compare7_Set)
    TIM_Compare8_Set                         0x0800293b   Thumb Code     6  n32g430_tim.o(i.TIM_Compare8_Set)
    TIM_Compare9_Set                         0x08002941   Thumb Code     6  n32g430_tim.o(i.TIM_Compare9_Set)
    TIM_Dma_Enable                           0x08002947   Thumb Code     8  n32g430_tim.o(i.TIM_Dma_Enable)
    TIM_Flag_Status_Get                      0x0800294f   Thumb Code    14  n32g430_tim.o(i.TIM_Flag_Status_Get)
    TIM_IOM_Comp_Break                       0x0800295d   Thumb Code    24  n32g430_tim.o(i.TIM_IOM_Comp_Break)
    TIM_Input_Capture1_Prescaler_Set         0x08002975   Thumb Code    16  n32g430_tim.o(i.TIM_Input_Capture1_Prescaler_Set)
    TIM_Input_Capture2_Prescaler_Set         0x08002985   Thumb Code    24  n32g430_tim.o(i.TIM_Input_Capture2_Prescaler_Set)
    TIM_Input_Capture3_Prescaler_Set         0x0800299d   Thumb Code    18  n32g430_tim.o(i.TIM_Input_Capture3_Prescaler_Set)
    TIM_Input_Capture4_Prescaler_Set         0x080029af   Thumb Code    20  n32g430_tim.o(i.TIM_Input_Capture4_Prescaler_Set)
    TIM_Input_Channel_Initialize             0x080029c3   Thumb Code    98  n32g430_tim.o(i.TIM_Input_Channel_Initialize)
    TIM_Input_Struct_Initialize              0x08002a25   Thumb Code    14  n32g430_tim.o(i.TIM_Input_Struct_Initialize)
    TIM_Interrupt_Disable                    0x08002a33   Thumb Code     8  n32g430_tim.o(i.TIM_Interrupt_Disable)
    TIM_Interrupt_Enable                     0x08002a3b   Thumb Code     8  n32g430_tim.o(i.TIM_Interrupt_Enable)
    TIM_Interrupt_Status_Clear               0x08002a43   Thumb Code     6  n32g430_tim.o(i.TIM_Interrupt_Status_Clear)
    TIM_Interrupt_Status_Get                 0x08002a49   Thumb Code    22  n32g430_tim.o(i.TIM_Interrupt_Status_Get)
    TIM_Lock_Up_Break_Disable                0x08002a5f   Thumb Code    10  n32g430_tim.o(i.TIM_Lock_Up_Break_Disable)
    TIM_Lock_Up_Break_Enable                 0x08002a69   Thumb Code    10  n32g430_tim.o(i.TIM_Lock_Up_Break_Enable)
    TIM_OC7REF_Trigger_To_ADC_Enable         0x08002a73   Thumb Code    10  n32g430_tim.o(i.TIM_OC7REF_Trigger_To_ADC_Enable)
    TIM_OC8REF_Trigger_To_ADC_Enable         0x08002a7d   Thumb Code    10  n32g430_tim.o(i.TIM_OC8REF_Trigger_To_ADC_Enable)
    TIM_On                                   0x08002a87   Thumb Code    10  n32g430_tim.o(i.TIM_On)
    TIM_Output_Channel1_Initialize           0x08002a91   Thumb Code   132  n32g430_tim.o(i.TIM_Output_Channel1_Initialize)
    TIM_Output_Channel1_Preload_Set          0x08002b1d   Thumb Code    12  n32g430_tim.o(i.TIM_Output_Channel1_Preload_Set)
    TIM_Output_Channel2_Initialize           0x08002b29   Thumb Code   144  n32g430_tim.o(i.TIM_Output_Channel2_Initialize)
    TIM_Output_Channel2_Preload_Set          0x08002bc1   Thumb Code    20  n32g430_tim.o(i.TIM_Output_Channel2_Preload_Set)
    TIM_Output_Channel3_Initialize           0x08002bd5   Thumb Code   138  n32g430_tim.o(i.TIM_Output_Channel3_Initialize)
    TIM_Output_Channel3_Preload_Set          0x08002c69   Thumb Code    14  n32g430_tim.o(i.TIM_Output_Channel3_Preload_Set)
    TIM_Output_Channel7_Preload_Set          0x08002c77   Thumb Code    28  n32g430_tim.o(i.TIM_Output_Channel7_Preload_Set)
    TIM_Output_Channel8_Preload_Set          0x08002c93   Thumb Code    28  n32g430_tim.o(i.TIM_Output_Channel8_Preload_Set)
    TIM_Output_Channel_N_Polarity_Set        0x08002caf   Thumb Code    18  n32g430_tim.o(i.TIM_Output_Channel_N_Polarity_Set)
    TIM_Output_Channel_Polarity_Set          0x08002cc1   Thumb Code    18  n32g430_tim.o(i.TIM_Output_Channel_Polarity_Set)
    TIM_Output_Trigger_Select                0x08002cd5   Thumb Code    16  n32g430_tim.o(i.TIM_Output_Trigger_Select)
    TIM_PWM_Output_Disable                   0x08002ce9   Thumb Code    12  n32g430_tim.o(i.TIM_PWM_Output_Disable)
    TIM_PWM_Output_Enable                    0x08002cf5   Thumb Code    12  n32g430_tim.o(i.TIM_PWM_Output_Enable)
    TIM_Pvd_Break_Disable                    0x08002d01   Thumb Code    10  n32g430_tim.o(i.TIM_Pvd_Break_Disable)
    TIM_Pvd_Break_Enable                     0x08002d0b   Thumb Code    10  n32g430_tim.o(i.TIM_Pvd_Break_Enable)
    TIM_Reset                                0x08002d15   Thumb Code    86  n32g430_tim.o(i.TIM_Reset)
    TimerTick_State                          0x08002d85   Thumb Code    56  timer.o(i.TimerTick_State)
    Timer_Init                               0x08002dbd   Thumb Code    12  timer.o(i.Timer_Init)
    Timer_Start                              0x08002dc9   Thumb Code    14  timer.o(i.Timer_Start)
    Timer_State_Init                         0x08002dd9   Thumb Code    58  timer.o(i.Timer_State_Init)
    Timer_Tick                               0x08002e19   Thumb Code    34  timer.o(i.Timer_Tick)
    Timer_Timeout                            0x08002e3b   Thumb Code     4  timer.o(i.Timer_Timeout)
    TimingDelay_Decrement                    0x08002e41   Thumb Code    16  bsp_config.o(i.TimingDelay_Decrement)
    UsageFault_Handler                       0x08002e55   Thumb Code     2  n32g430_it.o(i.UsageFault_Handler)
    __scatterload_copy                       0x08002e57   Thumb Code    14  handlers.o(i.__scatterload_copy)
    __scatterload_null                       0x08002e65   Thumb Code     2  handlers.o(i.__scatterload_null)
    __scatterload_zeroinit                   0x08002e67   Thumb Code    14  handlers.o(i.__scatterload_zeroinit)
    iParkTransform                           0x08002e75   Thumb Code    92  foc.o(i.iParkTransform)
    main                                     0x08002ed9   Thumb Code    58  main.o(i.main)
    sEE_TIMEOUT_UserCallback                 0x08002f21   Thumb Code     4  i2c_eeprom.o(i.sEE_TIMEOUT_UserCallback)
    Table_Arctan                             0x08002f24   Data        2050  table.o(.constdata)
    Table_Sin                                0x08003726   Data        2560  table.o(.constdata)
    Table_Amp                                0x08004126   Data        2050  table.o(.constdata)
    Table_Sqrt                               0x08004928   Data         514  table.o(.constdata)
    Region$$Table$$Base                      0x08004b6c   Number         0  anon$$obj.o(Region$$Table)
    Region$$Table$$Limit                     0x08004b8c   Number         0  anon$$obj.o(Region$$Table)
    VoltValue_ADCReg                         0x20000000   Data           2  n32g430_it.o(.data)
    SampleCurr_1st                           0x20000002   Data           2  n32g430_it.o(.data)
    SampleCurr_2nd                           0x20000004   Data           2  n32g430_it.o(.data)
    Motor_Param                              0x20000008   Data          52  foc.o(.data)
    pTable_Cos                               0x20000048   Data           4  table.o(.data)
    MotorCtrl                                0x2000004c   Data           4  statemachine.o(.data)
    SystemClockFrequency                     0x20000050   Data           4  system_n32g430.o(.data)
    TimingDelay                              0x20000054   Data           4  bsp_config.o(.data)
    pwm_polarity                             0x20000058   Data           1  bsp_tim.o(.data)
    GPTIMClockFrequency                      0x2000005a   Data           2  bsp_tim.o(.data)
    TimerPeriod                              0x2000005c   Data           2  bsp_tim.o(.data)
    I2C_NumByteWritingNow                    0x20000063   Data           1  i2c_eeprom.o(.data)
    i2c_comm_state                           0x20000065   Data           1  i2c_eeprom.o(.data)
    I2C_NumByteToWrite                       0x20000068   Data           2  i2c_eeprom.o(.data)
    I2C_WriteAddr                            0x2000006a   Data           2  i2c_eeprom.o(.data)
    sEETimeout                               0x20000074   Data           4  i2c_eeprom.o(.data)
    I2C_pBuffer                              0x20000078   Data           4  i2c_eeprom.o(.data)
    Foc                                      0x20000084   Data          88  foc.o(.bss)
    Timer_State                              0x200000dc   Data          84  timer.o(.bss)
    Svm                                      0x20000130   Data          36  svm.o(.bss)
    LoopCtrl                                 0x20000154   Data         140  loopcontrol.o(.bss)
    TIM_Freq_buff                            0x200001e0   Data          12  bsp_tim.o(.bss)
    __initial_sp                             0x200015f0   Data           0  startup_n32g430.o(STACK)



==============================================================================

Memory Map of the image

  Image Entry point : 0x08000115

  Load Region LR_IROM1 (Base: 0x08000000, Size: 0x00004c10, Max: 0x00010000, ABSOLUTE)

    Execution Region ER_IROM1 (Exec base: 0x08000000, Load base: 0x08000000, Size: 0x00004b8c, Max: 0x00010000, ABSOLUTE)

    Exec Addr    Load Addr    Size         Type   Attr      Idx    E Section Name        Object

    0x08000000   0x08000000   0x00000114   Data   RO          704    RESET               startup_n32g430.o
    0x08000114   0x08000114   0x00000000   Code   RO         6621  * .ARM.Collect$$$$00000000  mc_w.l(entry.o)
    0x08000114   0x08000114   0x00000004   Code   RO         6626    .ARM.Collect$$$$00000001  mc_w.l(entry2.o)
    0x08000118   0x08000118   0x00000004   Code   RO         6629    .ARM.Collect$$$$00000004  mc_w.l(entry5.o)
    0x0800011c   0x0800011c   0x00000000   Code   RO         6631    .ARM.Collect$$$$00000008  mc_w.l(entry7b.o)
    0x0800011c   0x0800011c   0x00000000   Code   RO         6633    .ARM.Collect$$$$0000000A  mc_w.l(entry8b.o)
    0x0800011c   0x0800011c   0x00000008   Code   RO         6634    .ARM.Collect$$$$0000000B  mc_w.l(entry9a.o)
    0x08000124   0x08000124   0x00000000   Code   RO         6636    .ARM.Collect$$$$0000000D  mc_w.l(entry10a.o)
    0x08000124   0x08000124   0x00000000   Code   RO         6638    .ARM.Collect$$$$0000000F  mc_w.l(entry11a.o)
    0x08000124   0x08000124   0x00000004   Code   RO         6627    .ARM.Collect$$$$00002712  mc_w.l(entry2.o)
    0x08000128   0x08000128   0x00000188   Code   RO         6443    .RamFunc            bsp_tim.o
    0x080002b0   0x080002b0   0x00000024   Code   RO          705    .text               startup_n32g430.o
    0x080002d4   0x080002d4   0x00000024   Code   RO         6624    .text               mc_w.l(memseta.o)
    0x080002f8   0x080002f8   0x00000024   Code   RO         6640    .text               mc_w.l(init.o)
    0x0800031c   0x0800031c   0x00000010   Code   RO          766    i.ADC_AHB_Clock_Mode_Config  n32g430_adc.o
    0x0800032c   0x0800032c   0x0000003c   Code   RO          776    i.ADC_Calibration_Operation  n32g430_adc.o
    0x08000368   0x08000368   0x00000058   Code   RO          777    i.ADC_Channel_Sample_Time_Config  n32g430_adc.o
    0x080003c0   0x080003c0   0x0000002c   Code   RO          778    i.ADC_Clock_Mode_Config  n32g430_adc.o
    0x080003ec   0x080003ec   0x00000010   Code   RO          779    i.ADC_Continue_Conversion_Disable  n32g430_adc.o
    0x080003fc   0x080003fc   0x00000010   Code   RO          780    i.ADC_Continue_Conversion_Enable  n32g430_adc.o
    0x0800040c   0x0800040c   0x00000010   Code   RO          781    i.ADC_DMA_Transfer_Disable  n32g430_adc.o
    0x0800041c   0x0800041c   0x00000018   Code   RO          783    i.ADC_Data_Alignment_Config  n32g430_adc.o
    0x08000434   0x08000434   0x00000048   Code   RO          791    i.ADC_Discontinuous_Mode_Config  n32g430_adc.o
    0x0800047c   0x0800047c   0x00000048   Code   RO          792    i.ADC_External_Trigger_Conversion_Config  n32g430_adc.o
    0x080004c4   0x080004c4   0x00000010   Code   RO          793    i.ADC_Flag_Status_Clear  n32g430_adc.o
    0x080004d4   0x080004d4   0x0000002c   Code   RO          794    i.ADC_Flag_Status_Get  n32g430_adc.o
    0x08000500   0x08000500   0x00000010   Code   RO          795    i.ADC_INTFlag_Status_Clear  n32g430_adc.o
    0x08000510   0x08000510   0x00000014   Code   RO          796    i.ADC_INTFlag_Status_Get  n32g430_adc.o
    0x08000524   0x08000524   0x0000026c   Code   RO            4    i.ADC_IRQHandler    n32g430_it.o
    0x08000790   0x08000790   0x00000048   Code   RO          797    i.ADC_Initializes   n32g430_adc.o
    0x080007d8   0x080007d8   0x00000018   Code   RO          801    i.ADC_Injected_Channels_Number_Config  n32g430_adc.o
    0x080007f0   0x080007f0   0x00000010   Code   RO          804    i.ADC_Injected_Group_Autoconversion_Disable  n32g430_adc.o
    0x08000800   0x08000800   0x00000018   Code   RO          806    i.ADC_Injected_Group_Conversion_Data_Get  n32g430_adc.o
    0x08000818   0x08000818   0x00000018   Code   RO          807    i.ADC_Injected_Group_External_Trigger_Source_Config  n32g430_adc.o
    0x08000830   0x08000830   0x00000020   Code   RO          808    i.ADC_Injected_Sequence_Conversion_Number_Config  n32g430_adc.o
    0x08000850   0x08000850   0x00000020   Code   RO          810    i.ADC_Interrupts_Enable  n32g430_adc.o
    0x08000870   0x08000870   0x00000010   Code   RO          811    i.ADC_Multichannels_Disable  n32g430_adc.o
    0x08000880   0x08000880   0x00000010   Code   RO          812    i.ADC_Multichannels_Enable  n32g430_adc.o
    0x08000890   0x08000890   0x00000010   Code   RO          814    i.ADC_ON            n32g430_adc.o
    0x080008a0   0x080008a0   0x00000010   Code   RO          815    i.ADC_PLL_Clock_Mode_Config  n32g430_adc.o
    0x080008b0   0x080008b0   0x00000018   Code   RO          816    i.ADC_Regular_Channels_Number_Config  n32g430_adc.o
    0x080008c8   0x080008c8   0x00000040   Code   RO          817    i.ADC_Regular_Channels_Software_Conversion_Operation  n32g430_adc.o
    0x08000908   0x08000908   0x0000000c   Code   RO          818    i.ADC_Regular_Group_Conversion_Data_Get  n32g430_adc.o
    0x08000914   0x08000914   0x00000018   Code   RO          819    i.ADC_Regular_Group_External_Trigger_Source_Config  n32g430_adc.o
    0x0800092c   0x0800092c   0x00000060   Code   RO          820    i.ADC_Regular_Sequence_Conversion_Number_Config  n32g430_adc.o
    0x0800098c   0x0800098c   0x00000008   Code   RO          821    i.ADC_Reset         n32g430_adc.o
    0x08000994   0x08000994   0x000000ba   Code   RO         6291    i.Adc_Init          bsp_adc.o
    0x08000a4e   0x08000a4e   0x00000002   PAD
    0x08000a50   0x08000a50   0x00000098   Code   RO          390    i.AngleAmp_Get      datacalc.o
    0x08000ae8   0x08000ae8   0x00000018   Code   RO          317    i.Angle_Given       foc.o
    0x08000b00   0x08000b00   0x0000003c   Code   RO          391    i.BiasDetect        datacalc.o
    0x08000b3c   0x08000b3c   0x00000002   Code   RO            5    i.BusFault_Handler  n32g430_it.o
    0x08000b3e   0x08000b3e   0x00000024   Code   RO          318    i.ClarkeTransform   foc.o
    0x08000b62   0x08000b62   0x00000004   Code   RO         2020    i.DMA_Buffer_Size_Config  n32g430_dma.o
    0x08000b66   0x08000b66   0x0000000a   Code   RO         2022    i.DMA_Channel_Enable  n32g430_dma.o
    0x08000b70   0x08000b70   0x00000004   Code   RO         2023    i.DMA_Channel_Request_Remap  n32g430_dma.o
    0x08000b74   0x08000b74   0x00000010   Code   RO         2024    i.DMA_Circular_Mode_Config  n32g430_dma.o
    0x08000b84   0x08000b84   0x00000010   Code   RO         2027    i.DMA_Destination_Config  n32g430_dma.o
    0x08000b94   0x08000b94   0x00000062   Code   RO         2030    i.DMA_Initializes   n32g430_dma.o
    0x08000bf6   0x08000bf6   0x00000010   Code   RO         2035    i.DMA_Memory_2_Memory_Config  n32g430_dma.o
    0x08000c06   0x08000c06   0x00000010   Code   RO         2036    i.DMA_Memory_Addr_Increment_Config  n32g430_dma.o
    0x08000c16   0x08000c16   0x00000004   Code   RO         2037    i.DMA_Memory_Address_Config  n32g430_dma.o
    0x08000c1a   0x08000c1a   0x00000010   Code   RO         2038    i.DMA_Memory_Data_Width_Config  n32g430_dma.o
    0x08000c2a   0x08000c2a   0x00000010   Code   RO         2039    i.DMA_Peripheral_Addr_Increment_Config  n32g430_dma.o
    0x08000c3a   0x08000c3a   0x00000004   Code   RO         2040    i.DMA_Peripheral_Address_Config  n32g430_dma.o
    0x08000c3e   0x08000c3e   0x00000010   Code   RO         2041    i.DMA_Peripheral_Data_Width_Config  n32g430_dma.o
    0x08000c4e   0x08000c4e   0x00000010   Code   RO         2042    i.DMA_Priority_Config  n32g430_dma.o
    0x08000c5e   0x08000c5e   0x00000002   PAD
    0x08000c60   0x08000c60   0x000000a8   Code   RO         2043    i.DMA_Reset         n32g430_dma.o
    0x08000d08   0x08000d08   0x0000001a   Code   RO         2044    i.DMA_Structure_Initializes  n32g430_dma.o
    0x08000d22   0x08000d22   0x0000001c   Code   RO          392    i.Data_Limit        datacalc.o
    0x08000d3e   0x08000d3e   0x00000002   Code   RO            6    i.DebugMon_Handler  n32g430_it.o
    0x08000d40   0x08000d40   0x00000012   Code   RO         6499    i.Delay_us          i2c_eeprom.o
    0x08000d52   0x08000d52   0x00000002   PAD
    0x08000d54   0x08000d54   0x00000110   Code   RO          319    i.EstFlux_Ctr       foc.o
    0x08000e64   0x08000e64   0x00000108   Code   RO          320    i.Foc_Init          foc.o
    0x08000f6c   0x08000f6c   0x0000002e   Code   RO         2570    i.GPIO_Alternate_Set  n32g430_gpio.o
    0x08000f9a   0x08000f9a   0x00000002   PAD
    0x08000f9c   0x08000f9c   0x000000e0   Code   RO         6330    i.GPIO_Config       bsp_config.o
    0x0800107c   0x0800107c   0x00000014   Code   RO         2571    i.GPIO_Driver_Set   n32g430_gpio.o
    0x08001090   0x08001090   0x0000003a   Code   RO         2575    i.GPIO_Mode_Set     n32g430_gpio.o
    0x080010ca   0x080010ca   0x00000004   Code   RO         2578    i.GPIO_PBC_Pins_Reset  n32g430_gpio.o
    0x080010ce   0x080010ce   0x00000050   Code   RO         2580    i.GPIO_Peripheral_Initialize  n32g430_gpio.o
    0x0800111e   0x0800111e   0x00000004   Code   RO         2584    i.GPIO_Pins_Reset   n32g430_gpio.o
    0x08001122   0x08001122   0x00000004   Code   RO         2585    i.GPIO_Pins_Set     n32g430_gpio.o
    0x08001126   0x08001126   0x00000014   Code   RO         2586    i.GPIO_Pull_Set     n32g430_gpio.o
    0x0800113a   0x0800113a   0x00000012   Code   RO         2588    i.GPIO_SlewRate_Set  n32g430_gpio.o
    0x0800114c   0x0800114c   0x00000016   Code   RO         2589    i.GPIO_Structure_Initialize  n32g430_gpio.o
    0x08001162   0x08001162   0x00000002   Code   RO            7    i.HardFault_Handler  n32g430_it.o
    0x08001164   0x08001164   0x0000007c   Code   RO         6500    i.I2C1_ER_IRQHandler  i2c_eeprom.o
    0x080011e0   0x080011e0   0x00000150   Code   RO         6501    i.I2C1_EV_IRQHandler  i2c_eeprom.o
    0x08001330   0x08001330   0x00000012   Code   RO         2794    i.I2C_7bit_Addr_Send  n32g430_i2c.o
    0x08001342   0x08001342   0x0000000a   Code   RO         2797    i.I2C_Acknowledg_Disable  n32g430_i2c.o
    0x0800134c   0x0800134c   0x0000000c   Code   RO         2799    i.I2C_Acknowledgement_Config  n32g430_i2c.o
    0x08001358   0x08001358   0x0000000c   Code   RO         2800    i.I2C_Addressing_Mode_Config  n32g430_i2c.o
    0x08001364   0x08001364   0x0000000c   Code   RO         2801    i.I2C_Bus_Mode_Config  n32g430_i2c.o
    0x08001370   0x08001370   0x000000d4   Code   RO         2802    i.I2C_Clock_Speed_Config  n32g430_i2c.o
    0x08001444   0x08001444   0x00000006   Code   RO         2807    i.I2C_Data_Recv     n32g430_i2c.o
    0x0800144a   0x0800144a   0x00000004   Code   RO         2808    i.I2C_Data_Send     n32g430_i2c.o
    0x0800144e   0x0800144e   0x00000002   PAD
    0x08001450   0x08001450   0x00000070   Code   RO         6502    i.I2C_EE_Init       i2c_eeprom.o
    0x080014c0   0x080014c0   0x00000006   Code   RO         2815    i.I2C_Flag_Status_Clear  n32g430_i2c.o
    0x080014c6   0x080014c6   0x00000032   Code   RO         2816    i.I2C_Flag_Status_Get  n32g430_i2c.o
    0x080014f8   0x080014f8   0x0000000a   Code   RO         2820    i.I2C_Generate_Start_Enable  n32g430_i2c.o
    0x08001502   0x08001502   0x0000000a   Code   RO         2822    i.I2C_Generate_Stop_Enable  n32g430_i2c.o
    0x0800150c   0x0800150c   0x00000034   Code   RO         2823    i.I2C_Initializes   n32g430_i2c.o
    0x08001540   0x08001540   0x00000008   Code   RO         2827    i.I2C_Interrupts_Disable  n32g430_i2c.o
    0x08001548   0x08001548   0x0000000e   Code   RO         2829    i.I2C_Last_Event_Get  n32g430_i2c.o
    0x08001556   0x08001556   0x0000000c   Code   RO         2833    i.I2C_Own_Addr1_Config  n32g430_i2c.o
    0x08001562   0x08001562   0x00000002   PAD
    0x08001564   0x08001564   0x0000001c   Code   RO         2842    i.I2C_Reset         n32g430_i2c.o
    0x08001580   0x08001580   0x00000044   Code   RO         6510    i.IIC_RCCReset      i2c_eeprom.o
    0x080015c4   0x080015c4   0x00000050   Code   RO         6511    i.IIC_RestoreSlaveByClock  i2c_eeprom.o
    0x08001614   0x08001614   0x00000070   Code   RO         6512    i.IIC_SWReset       i2c_eeprom.o
    0x08001684   0x08001684   0x00000074   Code   RO         4761    i.Input_Channel1_Config  n32g430_tim.o
    0x080016f8   0x080016f8   0x00000078   Code   RO         4762    i.Input_Channel2_Config  n32g430_tim.o
    0x08001770   0x08001770   0x00000078   Code   RO         4763    i.Input_Channel3_Config  n32g430_tim.o
    0x080017e8   0x080017e8   0x0000007c   Code   RO         4764    i.Input_Channel4_Config  n32g430_tim.o
    0x08001864   0x08001864   0x00000026   Code   RO          428    i.LPF_Ctr           lpf.o
    0x0800188a   0x0800188a   0x00000002   PAD
    0x0800188c   0x0800188c   0x00000090   Code   RO          321    i.LimitedCircle_Voltage  foc.o
    0x0800191c   0x0800191c   0x00000002   Code   RO            8    i.MemManage_Handler  n32g430_it.o
    0x0800191e   0x0800191e   0x000000ce   Code   RO          597    i.MotorStateMachine  statemachine.o
    0x080019ec   0x080019ec   0x00000002   Code   RO            9    i.NMI_Handler       n32g430_it.o
    0x080019ee   0x080019ee   0x00000002   PAD
    0x080019f0   0x080019f0   0x00000064   Code   RO          712    i.NVIC_Initializes  misc.o
    0x08001a54   0x08001a54   0x00000014   Code   RO          713    i.NVIC_Priority_Group_Set  misc.o
    0x08001a68   0x08001a68   0x00000050   Code   RO          542    i.PID_Ctr           pi.o
    0x08001ab8   0x08001ab8   0x00000070   Code   RO          657    i.PLL_TrimValueLoad  system_n32g430.o
    0x08001b28   0x08001b28   0x00000064   Code   RO          322    i.ParkTransform     foc.o
    0x08001b8c   0x08001b8c   0x00000088   Code   RO          323    i.PhaseCurr_Get     foc.o
    0x08001c14   0x08001c14   0x00000018   Code   RO         3673    i.RCC_ADC_1M_Clock_Config  n32g430_rcc.o
    0x08001c2c   0x08001c2c   0x00000014   Code   RO         3674    i.RCC_ADC_Hclk_Config  n32g430_rcc.o
    0x08001c40   0x08001c40   0x00000010   Code   RO         3676    i.RCC_ADC_Hclk_Enable  n32g430_rcc.o
    0x08001c50   0x08001c50   0x00000010   Code   RO         3677    i.RCC_ADC_PLL_Clock_Disable  n32g430_rcc.o
    0x08001c60   0x08001c60   0x00000014   Code   RO         3678    i.RCC_ADC_PLL_Clock_Prescaler_Enable  n32g430_rcc.o
    0x08001c74   0x08001c74   0x00000010   Code   RO         3680    i.RCC_AHB_Peripheral_Clock_Enable  n32g430_rcc.o
    0x08001c84   0x08001c84   0x00000014   Code   RO         3681    i.RCC_AHB_Peripheral_Reset  n32g430_rcc.o
    0x08001c98   0x08001c98   0x00000010   Code   RO         3682    i.RCC_APB1_Peripheral_Clock_Disable  n32g430_rcc.o
    0x08001ca8   0x08001ca8   0x00000010   Code   RO         3683    i.RCC_APB1_Peripheral_Clock_Enable  n32g430_rcc.o
    0x08001cb8   0x08001cb8   0x00000014   Code   RO         3684    i.RCC_APB1_Peripheral_Reset  n32g430_rcc.o
    0x08001ccc   0x08001ccc   0x00000010   Code   RO         3686    i.RCC_APB2_Peripheral_Clock_Enable  n32g430_rcc.o
    0x08001cdc   0x08001cdc   0x00000014   Code   RO         3687    i.RCC_APB2_Peripheral_Reset  n32g430_rcc.o
    0x08001cf0   0x08001cf0   0x000000d4   Code   RO         3691    i.RCC_Clocks_Frequencies_Value_Get  n32g430_rcc.o
    0x08001dc4   0x08001dc4   0x0000006c   Code   RO         6333    i.RCC_Configuration  bsp_config.o
    0x08001e30   0x08001e30   0x00000014   Code   RO         3722    i.RCC_Pclk1_Config  n32g430_rcc.o
    0x08001e44   0x08001e44   0x00000002   Code   RO           10    i.SVC_Handler       n32g430_it.o
    0x08001e46   0x08001e46   0x00000002   PAD
    0x08001e48   0x08001e48   0x000000c8   Code   RO          627    i.SpdLoop_Control   loopcontrol.o
    0x08001f10   0x08001f10   0x0000020c   Code   RO          566    i.Svm_Ctr           svm.o
    0x0800211c   0x0800211c   0x00000004   Code   RO           11    i.SysTick_Handler   n32g430_it.o
    0x08002120   0x08002120   0x00000100   Code   RO          659    i.System_Clock_Set  system_n32g430.o
    0x08002220   0x08002220   0x0000002e   Code   RO         6335    i.System_Init       bsp_config.o
    0x0800224e   0x0800224e   0x00000002   PAD
    0x08002250   0x08002250   0x00000098   Code   RO          660    i.System_Initializes  system_n32g430.o
    0x080022e8   0x080022e8   0x0000002c   Code   RO           12    i.TIM1_BRK_IRQHandler  n32g430_it.o
    0x08002314   0x08002314   0x00000024   Code   RO           13    i.TIM1_CC_IRQHandler  n32g430_it.o
    0x08002338   0x08002338   0x00000188   Code   RO         6444    i.TIM1_PWM_Init     bsp_tim.o
    0x080024c0   0x080024c0   0x0000001e   Code   RO           14    i.TIM2_IRQHandler   n32g430_it.o
    0x080024de   0x080024de   0x00000002   PAD
    0x080024e0   0x080024e0   0x00000108   Code   RO         6445    i.TIM4_Capture_Config  bsp_tim.o
    0x080025e8   0x080025e8   0x00000024   Code   RO           15    i.TIM4_IRQHandler   n32g430_it.o
    0x0800260c   0x0800260c   0x00000084   Code   RO         6447    i.TIM6_1Khz_Init    bsp_tim.o
    0x08002690   0x08002690   0x0000003c   Code   RO           16    i.TIM6_IRQHandler   n32g430_it.o
    0x080026cc   0x080026cc   0x0000000a   Code   RO         4766    i.TIM_Asymmetric_Enable  n32g430_tim.o
    0x080026d6   0x080026d6   0x00000004   Code   RO         4770    i.TIM_Base_Auto_Reload_Set  n32g430_tim.o
    0x080026da   0x080026da   0x0000000c   Code   RO         4771    i.TIM_Base_Center_Aligned_Mode_OC4_7_8_9_Trigger_Set  n32g430_tim.o
    0x080026e6   0x080026e6   0x00000018   Code   RO         4772    i.TIM_Base_Channel1  n32g430_tim.o
    0x080026fe   0x080026fe   0x00000018   Code   RO         4773    i.TIM_Base_Channel2  n32g430_tim.o
    0x08002716   0x08002716   0x00000018   Code   RO         4774    i.TIM_Base_Channel3  n32g430_tim.o
    0x0800272e   0x0800272e   0x00000018   Code   RO         4775    i.TIM_Base_Channel4  n32g430_tim.o
    0x08002746   0x08002746   0x0000000c   Code   RO         4777    i.TIM_Base_Count_Mode_Set  n32g430_tim.o
    0x08002752   0x08002752   0x00000002   PAD
    0x08002754   0x08002754   0x000000b0   Code   RO         4779    i.TIM_Base_Initialize  n32g430_tim.o
    0x08002804   0x08002804   0x00000018   Code   RO         4780    i.TIM_Base_OCrefClear  n32g430_tim.o
    0x0800281c   0x0800281c   0x00000004   Code   RO         4782    i.TIM_Base_Prescaler_Set  n32g430_tim.o
    0x08002820   0x08002820   0x00000004   Code   RO         4783    i.TIM_Base_Reload_Mode_Set  n32g430_tim.o
    0x08002824   0x08002824   0x00000004   Code   RO         4784    i.TIM_Base_Repeat_Count_Set  n32g430_tim.o
    0x08002828   0x08002828   0x0000001e   Code   RO         4785    i.TIM_Base_Struct_Initialize  n32g430_tim.o
    0x08002846   0x08002846   0x00000066   Code   RO         4786    i.TIM_Break_And_Dead_Time_Set  n32g430_tim.o
    0x080028ac   0x080028ac   0x0000000c   Code   RO         4792    i.TIM_Capture_Compare_Ch_Disable  n32g430_tim.o
    0x080028b8   0x080028b8   0x0000000c   Code   RO         4793    i.TIM_Capture_Compare_Ch_Enable  n32g430_tim.o
    0x080028c4   0x080028c4   0x0000000c   Code   RO         4794    i.TIM_Capture_Compare_Ch_N_Disable  n32g430_tim.o
    0x080028d0   0x080028d0   0x0000000c   Code   RO         4795    i.TIM_Capture_Compare_Ch_N_Enable  n32g430_tim.o
    0x080028dc   0x080028dc   0x00000010   Code   RO         4810    i.TIM_Clock_Division_Set  n32g430_tim.o
    0x080028ec   0x080028ec   0x0000000c   Code   RO         4813    i.TIM_Compare1_D_Set  n32g430_tim.o
    0x080028f8   0x080028f8   0x0000000c   Code   RO         4814    i.TIM_Compare1_Set  n32g430_tim.o
    0x08002904   0x08002904   0x0000000c   Code   RO         4815    i.TIM_Compare2_D_Set  n32g430_tim.o
    0x08002910   0x08002910   0x0000000c   Code   RO         4816    i.TIM_Compare2_Set  n32g430_tim.o
    0x0800291c   0x0800291c   0x0000000c   Code   RO         4817    i.TIM_Compare3_D_Set  n32g430_tim.o
    0x08002928   0x08002928   0x0000000c   Code   RO         4818    i.TIM_Compare3_Set  n32g430_tim.o
    0x08002934   0x08002934   0x00000006   Code   RO         4823    i.TIM_Compare7_Set  n32g430_tim.o
    0x0800293a   0x0800293a   0x00000006   Code   RO         4824    i.TIM_Compare8_Set  n32g430_tim.o
    0x08002940   0x08002940   0x00000006   Code   RO         4825    i.TIM_Compare9_Set  n32g430_tim.o
    0x08002946   0x08002946   0x00000008   Code   RO         4841    i.TIM_Dma_Enable    n32g430_tim.o
    0x0800294e   0x0800294e   0x0000000e   Code   RO         4850    i.TIM_Flag_Status_Get  n32g430_tim.o
    0x0800295c   0x0800295c   0x00000018   Code   RO         4859    i.TIM_IOM_Comp_Break  n32g430_tim.o
    0x08002974   0x08002974   0x00000010   Code   RO         4860    i.TIM_Input_Capture1_Prescaler_Set  n32g430_tim.o
    0x08002984   0x08002984   0x00000018   Code   RO         4861    i.TIM_Input_Capture2_Prescaler_Set  n32g430_tim.o
    0x0800299c   0x0800299c   0x00000012   Code   RO         4862    i.TIM_Input_Capture3_Prescaler_Set  n32g430_tim.o
    0x080029ae   0x080029ae   0x00000014   Code   RO         4863    i.TIM_Input_Capture4_Prescaler_Set  n32g430_tim.o
    0x080029c2   0x080029c2   0x00000062   Code   RO         4864    i.TIM_Input_Channel_Initialize  n32g430_tim.o
    0x08002a24   0x08002a24   0x0000000e   Code   RO         4865    i.TIM_Input_Struct_Initialize  n32g430_tim.o
    0x08002a32   0x08002a32   0x00000008   Code   RO         4868    i.TIM_Interrupt_Disable  n32g430_tim.o
    0x08002a3a   0x08002a3a   0x00000008   Code   RO         4869    i.TIM_Interrupt_Enable  n32g430_tim.o
    0x08002a42   0x08002a42   0x00000006   Code   RO         4870    i.TIM_Interrupt_Status_Clear  n32g430_tim.o
    0x08002a48   0x08002a48   0x00000016   Code   RO         4871    i.TIM_Interrupt_Status_Get  n32g430_tim.o
    0x08002a5e   0x08002a5e   0x0000000a   Code   RO         4872    i.TIM_Lock_Up_Break_Disable  n32g430_tim.o
    0x08002a68   0x08002a68   0x0000000a   Code   RO         4873    i.TIM_Lock_Up_Break_Enable  n32g430_tim.o
    0x08002a72   0x08002a72   0x0000000a   Code   RO         4878    i.TIM_OC7REF_Trigger_To_ADC_Enable  n32g430_tim.o
    0x08002a7c   0x08002a7c   0x0000000a   Code   RO         4880    i.TIM_OC8REF_Trigger_To_ADC_Enable  n32g430_tim.o
    0x08002a86   0x08002a86   0x0000000a   Code   RO         4884    i.TIM_On            n32g430_tim.o
    0x08002a90   0x08002a90   0x0000008c   Code   RO         4887    i.TIM_Output_Channel1_Initialize  n32g430_tim.o
    0x08002b1c   0x08002b1c   0x0000000c   Code   RO         4888    i.TIM_Output_Channel1_Preload_Set  n32g430_tim.o
    0x08002b28   0x08002b28   0x00000098   Code   RO         4891    i.TIM_Output_Channel2_Initialize  n32g430_tim.o
    0x08002bc0   0x08002bc0   0x00000014   Code   RO         4892    i.TIM_Output_Channel2_Preload_Set  n32g430_tim.o
    0x08002bd4   0x08002bd4   0x00000094   Code   RO         4895    i.TIM_Output_Channel3_Initialize  n32g430_tim.o
    0x08002c68   0x08002c68   0x0000000e   Code   RO         4896    i.TIM_Output_Channel3_Preload_Set  n32g430_tim.o
    0x08002c76   0x08002c76   0x0000001c   Code   RO         4910    i.TIM_Output_Channel7_Preload_Set  n32g430_tim.o
    0x08002c92   0x08002c92   0x0000001c   Code   RO         4911    i.TIM_Output_Channel8_Preload_Set  n32g430_tim.o
    0x08002cae   0x08002cae   0x00000012   Code   RO         4914    i.TIM_Output_Channel_N_Polarity_Set  n32g430_tim.o
    0x08002cc0   0x08002cc0   0x00000012   Code   RO         4915    i.TIM_Output_Channel_Polarity_Set  n32g430_tim.o
    0x08002cd2   0x08002cd2   0x00000002   PAD
    0x08002cd4   0x08002cd4   0x00000014   Code   RO         4917    i.TIM_Output_Trigger_Select  n32g430_tim.o
    0x08002ce8   0x08002ce8   0x0000000c   Code   RO         4919    i.TIM_PWM_Output_Disable  n32g430_tim.o
    0x08002cf4   0x08002cf4   0x0000000c   Code   RO         4920    i.TIM_PWM_Output_Enable  n32g430_tim.o
    0x08002d00   0x08002d00   0x0000000a   Code   RO         4921    i.TIM_Pvd_Break_Disable  n32g430_tim.o
    0x08002d0a   0x08002d0a   0x0000000a   Code   RO         4922    i.TIM_Pvd_Break_Enable  n32g430_tim.o
    0x08002d14   0x08002d14   0x00000070   Code   RO         4923    i.TIM_Reset         n32g430_tim.o
    0x08002d84   0x08002d84   0x00000038   Code   RO          481    i.TimerTick_State   timer.o
    0x08002dbc   0x08002dbc   0x0000000c   Code   RO          482    i.Timer_Init        timer.o
    0x08002dc8   0x08002dc8   0x0000000e   Code   RO          483    i.Timer_Start       timer.o
    0x08002dd6   0x08002dd6   0x00000002   PAD
    0x08002dd8   0x08002dd8   0x00000040   Code   RO          484    i.Timer_State_Init  timer.o
    0x08002e18   0x08002e18   0x00000022   Code   RO          485    i.Timer_Tick        timer.o
    0x08002e3a   0x08002e3a   0x00000004   Code   RO          486    i.Timer_Timeout     timer.o
    0x08002e3e   0x08002e3e   0x00000002   PAD
    0x08002e40   0x08002e40   0x00000014   Code   RO         6336    i.TimingDelay_Decrement  bsp_config.o
    0x08002e54   0x08002e54   0x00000002   Code   RO           17    i.UsageFault_Handler  n32g430_it.o
    0x08002e56   0x08002e56   0x0000000e   Code   RO         6644    i.__scatterload_copy  mc_w.l(handlers.o)
    0x08002e64   0x08002e64   0x00000002   Code   RO         6645    i.__scatterload_null  mc_w.l(handlers.o)
    0x08002e66   0x08002e66   0x0000000e   Code   RO         6646    i.__scatterload_zeroinit  mc_w.l(handlers.o)
    0x08002e74   0x08002e74   0x00000064   Code   RO          324    i.iParkTransform    foc.o
    0x08002ed8   0x08002ed8   0x00000048   Code   RO          257    i.main              main.o
    0x08002f20   0x08002f20   0x00000004   Code   RO         6514    i.sEE_TIMEOUT_UserCallback  i2c_eeprom.o
    0x08002f24   0x08002f24   0x00000802   Data   RO          452    .constdata          table.o
    0x08003726   0x08003726   0x00000a00   Data   RO          453    .constdata          table.o
    0x08004126   0x08004126   0x00000802   Data   RO          454    .constdata          table.o
    0x08004928   0x08004928   0x00000202   Data   RO          456    .constdata          table.o
    0x08004b2a   0x08004b2a   0x00000040   Data   RO         3732    .constdata          n32g430_rcc.o
    0x08004b6a   0x08004b6a   0x00000002   PAD
    0x08004b6c   0x08004b6c   0x00000020   Data   RO         6642    Region$$Table       anon$$obj.o


    Execution Region RW_IRAM1 (Exec base: 0x20000000, Load base: 0x08004b8c, Size: 0x000015f0, Max: 0x00004000, ABSOLUTE)

    Exec Addr    Load Addr    Size         Type   Attr      Idx    E Section Name        Object

    0x20000000   0x08004b8c   0x00000006   Data   RW           22    .data               n32g430_it.o
    0x20000006   0x08004b92   0x00000002   PAD
    0x20000008   0x08004b94   0x00000034   Data   RW          326    .data               foc.o
    0x2000003c   0x08004bc8   0x0000000c   Data   RW          393    .data               datacalc.o
    0x20000048   0x08004bd4   0x00000004   Data   RW          457    .data               table.o
    0x2000004c   0x08004bd8   0x00000004   Data   RW          598    .data               statemachine.o
    0x20000050   0x08004bdc   0x00000004   Data   RW          662    .data               system_n32g430.o
    0x20000054   0x08004be0   0x00000004   Data   RW         6337    .data               bsp_config.o
    0x20000058   0x08004be4   0x00000006   Data   RW         6449    .data               bsp_tim.o
    0x2000005e   0x08004bea   0x00000002   PAD
    0x20000060   0x08004bec   0x00000024   Data   RW         6515    .data               i2c_eeprom.o
    0x20000084        -       0x00000058   Zero   RW          325    .bss                foc.o
    0x200000dc        -       0x00000054   Zero   RW          487    .bss                timer.o
    0x20000130        -       0x00000024   Zero   RW          567    .bss                svm.o
    0x20000154        -       0x0000008c   Zero   RW          628    .bss                loopcontrol.o
    0x200001e0        -       0x0000000c   Zero   RW         6448    .bss                bsp_tim.o
    0x200001ec   0x08004c10   0x00000004   PAD
    0x200001f0        -       0x00001400   Zero   RW          702    STACK               startup_n32g430.o


==============================================================================

Image component sizes


      Code (inc. data)   RO Data    RW Data    ZI Data      Debug   Object Name

       186          0          0          0          0        695   bsp_adc.o
       398         14          0          4          0       3086   bsp_config.o
      1180         62          0          6         12       5002   bsp_tim.o
       240         22          0         12          0       2841   datacalc.o
      1076         58          0         52         88       7860   foc.o
       854         70          0         36          0       6528   i2c_eeprom.o
       200          8          0          0        140       2249   loopcontrol.o
        38          0          0          0          0       1038   lpf.o
        72         14          0          0          0       1507   main.o
       120         14          0          0          0       1973   misc.o
      1036        144          0          0          0      34853   n32g430_adc.o
       446          4          0          0          0      11251   n32g430_dma.o
       276          0          0          0          0       7768   n32g430_gpio.o
       476         20          0          0          0      12391   n32g430_i2c.o
       844         76          0          6          0     323875   n32g430_it.o
       452         86         64          0          0      10220   n32g430_rcc.o
      2196        164          0          0          0      48214   n32g430_tim.o
        80          0          0          0          0       1230   pi.o
        36          8        276          0       5120        896   startup_n32g430.o
       206         10          0          4          0       2032   statemachine.o
       524         24          0          0         36       3078   svm.o
       520         80          0          4          0       3382   system_n32g430.o
         0          0       7174          4          0        897   table.o
       184          6          0          0         84       4601   timer.o

    ----------------------------------------------------------------------
     11670        884       7548        132       5484     497467   Object Totals
         0          0         32          0          0          0   (incl. Generated)
        30          0          2          4          4          0   (incl. Padding)

    ----------------------------------------------------------------------

      Code (inc. data)   RO Data    RW Data    ZI Data      Debug   Library Member Name

         0          0          0          0          0          0   entry.o
         0          0          0          0          0          0   entry10a.o
         0          0          0          0          0          0   entry11a.o
         8          4          0          0          0          0   entry2.o
         4          0          0          0          0          0   entry5.o
         0          0          0          0          0          0   entry7b.o
         0          0          0          0          0          0   entry8b.o
         8          4          0          0          0          0   entry9a.o
        30          0          0          0          0          0   handlers.o
        36          8          0          0          0         68   init.o
        36          0          0          0          0        108   memseta.o

    ----------------------------------------------------------------------
       122         16          0          0          0        176   Library Totals
         0          0          0          0          0          0   (incl. Padding)

    ----------------------------------------------------------------------

      Code (inc. data)   RO Data    RW Data    ZI Data      Debug   Library Name

       122         16          0          0          0        176   mc_w.l

    ----------------------------------------------------------------------
       122         16          0          0          0        176   Library Totals

    ----------------------------------------------------------------------

==============================================================================


      Code (inc. data)   RO Data    RW Data    ZI Data      Debug   

     11792        900       7548        132       5484     477147   Grand Totals
     11792        900       7548        132       5484     477147   ELF Image Totals
     11792        900       7548        132          0          0   ROM Totals

==============================================================================

    Total RO  Size (Code + RO Data)                19340 (  18.89kB)
    Total RW  Size (RW Data + ZI Data)              5616 (   5.48kB)
    Total ROM Size (Code + RO Data + RW Data)      19472 (  19.02kB)

==============================================================================

