Component: ARM Compiler 5.06 update 6 (build 750) Tool: armlink [4d35ed]

==============================================================================

Section Cross References

    main.o(i.main) refers to bsp_config.o(i.System_Init) for System_Init
    n32g430_it.o(i.ADC_IRQHandler) refers to n32g430_adc.o(i.ADC_INTFlag_Status_Get) for ADC_INTFlag_Status_Get
    n32g430_it.o(i.ADC_IRQHandler) refers to n32g430_adc.o(i.ADC_INTFlag_Status_Clear) for ADC_INTFlag_Status_Clear
    n32g430_it.o(i.ADC_IRQHandler) refers to n32g430_adc.o(i.ADC_Injected_Group_Conversion_Data_Get) for ADC_Injected_Group_Conversion_Data_Get
    n32g430_it.o(i.ADC_IRQHandler) refers to n32g430_it.o(.data) for .data
    n32g430_it.o(i.ADC_IRQHandler) refers to foc.o(.bss) for FOC
    n32g430_it.o(i.SysTick_Handler) refers to bsp_config.o(i.TimingDelay_Decrement) for TimingDelay_Decrement
    n32g430_it.o(i.TIM1_BRK_IRQHandler) refers to n32g430_tim.o(i.TIM_Interrupt_Status_Get) for TIM_Interrupt_Status_Get
    n32g430_it.o(i.TIM1_BRK_IRQHandler) refers to n32g430_tim.o(i.TIM_Interrupt_Disable) for TIM_Interrupt_Disable
    n32g430_it.o(i.TIM1_BRK_IRQHandler) refers to n32g430_tim.o(i.TIM_Interrupt_Status_Clear) for TIM_Interrupt_Status_Clear
    n32g430_it.o(i.TIM1_CC_IRQHandler) refers to n32g430_tim.o(i.TIM_Flag_Status_Get) for TIM_Flag_Status_Get
    n32g430_it.o(i.TIM1_CC_IRQHandler) refers to n32g430_tim.o(i.TIM_Interrupt_Status_Clear) for TIM_Interrupt_Status_Clear
    n32g430_it.o(i.TIM2_IRQHandler) refers to n32g430_tim.o(i.TIM_Flag_Status_Get) for TIM_Flag_Status_Get
    n32g430_it.o(i.TIM2_IRQHandler) refers to n32g430_tim.o(i.TIM_Interrupt_Status_Clear) for TIM_Interrupt_Status_Clear
    n32g430_it.o(i.TIM4_IRQHandler) refers to n32g430_tim.o(i.TIM_Interrupt_Status_Get) for TIM_Interrupt_Status_Get
    n32g430_it.o(i.TIM4_IRQHandler) refers to n32g430_tim.o(i.TIM_Interrupt_Status_Clear) for TIM_Interrupt_Status_Clear
    n32g430_it.o(i.TIM6_IRQHandler) refers to n32g430_tim.o(i.TIM_Interrupt_Status_Get) for TIM_Interrupt_Status_Get
    n32g430_it.o(i.TIM6_IRQHandler) refers to n32g430_tim.o(i.TIM_Interrupt_Status_Clear) for TIM_Interrupt_Status_Clear
    n32g430_it.o(i.TIM6_IRQHandler) refers to n32g430_adc.o(i.ADC_Regular_Channels_Software_Conversion_Operation) for ADC_Regular_Channels_Software_Conversion_Operation
    n32g430_it.o(i.TIM6_IRQHandler) refers to n32g430_adc.o(i.ADC_Flag_Status_Get) for ADC_Flag_Status_Get
    n32g430_it.o(i.TIM6_IRQHandler) refers to n32g430_adc.o(i.ADC_Flag_Status_Clear) for ADC_Flag_Status_Clear
    n32g430_it.o(i.TIM6_IRQHandler) refers to n32g430_adc.o(i.ADC_Regular_Group_Conversion_Data_Get) for ADC_Regular_Group_Conversion_Data_Get
    n32g430_it.o(i.TIM6_IRQHandler) refers to bsp_config.o(.data) for VoltValue_ADCReg
    foc.o(i.Foc_Init) refers to foc.o(.bss) for .bss
    system_n32g430.o(i.System_Clock_Frequency_Update) refers to system_n32g430.o(.data) for .data
    system_n32g430.o(i.System_Clock_Frequency_Update) refers to system_n32g430.o(.constdata) for .constdata
    system_n32g430.o(i.System_Clock_Set) refers to system_n32g430.o(i.PLL_TrimValueLoad) for PLL_TrimValueLoad
    system_n32g430.o(i.System_Clock_Set) refers to system_n32g430.o(.data) for .data
    system_n32g430.o(i.System_Initializes) refers to system_n32g430.o(i.System_Clock_Set) for System_Clock_Set
    startup_n32g430.o(RESET) refers to startup_n32g430.o(STACK) for __initial_sp
    startup_n32g430.o(RESET) refers to startup_n32g430.o(.text) for Reset_Handler
    startup_n32g430.o(RESET) refers to n32g430_it.o(i.NMI_Handler) for NMI_Handler
    startup_n32g430.o(RESET) refers to n32g430_it.o(i.HardFault_Handler) for HardFault_Handler
    startup_n32g430.o(RESET) refers to n32g430_it.o(i.MemManage_Handler) for MemManage_Handler
    startup_n32g430.o(RESET) refers to n32g430_it.o(i.BusFault_Handler) for BusFault_Handler
    startup_n32g430.o(RESET) refers to n32g430_it.o(i.UsageFault_Handler) for UsageFault_Handler
    startup_n32g430.o(RESET) refers to n32g430_it.o(i.SVC_Handler) for SVC_Handler
    startup_n32g430.o(RESET) refers to n32g430_it.o(i.DebugMon_Handler) for DebugMon_Handler
    startup_n32g430.o(RESET) refers to n32g430_it.o(i.SysTick_Handler) for SysTick_Handler
    startup_n32g430.o(RESET) refers to n32g430_it.o(i.ADC_IRQHandler) for ADC_IRQHandler
    startup_n32g430.o(RESET) refers to n32g430_it.o(i.TIM1_BRK_IRQHandler) for TIM1_BRK_IRQHandler
    startup_n32g430.o(RESET) refers to n32g430_it.o(i.TIM1_CC_IRQHandler) for TIM1_CC_IRQHandler
    startup_n32g430.o(RESET) refers to n32g430_it.o(i.TIM2_IRQHandler) for TIM2_IRQHandler
    startup_n32g430.o(RESET) refers to n32g430_it.o(i.TIM4_IRQHandler) for TIM4_IRQHandler
    startup_n32g430.o(RESET) refers to i2c_eeprom.o(i.I2C1_EV_IRQHandler) for I2C1_EV_IRQHandler
    startup_n32g430.o(RESET) refers to i2c_eeprom.o(i.I2C1_ER_IRQHandler) for I2C1_ER_IRQHandler
[...]
    ..\BSP\bsp_tim.c                         0x00000000   Number         0  bsp_tim.o ABSOLUTE
    ..\BSP\i2c_eeprom.c                      0x00000000   Number         0  i2c_eeprom.o ABSOLUTE
    ..\DSP\arm_atan2_f32.c                   0x00000000   Number         0  arm_atan2_f32.o ABSOLUTE
    ..\DSP\arm_common_tables.c               0x00000000   Number         0  arm_common_tables.o ABSOLUTE
    ..\DSP\arm_cos_f32.c                     0x00000000   Number         0  arm_cos_f32.o ABSOLUTE
    ..\DSP\arm_sin_cos_f32.c                 0x00000000   Number         0  arm_sin_cos_f32.o ABSOLUTE
    ..\DSP\arm_sin_f32.c                     0x00000000   Number         0  arm_sin_f32.o ABSOLUTE
    ..\User\DataCalc.c                       0x00000000   Number         0  datacalc.o ABSOLUTE
    ..\User\Foc.c                            0x00000000   Number         0  foc.o ABSOLUTE
    ..\User\LPF.c                            0x00000000   Number         0  lpf.o ABSOLUTE
    ..\User\Table.c                          0x00000000   Number         0  table.o ABSOLUTE
    ..\User\main.c                           0x00000000   Number         0  main.o ABSOLUTE
    ..\User\n32g430_it.c                     0x00000000   Number         0  n32g430_it.o ABSOLUTE
    ..\\BSP\\bsp_adc.c                       0x00000000   Number         0  bsp_adc.o ABSOLUTE
    ..\\BSP\\bsp_config.c                    0x00000000   Number         0  bsp_config.o ABSOLUTE
    ..\\BSP\\bsp_led.c                       0x00000000   Number         0  bsp_led.o ABSOLUTE
    ..\\BSP\\bsp_tim.c                       0x00000000   Number         0  bsp_tim.o ABSOLUTE
    ..\\BSP\\i2c_eeprom.c                    0x00000000   Number         0  i2c_eeprom.o ABSOLUTE
    ..\\DSP\\arm_atan2_f32.c                 0x00000000   Number         0  arm_atan2_f32.o ABSOLUTE
    ..\\DSP\\arm_common_tables.c             0x00000000   Number         0  arm_common_tables.o ABSOLUTE
    ..\\DSP\\arm_cos_f32.c                   0x00000000   Number         0  arm_cos_f32.o ABSOLUTE
    ..\\DSP\\arm_sin_cos_f32.c               0x00000000   Number         0  arm_sin_cos_f32.o ABSOLUTE
    ..\\DSP\\arm_sin_f32.c                   0x00000000   Number         0  arm_sin_f32.o ABSOLUTE
    ..\\User\\main.c                         0x00000000   Number         0  main.o ABSOLUTE
    ..\\User\\n32g430_it.c                   0x00000000   Number         0  n32g430_it.o ABSOLUTE
    ..\\firmware\\CMSIS\\device\\system_n32g430.c 0x00000000   Number         0  system_n32g430.o ABSOLUTE
    ..\\firmware\\n32g430_std_periph_driver\\src\\misc.c 0x00000000   Number         0  misc.o ABSOLUTE
    ..\\firmware\\n32g430_std_periph_driver\\src\\n32g430_adc.c 0x00000000   Number         0  n32g430_adc.o ABSOLUTE
    ..\\firmware\\n32g430_std_periph_driver\\src\\n32g430_beeper.c 0x00000000   Number         0  n32g430_beeper.o ABSOLUTE
    ..\\firmware\\n32g430_std_periph_driver\\src\\n32g430_can.c 0x00000000   Number         0  n32g430_can.o ABSOLUTE
    ..\\firmware\\n32g430_std_periph_driver\\src\\n32g430_comp.c 0x00000000   Number         0  n32g430_comp.o ABSOLUTE
    ..\\firmware\\n32g430_std_periph_driver\\src\\n32g430_crc.c 0x00000000   Number         0  n32g430_crc.o ABSOLUTE
    ..\\firmware\\n32g430_std_periph_driver\\src\\n32g430_dbg.c 0x00000000   Number         0  n32g430_dbg.o ABSOLUTE
    ..\\firmware\\n32g430_std_periph_driver\\src\\n32g430_dma.c 0x00000000   Number         0  n32g430_dma.o ABSOLUTE
    ..\\firmware\\n32g430_std_periph_driver\\src\\n32g430_exti.c 0x00000000   Number         0  n32g430_exti.o ABSOLUTE
    ..\\firmware\\n32g430_std_periph_driver\\src\\n32g430_flash.c 0x00000000   Number         0  n32g430_flash.o ABSOLUTE
    ..\\firmware\\n32g430_std_periph_driver\\src\\n32g430_gpio.c 0x00000000   Number         0  n32g430_gpio.o ABSOLUTE
    ..\\firmware\\n32g430_std_periph_driver\\src\\n32g430_i2c.c 0x00000000   Number         0  n32g430_i2c.o ABSOLUTE
    ..\\firmware\\n32g430_std_periph_driver\\src\\n32g430_iwdg.c 0x00000000   Number         0  n32g430_iwdg.o ABSOLUTE
    ..\\firmware\\n32g430_std_periph_driver\\src\\n32g430_lptim.c 0x00000000   Number         0  n32g430_lptim.o ABSOLUTE
    ..\\firmware\\n32g430_std_periph_driver\\src\\n32g430_pwr.c 0x00000000   Number         0  n32g430_pwr.o ABSOLUTE
    ..\\firmware\\n32g430_std_periph_driver\\src\\n32g430_rcc.c 0x00000000   Number         0  n32g430_rcc.o ABSOLUTE
    ..\\firmware\\n32g430_std_periph_driver\\src\\n32g430_rtc.c 0x00000000   Number         0  n32g430_rtc.o ABSOLUTE
    ..\\firmware\\n32g430_std_periph_driver\\src\\n32g430_spi.c 0x00000000   Number         0  n32g430_spi.o ABSOLUTE
    ..\\firmware\\n32g430_std_periph_driver\\src\\n32g430_tim.c 0x00000000   Number         0  n32g430_tim.o ABSOLUTE
    ..\\firmware\\n32g430_std_periph_driver\\src\\n32g430_usart.c 0x00000000   Number         0  n32g430_usart.o ABSOLUTE
    ..\\firmware\\n32g430_std_periph_driver\\src\\n32g430_wwdg.c 0x00000000   Number         0  n32g430_wwdg.o ABSOLUTE
    ..\firmware\CMSIS\device\startup\startup_n32g430.s 0x00000000   Number         0  startup_n32g430.o ABSOLUTE
    ..\firmware\CMSIS\device\system_n32g430.c 0x00000000   Number         0  system_n32g430.o ABSOLUTE
    ..\firmware\n32g430_std_periph_driver\src\misc.c 0x00000000   Number         0  misc.o ABSOLUTE
    ..\firmware\n32g430_std_periph_driver\src\n32g430_adc.c 0x00000000   Number         0  n32g430_adc.o ABSOLUTE
    ..\firmware\n32g430_std_periph_driver\src\n32g430_beeper.c 0x00000000   Number         0  n32g430_beeper.o ABSOLUTE
    ..\firmware\n32g430_std_periph_driver\src\n32g430_can.c 0x00000000   Number         0  n32g430_can.o ABSOLUTE
    ..\firmware\n32g430_std_periph_driver\src\n32g430_comp.c 0x00000000   Number         0  n32g430_comp.o ABSOLUTE
    ..\firmware\n32g430_std_periph_driver\src\n32g430_crc.c 0x00000000   Number         0  n32g430_crc.o ABSOLUTE
    ..\firmware\n32g430_std_periph_driver\src\n32g430_dbg.c 0x00000000   Number         0  n32g430_dbg.o ABSOLUTE
    ..\firmware\n32g430_std_periph_driver\src\n32g430_dma.c 0x00000000   Number         0  n32g430_dma.o ABSOLUTE
    ..\firmware\n32g430_std_periph_driver\src\n32g430_exti.c 0x00000000   Number         0  n32g430_exti.o ABSOLUTE
    ..\firmware\n32g430_std_periph_driver\src\n32g430_flash.c 0x00000000   Number         0  n32g430_flash.o ABSOLUTE
    ..\firmware\n32g430_std_periph_driver\src\n32g430_gpio.c 0x00000000   Number         0  n32g430_gpio.o ABSOLUTE
    ..\firmware\n32g430_std_periph_driver\src\n32g430_i2c.c 0x00000000   Number         0  n32g430_i2c.o ABSOLUTE
    ..\firmware\n32g430_std_periph_driver\src\n32g430_iwdg.c 0x00000000   Number         0  n32g430_iwdg.o ABSOLUTE
    ..\firmware\n32g430_std_periph_driver\src\n32g430_lptim.c 0x00000000   Number         0  n32g430_lptim.o ABSOLUTE
    ..\firmware\n32g430_std_periph_driver\src\n32g430_pwr.c 0x00000000   Number         0  n32g430_pwr.o ABSOLUTE
    ..\firmware\n32g430_std_periph_driver\src\n32g430_rcc.c 0x00000000   Number         0  n32g430_rcc.o ABSOLUTE
    ..\firmware\n32g430_std_periph_driver\src\n32g430_rtc.c 0x00000000   Number         0  n32g430_rtc.o ABSOLUTE
    ..\firmware\n32g430_std_periph_driver\src\n32g430_spi.c 0x00000000   Number         0  n32g430_spi.o ABSOLUTE
    ..\firmware\n32g430_std_periph_driver\src\n32g430_tim.c 0x00000000   Number         0  n32g430_tim.o ABSOLUTE
    ..\firmware\n32g430_std_periph_driver\src\n32g430_usart.c 0x00000000   Number         0  n32g430_usart.o ABSOLUTE
    ..\firmware\n32g430_std_periph_driver\src\n32g430_wwdg.c 0x00000000   Number         0  n32g430_wwdg.o ABSOLUTE
    dc.s                                     0x00000000   Number         0  dc.o ABSOLUTE
    handlers.s                               0x00000000   Number         0  handlers.o ABSOLUTE
    init.s                                   0x00000000   Number         0  init.o ABSOLUTE
    RESET                                    0x08000000   Section      276  startup_n32g430.o(RESET)
    .ARM.Collect$$$$00000000                 0x08000114   Section        0  entry.o(.ARM.Collect$$$$00000000)
    .ARM.Collect$$$$00000001                 0x08000114   Section        4  entry2.o(.ARM.Collect$$$$00000001)
    .ARM.Collect$$$$00000004                 0x08000118   Section        4  entry5.o(.ARM.Collect$$$$00000004)
    .ARM.Collect$$$$00000008                 0x0800011c   Section        0  entry7b.o(.ARM.Collect$$$$00000008)
    .ARM.Collect$$$$0000000A                 0x0800011c   Section        0  entry8b.o(.ARM.Collect$$$$0000000A)
    .ARM.Collect$$$$0000000B                 0x0800011c   Section        8  entry9a.o(.ARM.Collect$$$$0000000B)
    .ARM.Collect$$$$0000000D                 0x08000124   Section        0  entry10a.o(.ARM.Collect$$$$0000000D)
    .ARM.Collect$$$$0000000F                 0x08000124   Section        0  entry11a.o(.ARM.Collect$$$$0000000F)
    .ARM.Collect$$$$00002712                 0x08000124   Section        4  entry2.o(.ARM.Collect$$$$00002712)
    __lit__00000000                          0x08000124   Data           4  entry2.o(.ARM.Collect$$$$00002712)
    .RamFunc                                 0x08000128   Section        0  bsp_tim.o(.RamFunc)
    .text                                    0x080002b0   Section       36  startup_n32g430.o(.text)
    $v0                                      0x080002b0   Number         0  startup_n32g430.o(.text)
    .text                                    0x080002d4   Section       36  init.o(.text)
    i.ADC_AHB_Clock_Mode_Config              0x080002f8   Section        0  n32g430_adc.o(i.ADC_AHB_Clock_Mode_Config)
    i.ADC_Calibration_Operation              0x08000308   Section        0  n32g430_adc.o(i.ADC_Calibration_Operation)
    i.ADC_Channel_Sample_Time_Config         0x08000344   Section        0  n32g430_adc.o(i.ADC_Channel_Sample_Time_Config)
    i.ADC_Clock_Mode_Config                  0x0800039c   Section        0  n32g430_adc.o(i.ADC_Clock_Mode_Config)
    i.ADC_Continue_Conversion_Disable        0x080003c8   Section        0  n32g430_adc.o(i.ADC_Continue_Conversion_Disable)
    i.ADC_Continue_Conversion_Enable         0x080003d8   Section        0  n32g430_adc.o(i.ADC_Continue_Conversion_Enable)
    i.ADC_DMA_Transfer_Disable               0x080003e8   Section        0  n32g430_adc.o(i.ADC_DMA_Transfer_Disable)
    i.ADC_Data_Alignment_Config              0x080003f8   Section        0  n32g430_adc.o(i.ADC_Data_Alignment_Config)
    i.ADC_Discontinuous_Mode_Config          0x08000410   Section        0  n32g430_adc.o(i.ADC_Discontinuous_Mode_Config)
    i.ADC_External_Trigger_Conversion_Config 0x08000458   Section        0  n32g430_adc.o(i.ADC_External_Trigger_Conversion_Config)
    i.ADC_Flag_Status_Clear                  0x080004a0   Section        0  n32g430_adc.o(i.ADC_Flag_Status_Clear)
    i.ADC_Flag_Status_Get                    0x080004b0   Section        0  n32g430_adc.o(i.ADC_Flag_Status_Get)
    i.ADC_INTFlag_Status_Clear               0x080004dc   Section        0  n32g430_adc.o(i.ADC_INTFlag_Status_Clear)
    i.ADC_INTFlag_Status_Get                 0x080004ec   Section        0  n32g430_adc.o(i.ADC_INTFlag_Status_Get)
    i.ADC_IRQHandler                         0x08000500   Section        0  n32g430_it.o(i.ADC_IRQHandler)
    i.ADC_Initializes                        0x08000568   Section        0  n32g430_adc.o(i.ADC_Initializes)
    i.ADC_Injected_Channels_Number_Config    0x080005b0   Section        0  n32g430_adc.o(i.ADC_Injected_Channels_Number_Config)
    i.ADC_Injected_Group_Autoconversion_Disable 0x080005c8   Section        0  n32g430_adc.o(i.ADC_Injected_Group_Autoconversion_Disable)
    i.ADC_Injected_Group_Conversion_Data_Get 0x080005d8   Section        0  n32g430_adc.o(i.ADC_Injected_Group_Conversion_Data_Get)
    i.ADC_Injected_Group_External_Trigger_Source_Config 0x080005f0   Section        0  n32g430_adc.o(i.ADC_Injected_Group_External_Trigger_Source_Config)
    i.ADC_Injected_Sequence_Conversion_Number_Config 0x08000608   Section        0  n32g430_adc.o(i.ADC_Injected_Sequence_Conversion_Number_Config)
    i.ADC_Interrupts_Enable                  0x08000628   Section        0  n32g430_adc.o(i.ADC_Interrupts_Enable)
    i.ADC_Multichannels_Disable              0x08000648   Section        0  n32g430_adc.o(i.ADC_Multichannels_Disable)
    i.ADC_Multichannels_Enable               0x08000658   Section        0  n32g430_adc.o(i.ADC_Multichannels_Enable)
    i.ADC_ON                                 0x08000668   Section        0  n32g430_adc.o(i.ADC_ON)
    i.ADC_PLL_Clock_Mode_Config              0x08000678   Section        0  n32g430_adc.o(i.ADC_PLL_Clock_Mode_Config)
    i.ADC_Regular_Channels_Number_Config     0x08000688   Section        0  n32g430_adc.o(i.ADC_Regular_Channels_Number_Config)
    i.ADC_Regular_Channels_Software_Conversion_Operation 0x080006a0   Section        0  n32g430_adc.o(i.ADC_Regular_Channels_Software_Conversion_Operation)
    i.ADC_Regular_Group_Conversion_Data_Get  0x080006e0   Section        0  n32g430_adc.o(i.ADC_Regular_Group_Conversion_Data_Get)
    i.ADC_Regular_Group_External_Trigger_Source_Config 0x080006ec   Section        0  n32g430_adc.o(i.ADC_Regular_Group_External_Trigger_Source_Config)
    i.ADC_Regular_Sequence_Conversion_Number_Config 0x08000704   Section        0  n32g430_adc.o(i.ADC_Regular_Sequence_Conversion_Number_Config)
    i.ADC_Reset                              0x08000764   Section        0  n32g430_adc.o(i.ADC_Reset)
    i.Adc_Init                               0x0800076c   Section        0  bsp_adc.o(i.Adc_Init)
    i.BusFault_Handler                       0x08000826   Section        0  n32g430_it.o(i.BusFault_Handler)
    i.DMA_Buffer_Size_Config                 0x08000828   Section        0  n32g430_dma.o(i.DMA_Buffer_Size_Config)
    i.DMA_Channel_Enable                     0x0800082c   Section        0  n32g430_dma.o(i.DMA_Channel_Enable)
    i.DMA_Channel_Request_Remap              0x08000836   Section        0  n32g430_dma.o(i.DMA_Channel_Request_Remap)
    i.DMA_Circular_Mode_Config               0x0800083a   Section        0  n32g430_dma.o(i.DMA_Circular_Mode_Config)
    i.DMA_Destination_Config                 0x0800084a   Section        0  n32g430_dma.o(i.DMA_Destination_Config)
    i.DMA_Initializes                        0x0800085a   Section        0  n32g430_dma.o(i.DMA_Initializes)
    i.DMA_Memory_2_Memory_Config             0x080008bc   Section        0  n32g430_dma.o(i.DMA_Memory_2_Memory_Config)
    i.DMA_Memory_Addr_Increment_Config       0x080008cc   Section        0  n32g430_dma.o(i.DMA_Memory_Addr_Increment_Config)
    i.DMA_Memory_Address_Config              0x080008dc   Section        0  n32g430_dma.o(i.DMA_Memory_Address_Config)
    i.DMA_Memory_Data_Width_Config           0x080008e0   Section        0  n32g430_dma.o(i.DMA_Memory_Data_Width_Config)
    i.DMA_Peripheral_Addr_Increment_Config   0x080008f0   Section        0  n32g430_dma.o(i.DMA_Peripheral_Addr_Increment_Config)
    i.DMA_Peripheral_Address_Config          0x08000900   Section        0  n32g430_dma.o(i.DMA_Peripheral_Address_Config)
    i.DMA_Peripheral_Data_Width_Config       0x08000904   Section        0  n32g430_dma.o(i.DMA_Peripheral_Data_Width_Config)
    i.DMA_Priority_Config                    0x08000914   Section        0  n32g430_dma.o(i.DMA_Priority_Config)
    i.DMA_Reset                              0x08000924   Section        0  n32g430_dma.o(i.DMA_Reset)
    i.DMA_Structure_Initializes              0x080009cc   Section        0  n32g430_dma.o(i.DMA_Structure_Initializes)
    i.DebugMon_Handler                       0x080009e6   Section        0  n32g430_it.o(i.DebugMon_Handler)
    i.Delay_us                               0x080009e8   Section        0  i2c_eeprom.o(i.Delay_us)
    i.GPIO_Alternate_Set                     0x080009fa   Section        0  n32g430_gpio.o(i.GPIO_Alternate_Set)
    i.GPIO_Config                            0x08000a28   Section        0  bsp_config.o(i.GPIO_Config)
    i.GPIO_Driver_Set                        0x08000b08   Section        0  n32g430_gpio.o(i.GPIO_Driver_Set)
    i.GPIO_Mode_Set                          0x08000b1c   Section        0  n32g430_gpio.o(i.GPIO_Mode_Set)
    i.GPIO_PBC_Pins_Reset                    0x08000b56   Section        0  n32g430_gpio.o(i.GPIO_PBC_Pins_Reset)
    i.GPIO_Peripheral_Initialize             0x08000b5a   Section        0  n32g430_gpio.o(i.GPIO_Peripheral_Initialize)
    i.GPIO_Pins_Set                          0x08000baa   Section        0  n32g430_gpio.o(i.GPIO_Pins_Set)
    i.GPIO_Pull_Set                          0x08000bae   Section        0  n32g430_gpio.o(i.GPIO_Pull_Set)
    i.GPIO_SlewRate_Set                      0x08000bc2   Section        0  n32g430_gpio.o(i.GPIO_SlewRate_Set)
    i.GPIO_Structure_Initialize              0x08000bd4   Section        0  n32g430_gpio.o(i.GPIO_Structure_Initialize)
    i.HardFault_Handler                      0x08000bea   Section        0  n32g430_it.o(i.HardFault_Handler)
    i.I2C1_ER_IRQHandler                     0x08000bec   Section        0  i2c_eeprom.o(i.I2C1_ER_IRQHandler)
    i.I2C1_EV_IRQHandler                     0x08000c68   Section        0  i2c_eeprom.o(i.I2C1_EV_IRQHandler)
    i.I2C_7bit_Addr_Send                     0x08000db8   Section        0  n32g430_i2c.o(i.I2C_7bit_Addr_Send)
    i.I2C_Acknowledg_Disable                 0x08000dca   Section        0  n32g430_i2c.o(i.I2C_Acknowledg_Disable)
    i.I2C_Acknowledgement_Config             0x08000dd4   Section        0  n32g430_i2c.o(i.I2C_Acknowledgement_Config)
    i.I2C_Addressing_Mode_Config             0x08000de0   Section        0  n32g430_i2c.o(i.I2C_Addressing_Mode_Config)
    i.I2C_Bus_Mode_Config                    0x08000dec   Section        0  n32g430_i2c.o(i.I2C_Bus_Mode_Config)
    i.I2C_Clock_Speed_Config                 0x08000df8   Section        0  n32g430_i2c.o(i.I2C_Clock_Speed_Config)
    i.I2C_Data_Recv                          0x08000ecc   Section        0  n32g430_i2c.o(i.I2C_Data_Recv)
    i.I2C_Data_Send                          0x08000ed2   Section        0  n32g430_i2c.o(i.I2C_Data_Send)
    i.I2C_EE_Init                            0x08000ed8   Section        0  i2c_eeprom.o(i.I2C_EE_Init)
    i.I2C_Flag_Status_Clear                  0x08000f48   Section        0  n32g430_i2c.o(i.I2C_Flag_Status_Clear)
    i.I2C_Flag_Status_Get                    0x08000f4e   Section        0  n32g430_i2c.o(i.I2C_Flag_Status_Get)
    i.I2C_Generate_Start_Enable              0x08000f80   Section        0  n32g430_i2c.o(i.I2C_Generate_Start_Enable)
    i.I2C_Generate_Stop_Enable               0x08000f8a   Section        0  n32g430_i2c.o(i.I2C_Generate_Stop_Enable)
    i.I2C_Initializes                        0x08000f94   Section        0  n32g430_i2c.o(i.I2C_Initializes)
    i.I2C_Interrupts_Disable                 0x08000fc8   Section        0  n32g430_i2c.o(i.I2C_Interrupts_Disable)
    i.I2C_Last_Event_Get                     0x08000fd0   Section        0  n32g430_i2c.o(i.I2C_Last_Event_Get)
    i.I2C_Own_Addr1_Config                   0x08000fde   Section        0  n32g430_i2c.o(i.I2C_Own_Addr1_Config)
    i.I2C_Reset                              0x08000fec   Section        0  n32g430_i2c.o(i.I2C_Reset)
    i.IIC_RCCReset                           0x08001008   Section        0  i2c_eeprom.o(i.IIC_RCCReset)
    i.IIC_RestoreSlaveByClock                0x0800104c   Section        0  i2c_eeprom.o(i.IIC_RestoreSlaveByClock)
    i.IIC_SWReset                            0x0800109c   Section        0  i2c_eeprom.o(i.IIC_SWReset)
    i.Input_Channel1_Config                  0x0800110c   Section        0  n32g430_tim.o(i.Input_Channel1_Config)
    i.Input_Channel2_Config                  0x08001180   Section        0  n32g430_tim.o(i.Input_Channel2_Config)
    i.Input_Channel3_Config                  0x080011f8   Section        0  n32g430_tim.o(i.Input_Channel3_Config)
    i.Input_Channel4_Config                  0x08001270   Section        0  n32g430_tim.o(i.Input_Channel4_Config)
    i.MemManage_Handler                      0x080012ec   Section        0  n32g430_it.o(i.MemManage_Handler)
    i.NMI_Handler                            0x080012ee   Section        0  n32g430_it.o(i.NMI_Handler)
    i.NVIC_Initializes                       0x080012f0   Section        0  misc.o(i.NVIC_Initializes)
    i.NVIC_Priority_Group_Set                0x08001354   Section        0  misc.o(i.NVIC_Priority_Group_Set)
    i.PLL_TrimValueLoad                      0x08001368   Section        0  system_n32g430.o(i.PLL_TrimValueLoad)
    i.RCC_ADC_1M_Clock_Config                0x080013d8   Section        0  n32g430_rcc.o(i.RCC_ADC_1M_Clock_Config)
    i.RCC_ADC_Hclk_Config                    0x080013f0   Section        0  n32g430_rcc.o(i.RCC_ADC_Hclk_Config)
    i.RCC_ADC_Hclk_Enable                    0x08001404   Section        0  n32g430_rcc.o(i.RCC_ADC_Hclk_Enable)
    i.RCC_ADC_PLL_Clock_Disable              0x08001414   Section        0  n32g430_rcc.o(i.RCC_ADC_PLL_Clock_Disable)
    i.RCC_ADC_PLL_Clock_Prescaler_Enable     0x08001424   Section        0  n32g430_rcc.o(i.RCC_ADC_PLL_Clock_Prescaler_Enable)
    i.RCC_AHB_Peripheral_Clock_Enable        0x08001438   Section        0  n32g430_rcc.o(i.RCC_AHB_Peripheral_Clock_Enable)
    i.RCC_AHB_Peripheral_Reset               0x08001448   Section        0  n32g430_rcc.o(i.RCC_AHB_Peripheral_Reset)
    i.RCC_APB1_Peripheral_Clock_Disable      0x0800145c   Section        0  n32g430_rcc.o(i.RCC_APB1_Peripheral_Clock_Disable)
    i.RCC_APB1_Peripheral_Clock_Enable       0x0800146c   Section        0  n32g430_rcc.o(i.RCC_APB1_Peripheral_Clock_Enable)
    i.RCC_APB1_Peripheral_Reset              0x0800147c   Section        0  n32g430_rcc.o(i.RCC_APB1_Peripheral_Reset)
    i.RCC_APB2_Peripheral_Clock_Enable       0x08001490   Section        0  n32g430_rcc.o(i.RCC_APB2_Peripheral_Clock_Enable)
    i.RCC_APB2_Peripheral_Reset              0x080014a0   Section        0  n32g430_rcc.o(i.RCC_APB2_Peripheral_Reset)
    i.RCC_Clocks_Frequencies_Value_Get       0x080014b4   Section        0  n32g430_rcc.o(i.RCC_Clocks_Frequencies_Value_Get)
    i.RCC_Configuration                      0x08001588   Section        0  bsp_config.o(i.RCC_Configuration)
    i.RCC_Pclk1_Config                       0x080015f4   Section        0  n32g430_rcc.o(i.RCC_Pclk1_Config)
    i.SVC_Handler                            0x08001608   Section        0  n32g430_it.o(i.SVC_Handler)
    i.SysTick_Handler                        0x0800160a   Section        0  n32g430_it.o(i.SysTick_Handler)
    i.System_Clock_Set                       0x08001610   Section        0  system_n32g430.o(i.System_Clock_Set)
    System_Clock_Set                         0x08001611   Thumb Code   228  system_n32g430.o(i.System_Clock_Set)
    i.System_Init                            0x08001710   Section        0  bsp_config.o(i.System_Init)
    i.System_Initializes                     0x08001740   Section        0  system_n32g430.o(i.System_Initializes)
    i.TIM1_BRK_IRQHandler                    0x080017d8   Section        0  n32g430_it.o(i.TIM1_BRK_IRQHandler)
    i.TIM1_CC_IRQHandler                     0x08001804   Section        0  n32g430_it.o(i.TIM1_CC_IRQHandler)
    i.TIM1_PWM_Init                          0x08001828   Section        0  bsp_tim.o(i.TIM1_PWM_Init)
    i.TIM2_IRQHandler                        0x08001990   Section        0  n32g430_it.o(i.TIM2_IRQHandler)
    i.TIM4_Capture_Config                    0x080019b0   Section        0  bsp_tim.o(i.TIM4_Capture_Config)
    i.TIM4_IRQHandler                        0x08001ab8   Section        0  n32g430_it.o(i.TIM4_IRQHandler)
    i.TIM6_1Khz_Init                         0x08001adc   Section        0  bsp_tim.o(i.TIM6_1Khz_Init)
    i.TIM6_IRQHandler                        0x08001b60   Section        0  n32g430_it.o(i.TIM6_IRQHandler)
    i.TIM_Asymmetric_Enable                  0x08001bac   Section        0  n32g430_tim.o(i.TIM_Asymmetric_Enable)
    i.TIM_Base_Auto_Reload_Set               0x08001bb6   Section        0  n32g430_tim.o(i.TIM_Base_Auto_Reload_Set)
    i.TIM_Base_Center_Aligned_Mode_OC4_7_8_9_Trigger_Set 0x08001bba   Section        0  n32g430_tim.o(i.TIM_Base_Center_Aligned_Mode_OC4_7_8_9_Trigger_Set)
    i.TIM_Base_Channel1                      0x08001bc6   Section        0  n32g430_tim.o(i.TIM_Base_Channel1)
    i.TIM_Base_Channel2                      0x08001bde   Section        0  n32g430_tim.o(i.TIM_Base_Channel2)
    i.TIM_Base_Channel3                      0x08001bf6   Section        0  n32g430_tim.o(i.TIM_Base_Channel3)
    i.TIM_Base_Channel4                      0x08001c0e   Section        0  n32g430_tim.o(i.TIM_Base_Channel4)
    i.TIM_Base_Count_Mode_Set                0x08001c26   Section        0  n32g430_tim.o(i.TIM_Base_Count_Mode_Set)
    i.TIM_Base_Initialize                    0x08001c34   Section        0  n32g430_tim.o(i.TIM_Base_Initialize)
    i.TIM_Base_OCrefClear                    0x08001ce4   Section        0  n32g430_tim.o(i.TIM_Base_OCrefClear)
    i.TIM_Base_Prescaler_Set                 0x08001cfc   Section        0  n32g430_tim.o(i.TIM_Base_Prescaler_Set)
    i.TIM_Base_Reload_Mode_Set               0x08001d00   Section        0  n32g430_tim.o(i.TIM_Base_Reload_Mode_Set)
    i.TIM_Base_Repeat_Count_Set              0x08001d04   Section        0  n32g430_tim.o(i.TIM_Base_Repeat_Count_Set)
    i.TIM_Base_Struct_Initialize             0x08001d08   Section        0  n32g430_tim.o(i.TIM_Base_Struct_Initialize)
    i.TIM_Break_And_Dead_Time_Set            0x08001d26   Section        0  n32g430_tim.o(i.TIM_Break_And_Dead_Time_Set)
    i.TIM_Capture_Compare_Ch_Disable         0x08001d8c   Section        0  n32g430_tim.o(i.TIM_Capture_Compare_Ch_Disable)
    i.TIM_Capture_Compare_Ch_Enable          0x08001d98   Section        0  n32g430_tim.o(i.TIM_Capture_Compare_Ch_Enable)
    i.TIM_Capture_Compare_Ch_N_Disable       0x08001da4   Section        0  n32g430_tim.o(i.TIM_Capture_Compare_Ch_N_Disable)
    i.TIM_Capture_Compare_Ch_N_Enable        0x08001db0   Section        0  n32g430_tim.o(i.TIM_Capture_Compare_Ch_N_Enable)
    i.TIM_Clock_Division_Set                 0x08001dbc   Section        0  n32g430_tim.o(i.TIM_Clock_Division_Set)
    i.TIM_Compare1_D_Set                     0x08001dcc   Section        0  n32g430_tim.o(i.TIM_Compare1_D_Set)
    i.TIM_Compare1_Set                       0x08001dd8   Section        0  n32g430_tim.o(i.TIM_Compare1_Set)
    i.TIM_Compare2_D_Set                     0x08001de4   Section        0  n32g430_tim.o(i.TIM_Compare2_D_Set)
    i.TIM_Compare2_Set                       0x08001df0   Section        0  n32g430_tim.o(i.TIM_Compare2_Set)
    i.TIM_Compare3_D_Set                     0x08001dfc   Section        0  n32g430_tim.o(i.TIM_Compare3_D_Set)
    i.TIM_Compare3_Set                       0x08001e08   Section        0  n32g430_tim.o(i.TIM_Compare3_Set)
    i.TIM_Compare4_Set                       0x08001e14   Section        0  n32g430_tim.o(i.TIM_Compare4_Set)
    i.TIM_Compare7_Set                       0x08001e20   Section        0  n32g430_tim.o(i.TIM_Compare7_Set)
    i.TIM_Compare8_Set                       0x08001e26   Section        0  n32g430_tim.o(i.TIM_Compare8_Set)
    i.TIM_Compare9_Set                       0x08001e2c   Section        0  n32g430_tim.o(i.TIM_Compare9_Set)
    i.TIM_Dma_Enable                         0x08001e32   Section        0  n32g430_tim.o(i.TIM_Dma_Enable)
    i.TIM_Flag_Status_Get                    0x08001e3a   Section        0  n32g430_tim.o(i.TIM_Flag_Status_Get)
    i.TIM_IOM_Comp_Break                     0x08001e48   Section        0  n32g430_tim.o(i.TIM_IOM_Comp_Break)
    i.TIM_Input_Capture1_Prescaler_Set       0x08001e60   Section        0  n32g430_tim.o(i.TIM_Input_Capture1_Prescaler_Set)
    i.TIM_Input_Capture2_Prescaler_Set       0x08001e70   Section        0  n32g430_tim.o(i.TIM_Input_Capture2_Prescaler_Set)
    i.TIM_Input_Capture3_Prescaler_Set       0x08001e88   Section        0  n32g430_tim.o(i.TIM_Input_Capture3_Prescaler_Set)
    i.TIM_Input_Capture4_Prescaler_Set       0x08001e9a   Section        0  n32g430_tim.o(i.TIM_Input_Capture4_Prescaler_Set)
    i.TIM_Input_Channel_Initialize           0x08001eae   Section        0  n32g430_tim.o(i.TIM_Input_Channel_Initialize)
    i.TIM_Input_Struct_Initialize            0x08001f10   Section        0  n32g430_tim.o(i.TIM_Input_Struct_Initialize)
    i.TIM_Interrupt_Disable                  0x08001f1e   Section        0  n32g430_tim.o(i.TIM_Interrupt_Disable)
    i.TIM_Interrupt_Enable                   0x08001f26   Section        0  n32g430_tim.o(i.TIM_Interrupt_Enable)
    i.TIM_Interrupt_Status_Clear             0x08001f2e   Section        0  n32g430_tim.o(i.TIM_Interrupt_Status_Clear)
    i.TIM_Interrupt_Status_Get               0x08001f34   Section        0  n32g430_tim.o(i.TIM_Interrupt_Status_Get)
    i.TIM_Lock_Up_Break_Disable              0x08001f4a   Section        0  n32g430_tim.o(i.TIM_Lock_Up_Break_Disable)
    i.TIM_Lock_Up_Break_Enable               0x08001f54   Section        0  n32g430_tim.o(i.TIM_Lock_Up_Break_Enable)
    i.TIM_OC4REF_Trigger_To_ADC_Enable       0x08001f5e   Section        0  n32g430_tim.o(i.TIM_OC4REF_Trigger_To_ADC_Enable)
    i.TIM_On                                 0x08001f68   Section        0  n32g430_tim.o(i.TIM_On)
    i.TIM_Output_Channel1_Initialize         0x08001f74   Section        0  n32g430_tim.o(i.TIM_Output_Channel1_Initialize)
    i.TIM_Output_Channel1_Preload_Set        0x08002000   Section        0  n32g430_tim.o(i.TIM_Output_Channel1_Preload_Set)
    i.TIM_Output_Channel2_Initialize         0x0800200c   Section        0  n32g430_tim.o(i.TIM_Output_Channel2_Initialize)
    i.TIM_Output_Channel2_Preload_Set        0x080020a4   Section        0  n32g430_tim.o(i.TIM_Output_Channel2_Preload_Set)
    i.TIM_Output_Channel3_Initialize         0x080020b8   Section        0  n32g430_tim.o(i.TIM_Output_Channel3_Initialize)
    i.TIM_Output_Channel3_Preload_Set        0x0800214c   Section        0  n32g430_tim.o(i.TIM_Output_Channel3_Preload_Set)
    i.TIM_Output_Channel4_Initialize         0x0800215c   Section        0  n32g430_tim.o(i.TIM_Output_Channel4_Initialize)
    i.TIM_Output_Channel4_Preload_Set        0x08002204   Section        0  n32g430_tim.o(i.TIM_Output_Channel4_Preload_Set)
    i.TIM_Output_Channel_N_Polarity_Set      0x0800221a   Section        0  n32g430_tim.o(i.TIM_Output_Channel_N_Polarity_Set)
    i.TIM_Output_Channel_Polarity_Set        0x0800222c   Section        0  n32g430_tim.o(i.TIM_Output_Channel_Polarity_Set)
    i.TIM_Output_Trigger_Select              0x08002240   Section        0  n32g430_tim.o(i.TIM_Output_Trigger_Select)
    i.TIM_PWM_Output_Disable                 0x08002254   Section        0  n32g430_tim.o(i.TIM_PWM_Output_Disable)
    i.TIM_PWM_Output_Enable                  0x08002260   Section        0  n32g430_tim.o(i.TIM_PWM_Output_Enable)
    i.TIM_Pvd_Break_Disable                  0x0800226c   Section        0  n32g430_tim.o(i.TIM_Pvd_Break_Disable)
    i.TIM_Pvd_Break_Enable                   0x08002276   Section        0  n32g430_tim.o(i.TIM_Pvd_Break_Enable)
    i.TIM_Reset                              0x08002280   Section        0  n32g430_tim.o(i.TIM_Reset)
    i.TimingDelay_Decrement                  0x080022f0   Section        0  bsp_config.o(i.TimingDelay_Decrement)
    i.UsageFault_Handler                     0x08002304   Section        0  n32g430_it.o(i.UsageFault_Handler)
    i.__scatterload_copy                     0x08002306   Section       14  handlers.o(i.__scatterload_copy)
    i.__scatterload_null                     0x08002314   Section        2  handlers.o(i.__scatterload_null)
    i.__scatterload_zeroinit                 0x08002316   Section       14  handlers.o(i.__scatterload_zeroinit)
    i.main                                   0x08002324   Section        0  main.o(i.main)
    i.sEE_TIMEOUT_UserCallback               0x0800232a   Section        0  i2c_eeprom.o(i.sEE_TIMEOUT_UserCallback)
    .constdata                               0x0800232e   Section       64  n32g430_rcc.o(.constdata)
    APBAHBPresTable                          0x0800232e   Data          16  n32g430_rcc.o(.constdata)
    ADCHCLKPresTable                         0x0800233e   Data          16  n32g430_rcc.o(.constdata)
    ADCPLLCLKPresTable                       0x0800234e   Data          32  n32g430_rcc.o(.constdata)
    .data                                    0x20000000   Section        4  n32g430_it.o(.data)
    JSEQ_NUM                                 0x20000000   Data           1  n32g430_it.o(.data)
    SampleCurr                               0x20000002   Data           2  n32g430_it.o(.data)
    .data                                    0x20000004   Section        4  system_n32g430.o(.data)
    .data                                    0x20000008   Section        4  bsp_config.o(.data)
    .data                                    0x2000000c   Section        2  bsp_config.o(.data)
    .data                                    0x2000000e   Section        4  bsp_tim.o(.data)
    .data                                    0x20000014   Section       36  i2c_eeprom.o(.data)
    check_begin                              0x20000014   Data           1  i2c_eeprom.o(.data)
    OffsetDone                               0x20000015   Data           1  i2c_eeprom.o(.data)
    MasterDirection                          0x20000016   Data           1  i2c_eeprom.o(.data)
    RCC_RESET_Flag                           0x20000018   Data           1  i2c_eeprom.o(.data)
    DeviceOffset                             0x2000001a   Data           2  i2c_eeprom.o(.data)
    BufCount                                 0x20000020   Data           2  i2c_eeprom.o(.data)
    Int_NumByteToWrite                       0x20000022   Data           2  i2c_eeprom.o(.data)
    Int_NumByteToRead                        0x20000024   Data           2  i2c_eeprom.o(.data)
    SlaveADDR                                0x20000026   Data           2  i2c_eeprom.o(.data)
    SendBuf                                  0x20000030   Data           8  i2c_eeprom.o(.data)
    .bss                                     0x20000038   Section       52  foc.o(.bss)
    .bss                                     0x2000006c   Section       12  bsp_tim.o(.bss)
    STACK                                    0x20000078   Section     5120  startup_n32g430.o(STACK)

    Global Symbols

    Symbol Name                              Value     Ov Type        Size  Object(Section)

    BuildAttributes$$THM_ISAv4$E$P$D$K$B$S$7EM$VFPi3$EXTD16$VFPS$VFMA$PE$A:L22UL41UL21$X:L11$S22US41US21$IEEE1$IW$USESV6$~STKCKD$USESV7$~SHL$OSPACE$EBA8$MICROLIB$REQ8$PRES8$EABIv2 0x00000000   Number         0  anon$$obj.o ABSOLUTE
    __ARM_use_no_argv                        0x00000000   Number         0  main.o ABSOLUTE
    __cpp_initialize__aeabi_                  - Undefined Weak Reference
    __cxa_finalize                            - Undefined Weak Reference
    __decompress                              - Undefined Weak Reference
    _clock_init                               - Undefined Weak Reference
    _microlib_exit                            - Undefined Weak Reference
    __Vectors_Size                           0x00000114   Number         0  startup_n32g430.o ABSOLUTE
    __Vectors                                0x08000000   Data           4  startup_n32g430.o(RESET)
    __Vectors_End                            0x08000114   Data           0  startup_n32g430.o(RESET)
    __main                                   0x08000115   Thumb Code     0  entry.o(.ARM.Collect$$$$00000000)
    _main_stk                                0x08000115   Thumb Code     0  entry2.o(.ARM.Collect$$$$00000001)
    _main_scatterload                        0x08000119   Thumb Code     0  entry5.o(.ARM.Collect$$$$00000004)
    __main_after_scatterload                 0x0800011d   Thumb Code     0  entry5.o(.ARM.Collect$$$$00000004)
    _main_clock                              0x0800011d   Thumb Code     0  entry7b.o(.ARM.Collect$$$$00000008)
    _main_cpp_init                           0x0800011d   Thumb Code     0  entry8b.o(.ARM.Collect$$$$0000000A)
    _main_init                               0x0800011d   Thumb Code     0  entry9a.o(.ARM.Collect$$$$0000000B)
    __rt_final_cpp                           0x08000125   Thumb Code     0  entry10a.o(.ARM.Collect$$$$0000000D)
    __rt_final_exit                          0x08000125   Thumb Code     0  entry11a.o(.ARM.Collect$$$$0000000F)
    switch_pwm                               0x08000129   Thumb Code   294  bsp_tim.o(.RamFunc)
    pwm_duty_set                             0x0800024f   Thumb Code    90  bsp_tim.o(.RamFunc)
    Reset_Handler                            0x080002b1   Thumb Code     8  startup_n32g430.o(.text)
    PendSV_Handler                           0x080002c7   Thumb Code     2  startup_n32g430.o(.text)
    CAN_RX0_IRQHandler                       0x080002cb   Thumb Code     0  startup_n32g430.o(.text)
    CAN_RX1_IRQHandler                       0x080002cb   Thumb Code     0  startup_n32g430.o(.text)
    CAN_SCE_IRQHandler                       0x080002cb   Thumb Code     0  startup_n32g430.o(.text)
    CAN_TX_IRQHandler                        0x080002cb   Thumb Code     0  startup_n32g430.o(.text)
    COMP_1_2_3_IRQHandler                    0x080002cb   Thumb Code     0  startup_n32g430.o(.text)
    DMA_Channel1_IRQHandler                  0x080002cb   Thumb Code     0  startup_n32g430.o(.text)
    DMA_Channel2_IRQHandler                  0x080002cb   Thumb Code     0  startup_n32g430.o(.text)
    DMA_Channel3_IRQHandler                  0x080002cb   Thumb Code     0  startup_n32g430.o(.text)
    DMA_Channel4_IRQHandler                  0x080002cb   Thumb Code     0  startup_n32g430.o(.text)
    DMA_Channel5_IRQHandler                  0x080002cb   Thumb Code     0  startup_n32g430.o(.text)
    DMA_Channel6_IRQHandler                  0x080002cb   Thumb Code     0  startup_n32g430.o(.text)
    DMA_Channel7_IRQHandler                  0x080002cb   Thumb Code     0  startup_n32g430.o(.text)
    DMA_Channel8_IRQHandler                  0x080002cb   Thumb Code     0  startup_n32g430.o(.text)
    EXTI0_IRQHandler                         0x080002cb   Thumb Code     0  startup_n32g430.o(.text)
    EXTI15_10_IRQHandler                     0x080002cb   Thumb Code     0  startup_n32g430.o(.text)
    EXTI1_IRQHandler                         0x080002cb   Thumb Code     0  startup_n32g430.o(.text)
    EXTI2_IRQHandler                         0x080002cb   Thumb Code     0  startup_n32g430.o(.text)
    EXTI3_IRQHandler                         0x080002cb   Thumb Code     0  startup_n32g430.o(.text)
    EXTI4_IRQHandler                         0x080002cb   Thumb Code     0  startup_n32g430.o(.text)
    EXTI9_5_IRQHandler                       0x080002cb   Thumb Code     0  startup_n32g430.o(.text)
    FLASH_IRQHandler                         0x080002cb   Thumb Code     0  startup_n32g430.o(.text)
    I2C2_ER_IRQHandler                       0x080002cb   Thumb Code     0  startup_n32g430.o(.text)
    I2C2_EV_IRQHandler                       0x080002cb   Thumb Code     0  startup_n32g430.o(.text)
    LPTIM_WKUP_IRQHandler                    0x080002cb   Thumb Code     0  startup_n32g430.o(.text)
    MMU_IRQHandler                           0x080002cb   Thumb Code     0  startup_n32g430.o(.text)
    PVD_IRQHandler                           0x080002cb   Thumb Code     0  startup_n32g430.o(.text)
    RCC_IRQHandler                           0x080002cb   Thumb Code     0  startup_n32g430.o(.text)
    RTCAlarm_IRQHandler                      0x080002cb   Thumb Code     0  startup_n32g430.o(.text)
    RTC_TAMPER_STAMP_IRQHandler              0x080002cb   Thumb Code     0  startup_n32g430.o(.text)
    RTC_WKUP_IRQHandler                      0x080002cb   Thumb Code     0  startup_n32g430.o(.text)
    SPI1_IRQHandler                          0x080002cb   Thumb Code     0  startup_n32g430.o(.text)
    SPI2_IRQHandler                          0x080002cb   Thumb Code     0  startup_n32g430.o(.text)
    TIM1_TRG_COM_IRQHandler                  0x080002cb   Thumb Code     0  startup_n32g430.o(.text)
    TIM1_UP_IRQHandler                       0x080002cb   Thumb Code     0  startup_n32g430.o(.text)
    TIM3_IRQHandler                          0x080002cb   Thumb Code     0  startup_n32g430.o(.text)
    TIM5_IRQHandler                          0x080002cb   Thumb Code     0  startup_n32g430.o(.text)
    TIM8_BRK_IRQHandler                      0x080002cb   Thumb Code     0  startup_n32g430.o(.text)
    TIM8_CC_IRQHandler                       0x080002cb   Thumb Code     0  startup_n32g430.o(.text)
    TIM8_TRG_COM_IRQHandler                  0x080002cb   Thumb Code     0  startup_n32g430.o(.text)
    TIM8_UP_IRQHandler                       0x080002cb   Thumb Code     0  startup_n32g430.o(.text)
    UART3_IRQHandler                         0x080002cb   Thumb Code     0  startup_n32g430.o(.text)
    UART4_IRQHandler                         0x080002cb   Thumb Code     0  startup_n32g430.o(.text)
    USART1_IRQHandler                        0x080002cb   Thumb Code     0  startup_n32g430.o(.text)
    USART2_IRQHandler                        0x080002cb   Thumb Code     0  startup_n32g430.o(.text)
    WWDG_IRQHandler                          0x080002cb   Thumb Code     0  startup_n32g430.o(.text)
    __scatterload                            0x080002d5   Thumb Code    28  init.o(.text)
    __scatterload_rt2                        0x080002d5   Thumb Code     0  init.o(.text)
    ADC_AHB_Clock_Mode_Config                0x080002f9   Thumb Code    12  n32g430_adc.o(i.ADC_AHB_Clock_Mode_Config)
    ADC_Calibration_Operation                0x08000309   Thumb Code    54  n32g430_adc.o(i.ADC_Calibration_Operation)
    ADC_Channel_Sample_Time_Config           0x08000345   Thumb Code    84  n32g430_adc.o(i.ADC_Channel_Sample_Time_Config)
    ADC_Clock_Mode_Config                    0x0800039d   Thumb Code    44  n32g430_adc.o(i.ADC_Clock_Mode_Config)
    ADC_Continue_Conversion_Disable          0x080003c9   Thumb Code    12  n32g430_adc.o(i.ADC_Continue_Conversion_Disable)
    ADC_Continue_Conversion_Enable           0x080003d9   Thumb Code    12  n32g430_adc.o(i.ADC_Continue_Conversion_Enable)
    ADC_DMA_Transfer_Disable                 0x080003e9   Thumb Code    12  n32g430_adc.o(i.ADC_DMA_Transfer_Disable)
    ADC_Data_Alignment_Config                0x080003f9   Thumb Code    18  n32g430_adc.o(i.ADC_Data_Alignment_Config)
    ADC_Discontinuous_Mode_Config            0x08000411   Thumb Code    66  n32g430_adc.o(i.ADC_Discontinuous_Mode_Config)
    ADC_External_Trigger_Conversion_Config   0x08000459   Thumb Code    66  n32g430_adc.o(i.ADC_External_Trigger_Conversion_Config)
    ADC_Flag_Status_Clear                    0x080004a1   Thumb Code    10  n32g430_adc.o(i.ADC_Flag_Status_Clear)
    ADC_Flag_Status_Get                      0x080004b1   Thumb Code    38  n32g430_adc.o(i.ADC_Flag_Status_Get)
    ADC_INTFlag_Status_Clear                 0x080004dd   Thumb Code    10  n32g430_adc.o(i.ADC_INTFlag_Status_Clear)
    ADC_INTFlag_Status_Get                   0x080004ed   Thumb Code    16  n32g430_adc.o(i.ADC_INTFlag_Status_Get)
    ADC_IRQHandler                           0x08000501   Thumb Code    94  n32g430_it.o(i.ADC_IRQHandler)
    ADC_Initializes                          0x08000569   Thumb Code    66  n32g430_adc.o(i.ADC_Initializes)
    ADC_Injected_Channels_Number_Config      0x080005b1   Thumb Code    18  n32g430_adc.o(i.ADC_Injected_Channels_Number_Config)
    ADC_Injected_Group_Autoconversion_Disable 0x080005c9   Thumb Code    12  n32g430_adc.o(i.ADC_Injected_Group_Autoconversion_Disable)
    ADC_Injected_Group_Conversion_Data_Get   0x080005d9   Thumb Code    18  n32g430_adc.o(i.ADC_Injected_Group_Conversion_Data_Get)
    ADC_Injected_Group_External_Trigger_Source_Config 0x080005f1   Thumb Code    18  n32g430_adc.o(i.ADC_Injected_Group_External_Trigger_Source_Config)
    ADC_Injected_Sequence_Conversion_Number_Config 0x08000609   Thumb Code    28  n32g430_adc.o(i.ADC_Injected_Sequence_Conversion_Number_Config)
    ADC_Interrupts_Enable                    0x08000629   Thumb Code    26  n32g430_adc.o(i.ADC_Interrupts_Enable)
    ADC_Multichannels_Disable                0x08000649   Thumb Code    12  n32g430_adc.o(i.ADC_Multichannels_Disable)
    ADC_Multichannels_Enable                 0x08000659   Thumb Code    12  n32g430_adc.o(i.ADC_Multichannels_Enable)
    ADC_ON                                   0x08000669   Thumb Code    12  n32g430_adc.o(i.ADC_ON)
    ADC_PLL_Clock_Mode_Config                0x08000679   Thumb Code    12  n32g430_adc.o(i.ADC_PLL_Clock_Mode_Config)
    ADC_Regular_Channels_Number_Config       0x08000689   Thumb Code    18  n32g430_adc.o(i.ADC_Regular_Channels_Number_Config)
    ADC_Regular_Channels_Software_Conversion_Operation 0x080006a1   Thumb Code    60  n32g430_adc.o(i.ADC_Regular_Channels_Software_Conversion_Operation)
    ADC_Regular_Group_Conversion_Data_Get    0x080006e1   Thumb Code     8  n32g430_adc.o(i.ADC_Regular_Group_Conversion_Data_Get)
    ADC_Regular_Group_External_Trigger_Source_Config 0x080006ed   Thumb Code    18  n32g430_adc.o(i.ADC_Regular_Group_External_Trigger_Source_Config)
    ADC_Regular_Sequence_Conversion_Number_Config 0x08000705   Thumb Code    92  n32g430_adc.o(i.ADC_Regular_Sequence_Conversion_Number_Config)
    ADC_Reset                                0x08000765   Thumb Code     8  n32g430_adc.o(i.ADC_Reset)
    Adc_Init                                 0x0800076d   Thumb Code   186  bsp_adc.o(i.Adc_Init)
    BusFault_Handler                         0x08000827   Thumb Code     2  n32g430_it.o(i.BusFault_Handler)
    DMA_Buffer_Size_Config                   0x08000829   Thumb Code     4  n32g430_dma.o(i.DMA_Buffer_Size_Config)
    DMA_Channel_Enable                       0x0800082d   Thumb Code    10  n32g430_dma.o(i.DMA_Channel_Enable)
    DMA_Channel_Request_Remap                0x08000837   Thumb Code     4  n32g430_dma.o(i.DMA_Channel_Request_Remap)
    DMA_Circular_Mode_Config                 0x0800083b   Thumb Code    16  n32g430_dma.o(i.DMA_Circular_Mode_Config)
    DMA_Destination_Config                   0x0800084b   Thumb Code    16  n32g430_dma.o(i.DMA_Destination_Config)
    DMA_Initializes                          0x0800085b   Thumb Code    98  n32g430_dma.o(i.DMA_Initializes)
    DMA_Memory_2_Memory_Config               0x080008bd   Thumb Code    16  n32g430_dma.o(i.DMA_Memory_2_Memory_Config)
    DMA_Memory_Addr_Increment_Config         0x080008cd   Thumb Code    16  n32g430_dma.o(i.DMA_Memory_Addr_Increment_Config)
    DMA_Memory_Address_Config                0x080008dd   Thumb Code     4  n32g430_dma.o(i.DMA_Memory_Address_Config)
    DMA_Memory_Data_Width_Config             0x080008e1   Thumb Code    16  n32g430_dma.o(i.DMA_Memory_Data_Width_Config)
    DMA_Peripheral_Addr_Increment_Config     0x080008f1   Thumb Code    16  n32g430_dma.o(i.DMA_Peripheral_Addr_Increment_Config)
    DMA_Peripheral_Address_Config            0x08000901   Thumb Code     4  n32g430_dma.o(i.DMA_Peripheral_Address_Config)
    DMA_Peripheral_Data_Width_Config         0x08000905   Thumb Code    16  n32g430_dma.o(i.DMA_Peripheral_Data_Width_Config)
    DMA_Priority_Config                      0x08000915   Thumb Code    16  n32g430_dma.o(i.DMA_Priority_Config)
    DMA_Reset                                0x08000925   Thumb Code   164  n32g430_dma.o(i.DMA_Reset)
    DMA_Structure_Initializes                0x080009cd   Thumb Code    26  n32g430_dma.o(i.DMA_Structure_Initializes)
    DebugMon_Handler                         0x080009e7   Thumb Code     2  n32g430_it.o(i.DebugMon_Handler)
    Delay_us                                 0x080009e9   Thumb Code    18  i2c_eeprom.o(i.Delay_us)
    GPIO_Alternate_Set                       0x080009fb   Thumb Code    46  n32g430_gpio.o(i.GPIO_Alternate_Set)
    GPIO_Config                              0x08000a29   Thumb Code   214  bsp_config.o(i.GPIO_Config)
    GPIO_Driver_Set                          0x08000b09   Thumb Code    20  n32g430_gpio.o(i.GPIO_Driver_Set)
    GPIO_Mode_Set                            0x08000b1d   Thumb Code    58  n32g430_gpio.o(i.GPIO_Mode_Set)
    GPIO_PBC_Pins_Reset                      0x08000b57   Thumb Code     4  n32g430_gpio.o(i.GPIO_PBC_Pins_Reset)
    GPIO_Peripheral_Initialize               0x08000b5b   Thumb Code    80  n32g430_gpio.o(i.GPIO_Peripheral_Initialize)
    GPIO_Pins_Set                            0x08000bab   Thumb Code     4  n32g430_gpio.o(i.GPIO_Pins_Set)
    GPIO_Pull_Set                            0x08000baf   Thumb Code    20  n32g430_gpio.o(i.GPIO_Pull_Set)
    GPIO_SlewRate_Set                        0x08000bc3   Thumb Code    18  n32g430_gpio.o(i.GPIO_SlewRate_Set)
    GPIO_Structure_Initialize                0x08000bd5   Thumb Code    22  n32g430_gpio.o(i.GPIO_Structure_Initialize)
    HardFault_Handler                        0x08000beb   Thumb Code     2  n32g430_it.o(i.HardFault_Handler)
    I2C1_ER_IRQHandler                       0x08000bed   Thumb Code   108  i2c_eeprom.o(i.I2C1_ER_IRQHandler)
    I2C1_EV_IRQHandler                       0x08000c69   Thumb Code   324  i2c_eeprom.o(i.I2C1_EV_IRQHandler)
    I2C_7bit_Addr_Send                       0x08000db9   Thumb Code    18  n32g430_i2c.o(i.I2C_7bit_Addr_Send)
    I2C_Acknowledg_Disable                   0x08000dcb   Thumb Code    10  n32g430_i2c.o(i.I2C_Acknowledg_Disable)
    I2C_Acknowledgement_Config               0x08000dd5   Thumb Code    12  n32g430_i2c.o(i.I2C_Acknowledgement_Config)
    I2C_Addressing_Mode_Config               0x08000de1   Thumb Code    12  n32g430_i2c.o(i.I2C_Addressing_Mode_Config)
    I2C_Bus_Mode_Config                      0x08000ded   Thumb Code    12  n32g430_i2c.o(i.I2C_Bus_Mode_Config)
    I2C_Clock_Speed_Config                   0x08000df9   Thumb Code   198  n32g430_i2c.o(i.I2C_Clock_Speed_Config)
    I2C_Data_Recv                            0x08000ecd   Thumb Code     6  n32g430_i2c.o(i.I2C_Data_Recv)
    I2C_Data_Send                            0x08000ed3   Thumb Code     4  n32g430_i2c.o(i.I2C_Data_Send)
    I2C_EE_Init                              0x08000ed9   Thumb Code    98  i2c_eeprom.o(i.I2C_EE_Init)
    I2C_Flag_Status_Clear                    0x08000f49   Thumb Code     6  n32g430_i2c.o(i.I2C_Flag_Status_Clear)
    I2C_Flag_Status_Get                      0x08000f4f   Thumb Code    50  n32g430_i2c.o(i.I2C_Flag_Status_Get)
    I2C_Generate_Start_Enable                0x08000f81   Thumb Code    10  n32g430_i2c.o(i.I2C_Generate_Start_Enable)
    I2C_Generate_Stop_Enable                 0x08000f8b   Thumb Code    10  n32g430_i2c.o(i.I2C_Generate_Stop_Enable)
    I2C_Initializes                          0x08000f95   Thumb Code    52  n32g430_i2c.o(i.I2C_Initializes)
    I2C_Interrupts_Disable                   0x08000fc9   Thumb Code     8  n32g430_i2c.o(i.I2C_Interrupts_Disable)
    I2C_Last_Event_Get                       0x08000fd1   Thumb Code    14  n32g430_i2c.o(i.I2C_Last_Event_Get)
    I2C_Own_Addr1_Config                     0x08000fdf   Thumb Code    12  n32g430_i2c.o(i.I2C_Own_Addr1_Config)
    I2C_Reset                                0x08000fed   Thumb Code    22  n32g430_i2c.o(i.I2C_Reset)
    IIC_RCCReset                             0x08001009   Thumb Code    60  i2c_eeprom.o(i.IIC_RCCReset)
    IIC_RestoreSlaveByClock                  0x0800104d   Thumb Code    74  i2c_eeprom.o(i.IIC_RestoreSlaveByClock)
    IIC_SWReset                              0x0800109d   Thumb Code    98  i2c_eeprom.o(i.IIC_SWReset)
    Input_Channel1_Config                    0x0800110d   Thumb Code    94  n32g430_tim.o(i.Input_Channel1_Config)
    Input_Channel2_Config                    0x08001181   Thumb Code   100  n32g430_tim.o(i.Input_Channel2_Config)
    Input_Channel3_Config                    0x080011f9   Thumb Code    98  n32g430_tim.o(i.Input_Channel3_Config)
    Input_Channel4_Config                    0x08001271   Thumb Code   102  n32g430_tim.o(i.Input_Channel4_Config)
    MemManage_Handler                        0x080012ed   Thumb Code     2  n32g430_it.o(i.MemManage_Handler)
    NMI_Handler                              0x080012ef   Thumb Code     2  n32g430_it.o(i.NMI_Handler)
    NVIC_Initializes                         0x080012f1   Thumb Code    96  misc.o(i.NVIC_Initializes)
    NVIC_Priority_Group_Set                  0x08001355   Thumb Code    10  misc.o(i.NVIC_Priority_Group_Set)
    PLL_TrimValueLoad                        0x08001369   Thumb Code    90  system_n32g430.o(i.PLL_TrimValueLoad)
    RCC_ADC_1M_Clock_Config                  0x080013d9   Thumb Code    20  n32g430_rcc.o(i.RCC_ADC_1M_Clock_Config)
    RCC_ADC_Hclk_Config                      0x080013f1   Thumb Code    14  n32g430_rcc.o(i.RCC_ADC_Hclk_Config)
    RCC_ADC_Hclk_Enable                      0x08001405   Thumb Code    12  n32g430_rcc.o(i.RCC_ADC_Hclk_Enable)
    RCC_ADC_PLL_Clock_Disable                0x08001415   Thumb Code    12  n32g430_rcc.o(i.RCC_ADC_PLL_Clock_Disable)
    RCC_ADC_PLL_Clock_Prescaler_Enable       0x08001425   Thumb Code    14  n32g430_rcc.o(i.RCC_ADC_PLL_Clock_Prescaler_Enable)
    RCC_AHB_Peripheral_Clock_Enable          0x08001439   Thumb Code    10  n32g430_rcc.o(i.RCC_AHB_Peripheral_Clock_Enable)
    RCC_AHB_Peripheral_Reset                 0x08001449   Thumb Code    16  n32g430_rcc.o(i.RCC_AHB_Peripheral_Reset)
    RCC_APB1_Peripheral_Clock_Disable        0x0800145d   Thumb Code    10  n32g430_rcc.o(i.RCC_APB1_Peripheral_Clock_Disable)
    RCC_APB1_Peripheral_Clock_Enable         0x0800146d   Thumb Code    10  n32g430_rcc.o(i.RCC_APB1_Peripheral_Clock_Enable)
    RCC_APB1_Peripheral_Reset                0x0800147d   Thumb Code    16  n32g430_rcc.o(i.RCC_APB1_Peripheral_Reset)
    RCC_APB2_Peripheral_Clock_Enable         0x08001491   Thumb Code    10  n32g430_rcc.o(i.RCC_APB2_Peripheral_Clock_Enable)
    RCC_APB2_Peripheral_Reset                0x080014a1   Thumb Code    16  n32g430_rcc.o(i.RCC_APB2_Peripheral_Reset)
    RCC_Clocks_Frequencies_Value_Get         0x080014b5   Thumb Code   192  n32g430_rcc.o(i.RCC_Clocks_Frequencies_Value_Get)
    RCC_Configuration                        0x08001589   Thumb Code   108  bsp_config.o(i.RCC_Configuration)
    RCC_Pclk1_Config                         0x080015f5   Thumb Code    14  n32g430_rcc.o(i.RCC_Pclk1_Config)
    SVC_Handler                              0x08001609   Thumb Code     2  n32g430_it.o(i.SVC_Handler)
    SysTick_Handler                          0x0800160b   Thumb Code     4  n32g430_it.o(i.SysTick_Handler)
    System_Init                              0x08001711   Thumb Code    46  bsp_config.o(i.System_Init)
    System_Initializes                       0x08001741   Thumb Code   122  system_n32g430.o(i.System_Initializes)
    TIM1_BRK_IRQHandler                      0x080017d9   Thumb Code    38  n32g430_it.o(i.TIM1_BRK_IRQHandler)
    TIM1_CC_IRQHandler                       0x08001805   Thumb Code    30  n32g430_it.o(i.TIM1_CC_IRQHandler)
    TIM1_PWM_Init                            0x08001829   Thumb Code   346  bsp_tim.o(i.TIM1_PWM_Init)
    TIM2_IRQHandler                          0x08001991   Thumb Code    30  n32g430_it.o(i.TIM2_IRQHandler)
    TIM4_Capture_Config                      0x080019b1   Thumb Code   242  bsp_tim.o(i.TIM4_Capture_Config)
    TIM4_IRQHandler                          0x08001ab9   Thumb Code    30  n32g430_it.o(i.TIM4_IRQHandler)
    TIM6_1Khz_Init                           0x08001add   Thumb Code   122  bsp_tim.o(i.TIM6_1Khz_Init)
    TIM6_IRQHandler                          0x08001b61   Thumb Code    68  n32g430_it.o(i.TIM6_IRQHandler)
    TIM_Asymmetric_Enable                    0x08001bad   Thumb Code    10  n32g430_tim.o(i.TIM_Asymmetric_Enable)
    TIM_Base_Auto_Reload_Set                 0x08001bb7   Thumb Code     4  n32g430_tim.o(i.TIM_Base_Auto_Reload_Set)
    TIM_Base_Center_Aligned_Mode_OC4_7_8_9_Trigger_Set 0x08001bbb   Thumb Code    12  n32g430_tim.o(i.TIM_Base_Center_Aligned_Mode_OC4_7_8_9_Trigger_Set)
    TIM_Base_Channel1                        0x08001bc7   Thumb Code    24  n32g430_tim.o(i.TIM_Base_Channel1)
    TIM_Base_Channel2                        0x08001bdf   Thumb Code    24  n32g430_tim.o(i.TIM_Base_Channel2)
    TIM_Base_Channel3                        0x08001bf7   Thumb Code    24  n32g430_tim.o(i.TIM_Base_Channel3)
    TIM_Base_Channel4                        0x08001c0f   Thumb Code    24  n32g430_tim.o(i.TIM_Base_Channel4)
    TIM_Base_Count_Mode_Set                  0x08001c27   Thumb Code    12  n32g430_tim.o(i.TIM_Base_Count_Mode_Set)
    TIM_Base_Initialize                      0x08001c35   Thumb Code   154  n32g430_tim.o(i.TIM_Base_Initialize)
    TIM_Base_OCrefClear                      0x08001ce5   Thumb Code    24  n32g430_tim.o(i.TIM_Base_OCrefClear)
    TIM_Base_Prescaler_Set                   0x08001cfd   Thumb Code     4  n32g430_tim.o(i.TIM_Base_Prescaler_Set)
    TIM_Base_Reload_Mode_Set                 0x08001d01   Thumb Code     4  n32g430_tim.o(i.TIM_Base_Reload_Mode_Set)
    TIM_Base_Repeat_Count_Set                0x08001d05   Thumb Code     4  n32g430_tim.o(i.TIM_Base_Repeat_Count_Set)
    TIM_Base_Struct_Initialize               0x08001d09   Thumb Code    30  n32g430_tim.o(i.TIM_Base_Struct_Initialize)
    TIM_Break_And_Dead_Time_Set              0x08001d27   Thumb Code   102  n32g430_tim.o(i.TIM_Break_And_Dead_Time_Set)
    TIM_Capture_Compare_Ch_Disable           0x08001d8d   Thumb Code    12  n32g430_tim.o(i.TIM_Capture_Compare_Ch_Disable)
    TIM_Capture_Compare_Ch_Enable            0x08001d99   Thumb Code    12  n32g430_tim.o(i.TIM_Capture_Compare_Ch_Enable)
    TIM_Capture_Compare_Ch_N_Disable         0x08001da5   Thumb Code    12  n32g430_tim.o(i.TIM_Capture_Compare_Ch_N_Disable)
    TIM_Capture_Compare_Ch_N_Enable          0x08001db1   Thumb Code    12  n32g430_tim.o(i.TIM_Capture_Compare_Ch_N_Enable)
    TIM_Clock_Division_Set                   0x08001dbd   Thumb Code    16  n32g430_tim.o(i.TIM_Clock_Division_Set)
    TIM_Compare1_D_Set                       0x08001dcd   Thumb Code    12  n32g430_tim.o(i.TIM_Compare1_D_Set)
    TIM_Compare1_Set                         0x08001dd9   Thumb Code    12  n32g430_tim.o(i.TIM_Compare1_Set)
    TIM_Compare2_D_Set                       0x08001de5   Thumb Code    12  n32g430_tim.o(i.TIM_Compare2_D_Set)
    TIM_Compare2_Set                         0x08001df1   Thumb Code    12  n32g430_tim.o(i.TIM_Compare2_Set)
    TIM_Compare3_D_Set                       0x08001dfd   Thumb Code    12  n32g430_tim.o(i.TIM_Compare3_D_Set)
    TIM_Compare3_Set                         0x08001e09   Thumb Code    12  n32g430_tim.o(i.TIM_Compare3_Set)
    TIM_Compare4_Set                         0x08001e15   Thumb Code    12  n32g430_tim.o(i.TIM_Compare4_Set)
    TIM_Compare7_Set                         0x08001e21   Thumb Code     6  n32g430_tim.o(i.TIM_Compare7_Set)
    TIM_Compare8_Set                         0x08001e27   Thumb Code     6  n32g430_tim.o(i.TIM_Compare8_Set)
    TIM_Compare9_Set                         0x08001e2d   Thumb Code     6  n32g430_tim.o(i.TIM_Compare9_Set)
    TIM_Dma_Enable                           0x08001e33   Thumb Code     8  n32g430_tim.o(i.TIM_Dma_Enable)
    TIM_Flag_Status_Get                      0x08001e3b   Thumb Code    14  n32g430_tim.o(i.TIM_Flag_Status_Get)
    TIM_IOM_Comp_Break                       0x08001e49   Thumb Code    24  n32g430_tim.o(i.TIM_IOM_Comp_Break)
    TIM_Input_Capture1_Prescaler_Set         0x08001e61   Thumb Code    16  n32g430_tim.o(i.TIM_Input_Capture1_Prescaler_Set)
    TIM_Input_Capture2_Prescaler_Set         0x08001e71   Thumb Code    24  n32g430_tim.o(i.TIM_Input_Capture2_Prescaler_Set)
    TIM_Input_Capture3_Prescaler_Set         0x08001e89   Thumb Code    18  n32g430_tim.o(i.TIM_Input_Capture3_Prescaler_Set)
    TIM_Input_Capture4_Prescaler_Set         0x08001e9b   Thumb Code    20  n32g430_tim.o(i.TIM_Input_Capture4_Prescaler_Set)
    TIM_Input_Channel_Initialize             0x08001eaf   Thumb Code    98  n32g430_tim.o(i.TIM_Input_Channel_Initialize)
    TIM_Input_Struct_Initialize              0x08001f11   Thumb Code    14  n32g430_tim.o(i.TIM_Input_Struct_Initialize)
    TIM_Interrupt_Disable                    0x08001f1f   Thumb Code     8  n32g430_tim.o(i.TIM_Interrupt_Disable)
    TIM_Interrupt_Enable                     0x08001f27   Thumb Code     8  n32g430_tim.o(i.TIM_Interrupt_Enable)
    TIM_Interrupt_Status_Clear               0x08001f2f   Thumb Code     6  n32g430_tim.o(i.TIM_Interrupt_Status_Clear)
    TIM_Interrupt_Status_Get                 0x08001f35   Thumb Code    22  n32g430_tim.o(i.TIM_Interrupt_Status_Get)
    TIM_Lock_Up_Break_Disable                0x08001f4b   Thumb Code    10  n32g430_tim.o(i.TIM_Lock_Up_Break_Disable)
    TIM_Lock_Up_Break_Enable                 0x08001f55   Thumb Code    10  n32g430_tim.o(i.TIM_Lock_Up_Break_Enable)
    TIM_OC4REF_Trigger_To_ADC_Enable         0x08001f5f   Thumb Code    10  n32g430_tim.o(i.TIM_OC4REF_Trigger_To_ADC_Enable)
    TIM_On                                   0x08001f69   Thumb Code    10  n32g430_tim.o(i.TIM_On)
    TIM_Output_Channel1_Initialize           0x08001f75   Thumb Code   132  n32g430_tim.o(i.TIM_Output_Channel1_Initialize)
    TIM_Output_Channel1_Preload_Set          0x08002001   Thumb Code    12  n32g430_tim.o(i.TIM_Output_Channel1_Preload_Set)
    TIM_Output_Channel2_Initialize           0x0800200d   Thumb Code   144  n32g430_tim.o(i.TIM_Output_Channel2_Initialize)
    TIM_Output_Channel2_Preload_Set          0x080020a5   Thumb Code    20  n32g430_tim.o(i.TIM_Output_Channel2_Preload_Set)
    TIM_Output_Channel3_Initialize           0x080020b9   Thumb Code   138  n32g430_tim.o(i.TIM_Output_Channel3_Initialize)
    TIM_Output_Channel3_Preload_Set          0x0800214d   Thumb Code    14  n32g430_tim.o(i.TIM_Output_Channel3_Preload_Set)
    TIM_Output_Channel4_Initialize           0x0800215d   Thumb Code   158  n32g430_tim.o(i.TIM_Output_Channel4_Initialize)
    TIM_Output_Channel4_Preload_Set          0x08002205   Thumb Code    22  n32g430_tim.o(i.TIM_Output_Channel4_Preload_Set)
    TIM_Output_Channel_N_Polarity_Set        0x0800221b   Thumb Code    18  n32g430_tim.o(i.TIM_Output_Channel_N_Polarity_Set)
    TIM_Output_Channel_Polarity_Set          0x0800222d   Thumb Code    18  n32g430_tim.o(i.TIM_Output_Channel_Polarity_Set)
    TIM_Output_Trigger_Select                0x08002241   Thumb Code    16  n32g430_tim.o(i.TIM_Output_Trigger_Select)
    TIM_PWM_Output_Disable                   0x08002255   Thumb Code    12  n32g430_tim.o(i.TIM_PWM_Output_Disable)
    TIM_PWM_Output_Enable                    0x08002261   Thumb Code    12  n32g430_tim.o(i.TIM_PWM_Output_Enable)
    TIM_Pvd_Break_Disable                    0x0800226d   Thumb Code    10  n32g430_tim.o(i.TIM_Pvd_Break_Disable)
    TIM_Pvd_Break_Enable                     0x08002277   Thumb Code    10  n32g430_tim.o(i.TIM_Pvd_Break_Enable)
    TIM_Reset                                0x08002281   Thumb Code    86  n32g430_tim.o(i.TIM_Reset)
    TimingDelay_Decrement                    0x080022f1   Thumb Code    16  bsp_config.o(i.TimingDelay_Decrement)
    UsageFault_Handler                       0x08002305   Thumb Code     2  n32g430_it.o(i.UsageFault_Handler)
    __scatterload_copy                       0x08002307   Thumb Code    14  handlers.o(i.__scatterload_copy)
    __scatterload_null                       0x08002315   Thumb Code     2  handlers.o(i.__scatterload_null)
    __scatterload_zeroinit                   0x08002317   Thumb Code    14  handlers.o(i.__scatterload_zeroinit)
    main                                     0x08002325   Thumb Code     6  main.o(i.main)
    sEE_TIMEOUT_UserCallback                 0x0800232b   Thumb Code     4  i2c_eeprom.o(i.sEE_TIMEOUT_UserCallback)
    Region$$Table$$Base                      0x08002370   Number         0  anon$$obj.o(Region$$Table)
    Region$$Table$$Limit                     0x08002390   Number         0  anon$$obj.o(Region$$Table)
    SystemClockFrequency                     0x20000004   Data           4  system_n32g430.o(.data)
    TimingDelay                              0x20000008   Data           4  bsp_config.o(.data)
    VoltValue_ADCReg                         0x2000000c   Data           2  bsp_config.o(.data)
    pwm_polarity                             0x2000000e   Data           1  bsp_tim.o(.data)
    GPTIMClockFrequency                      0x20000010   Data           2  bsp_tim.o(.data)
    I2C_NumByteWritingNow                    0x20000017   Data           1  i2c_eeprom.o(.data)
    i2c_comm_state                           0x20000019   Data           1  i2c_eeprom.o(.data)
    I2C_NumByteToWrite                       0x2000001c   Data           2  i2c_eeprom.o(.data)
    I2C_WriteAddr                            0x2000001e   Data           2  i2c_eeprom.o(.data)
    sEETimeout                               0x20000028   Data           4  i2c_eeprom.o(.data)
    I2C_pBuffer                              0x2000002c   Data           4  i2c_eeprom.o(.data)
    FOC                                      0x20000038   Data          52  foc.o(.bss)
    TIM_Freq_buff                            0x2000006c   Data          12  bsp_tim.o(.bss)
    __initial_sp                             0x20001478   Data           0  startup_n32g430.o(STACK)



==============================================================================

Memory Map of the image

  Image Entry point : 0x08000115

  Load Region LR_IROM1 (Base: 0x08000000, Size: 0x000023c8, Max: 0x00010000, ABSOLUTE)

    Execution Region ER_IROM1 (Exec base: 0x08000000, Load base: 0x08000000, Size: 0x00002390, Max: 0x00010000, ABSOLUTE)

    Exec Addr    Load Addr    Size         Type   Attr      Idx    E Section Name        Object

    0x08000000   0x08000000   0x00000114   Data   RO          413    RESET               startup_n32g430.o
    0x08000114   0x08000114   0x00000000   Code   RO         6330  * .ARM.Collect$$$$00000000  mc_w.l(entry.o)
    0x08000114   0x08000114   0x00000004   Code   RO         6333    .ARM.Collect$$$$00000001  mc_w.l(entry2.o)
    0x08000118   0x08000118   0x00000004   Code   RO         6336    .ARM.Collect$$$$00000004  mc_w.l(entry5.o)
    0x0800011c   0x0800011c   0x00000000   Code   RO         6338    .ARM.Collect$$$$00000008  mc_w.l(entry7b.o)
    0x0800011c   0x0800011c   0x00000000   Code   RO         6340    .ARM.Collect$$$$0000000A  mc_w.l(entry8b.o)
    0x0800011c   0x0800011c   0x00000008   Code   RO         6341    .ARM.Collect$$$$0000000B  mc_w.l(entry9a.o)
    0x08000124   0x08000124   0x00000000   Code   RO         6343    .ARM.Collect$$$$0000000D  mc_w.l(entry10a.o)
    0x08000124   0x08000124   0x00000000   Code   RO         6345    .ARM.Collect$$$$0000000F  mc_w.l(entry11a.o)
    0x08000124   0x08000124   0x00000004   Code   RO         6334    .ARM.Collect$$$$00002712  mc_w.l(entry2.o)
    0x08000128   0x08000128   0x00000188   Code   RO         6156    .RamFunc            bsp_tim.o
    0x080002b0   0x080002b0   0x00000024   Code   RO          414    .text               startup_n32g430.o
    0x080002d4   0x080002d4   0x00000024   Code   RO         6347    .text               mc_w.l(init.o)
    0x080002f8   0x080002f8   0x00000010   Code   RO          475    i.ADC_AHB_Clock_Mode_Config  n32g430_adc.o
    0x08000308   0x08000308   0x0000003c   Code   RO          485    i.ADC_Calibration_Operation  n32g430_adc.o
    0x08000344   0x08000344   0x00000058   Code   RO          486    i.ADC_Channel_Sample_Time_Config  n32g430_adc.o
    0x0800039c   0x0800039c   0x0000002c   Code   RO          487    i.ADC_Clock_Mode_Config  n32g430_adc.o
    0x080003c8   0x080003c8   0x00000010   Code   RO          488    i.ADC_Continue_Conversion_Disable  n32g430_adc.o
    0x080003d8   0x080003d8   0x00000010   Code   RO          489    i.ADC_Continue_Conversion_Enable  n32g430_adc.o
    0x080003e8   0x080003e8   0x00000010   Code   RO          490    i.ADC_DMA_Transfer_Disable  n32g430_adc.o
    0x080003f8   0x080003f8   0x00000018   Code   RO          492    i.ADC_Data_Alignment_Config  n32g430_adc.o
    0x08000410   0x08000410   0x00000048   Code   RO          500    i.ADC_Discontinuous_Mode_Config  n32g430_adc.o
    0x08000458   0x08000458   0x00000048   Code   RO          501    i.ADC_External_Trigger_Conversion_Config  n32g430_adc.o
    0x080004a0   0x080004a0   0x00000010   Code   RO          502    i.ADC_Flag_Status_Clear  n32g430_adc.o
    0x080004b0   0x080004b0   0x0000002c   Code   RO          503    i.ADC_Flag_Status_Get  n32g430_adc.o
    0x080004dc   0x080004dc   0x00000010   Code   RO          504    i.ADC_INTFlag_Status_Clear  n32g430_adc.o
    0x080004ec   0x080004ec   0x00000014   Code   RO          505    i.ADC_INTFlag_Status_Get  n32g430_adc.o
    0x08000500   0x08000500   0x00000068   Code   RO          167    i.ADC_IRQHandler    n32g430_it.o
    0x08000568   0x08000568   0x00000048   Code   RO          506    i.ADC_Initializes   n32g430_adc.o
    0x080005b0   0x080005b0   0x00000018   Code   RO          510    i.ADC_Injected_Channels_Number_Config  n32g430_adc.o
    0x080005c8   0x080005c8   0x00000010   Code   RO          513    i.ADC_Injected_Group_Autoconversion_Disable  n32g430_adc.o
    0x080005d8   0x080005d8   0x00000018   Code   RO          515    i.ADC_Injected_Group_Conversion_Data_Get  n32g430_adc.o
    0x080005f0   0x080005f0   0x00000018   Code   RO          516    i.ADC_Injected_Group_External_Trigger_Source_Config  n32g430_adc.o
    0x08000608   0x08000608   0x00000020   Code   RO          517    i.ADC_Injected_Sequence_Conversion_Number_Config  n32g430_adc.o
    0x08000628   0x08000628   0x00000020   Code   RO          519    i.ADC_Interrupts_Enable  n32g430_adc.o
    0x08000648   0x08000648   0x00000010   Code   RO          520    i.ADC_Multichannels_Disable  n32g430_adc.o
    0x08000658   0x08000658   0x00000010   Code   RO          521    i.ADC_Multichannels_Enable  n32g430_adc.o
    0x08000668   0x08000668   0x00000010   Code   RO          523    i.ADC_ON            n32g430_adc.o
    0x08000678   0x08000678   0x00000010   Code   RO          524    i.ADC_PLL_Clock_Mode_Config  n32g430_adc.o
    0x08000688   0x08000688   0x00000018   Code   RO          525    i.ADC_Regular_Channels_Number_Config  n32g430_adc.o
    0x080006a0   0x080006a0   0x00000040   Code   RO          526    i.ADC_Regular_Channels_Software_Conversion_Operation  n32g430_adc.o
    0x080006e0   0x080006e0   0x0000000c   Code   RO          527    i.ADC_Regular_Group_Conversion_Data_Get  n32g430_adc.o
    0x080006ec   0x080006ec   0x00000018   Code   RO          528    i.ADC_Regular_Group_External_Trigger_Source_Config  n32g430_adc.o
    0x08000704   0x08000704   0x00000060   Code   RO          529    i.ADC_Regular_Sequence_Conversion_Number_Config  n32g430_adc.o
    0x08000764   0x08000764   0x00000008   Code   RO          530    i.ADC_Reset         n32g430_adc.o
    0x0800076c   0x0800076c   0x000000ba   Code   RO         6003    i.Adc_Init          bsp_adc.o
    0x08000826   0x08000826   0x00000002   Code   RO          168    i.BusFault_Handler  n32g430_it.o
    0x08000828   0x08000828   0x00000004   Code   RO         1729    i.DMA_Buffer_Size_Config  n32g430_dma.o
    0x0800082c   0x0800082c   0x0000000a   Code   RO         1731    i.DMA_Channel_Enable  n32g430_dma.o
    0x08000836   0x08000836   0x00000004   Code   RO         1732    i.DMA_Channel_Request_Remap  n32g430_dma.o
    0x0800083a   0x0800083a   0x00000010   Code   RO         1733    i.DMA_Circular_Mode_Config  n32g430_dma.o
    0x0800084a   0x0800084a   0x00000010   Code   RO         1736    i.DMA_Destination_Config  n32g430_dma.o
    0x0800085a   0x0800085a   0x00000062   Code   RO         1739    i.DMA_Initializes   n32g430_dma.o
    0x080008bc   0x080008bc   0x00000010   Code   RO         1744    i.DMA_Memory_2_Memory_Config  n32g430_dma.o
    0x080008cc   0x080008cc   0x00000010   Code   RO         1745    i.DMA_Memory_Addr_Increment_Config  n32g430_dma.o
    0x080008dc   0x080008dc   0x00000004   Code   RO         1746    i.DMA_Memory_Address_Config  n32g430_dma.o
    0x080008e0   0x080008e0   0x00000010   Code   RO         1747    i.DMA_Memory_Data_Width_Config  n32g430_dma.o
    0x080008f0   0x080008f0   0x00000010   Code   RO         1748    i.DMA_Peripheral_Addr_Increment_Config  n32g430_dma.o
    0x08000900   0x08000900   0x00000004   Code   RO         1749    i.DMA_Peripheral_Address_Config  n32g430_dma.o
    0x08000904   0x08000904   0x00000010   Code   RO         1750    i.DMA_Peripheral_Data_Width_Config  n32g430_dma.o
    0x08000914   0x08000914   0x00000010   Code   RO         1751    i.DMA_Priority_Config  n32g430_dma.o
    0x08000924   0x08000924   0x000000a8   Code   RO         1752    i.DMA_Reset         n32g430_dma.o
    0x080009cc   0x080009cc   0x0000001a   Code   RO         1753    i.DMA_Structure_Initializes  n32g430_dma.o
    0x080009e6   0x080009e6   0x00000002   Code   RO          169    i.DebugMon_Handler  n32g430_it.o
    0x080009e8   0x080009e8   0x00000012   Code   RO         6208    i.Delay_us          i2c_eeprom.o
    0x080009fa   0x080009fa   0x0000002e   Code   RO         2279    i.GPIO_Alternate_Set  n32g430_gpio.o
    0x08000a28   0x08000a28   0x000000e0   Code   RO         6042    i.GPIO_Config       bsp_config.o
    0x08000b08   0x08000b08   0x00000014   Code   RO         2280    i.GPIO_Driver_Set   n32g430_gpio.o
    0x08000b1c   0x08000b1c   0x0000003a   Code   RO         2284    i.GPIO_Mode_Set     n32g430_gpio.o
    0x08000b56   0x08000b56   0x00000004   Code   RO         2287    i.GPIO_PBC_Pins_Reset  n32g430_gpio.o
    0x08000b5a   0x08000b5a   0x00000050   Code   RO         2289    i.GPIO_Peripheral_Initialize  n32g430_gpio.o
    0x08000baa   0x08000baa   0x00000004   Code   RO         2294    i.GPIO_Pins_Set     n32g430_gpio.o
    0x08000bae   0x08000bae   0x00000014   Code   RO         2295    i.GPIO_Pull_Set     n32g430_gpio.o
    0x08000bc2   0x08000bc2   0x00000012   Code   RO         2297    i.GPIO_SlewRate_Set  n32g430_gpio.o
    0x08000bd4   0x08000bd4   0x00000016   Code   RO         2298    i.GPIO_Structure_Initialize  n32g430_gpio.o
    0x08000bea   0x08000bea   0x00000002   Code   RO          170    i.HardFault_Handler  n32g430_it.o
    0x08000bec   0x08000bec   0x0000007c   Code   RO         6209    i.I2C1_ER_IRQHandler  i2c_eeprom.o
    0x08000c68   0x08000c68   0x00000150   Code   RO         6210    i.I2C1_EV_IRQHandler  i2c_eeprom.o
    0x08000db8   0x08000db8   0x00000012   Code   RO         2503    i.I2C_7bit_Addr_Send  n32g430_i2c.o
    0x08000dca   0x08000dca   0x0000000a   Code   RO         2506    i.I2C_Acknowledg_Disable  n32g430_i2c.o
    0x08000dd4   0x08000dd4   0x0000000c   Code   RO         2508    i.I2C_Acknowledgement_Config  n32g430_i2c.o
    0x08000de0   0x08000de0   0x0000000c   Code   RO         2509    i.I2C_Addressing_Mode_Config  n32g430_i2c.o
    0x08000dec   0x08000dec   0x0000000c   Code   RO         2510    i.I2C_Bus_Mode_Config  n32g430_i2c.o
    0x08000df8   0x08000df8   0x000000d4   Code   RO         2511    i.I2C_Clock_Speed_Config  n32g430_i2c.o
    0x08000ecc   0x08000ecc   0x00000006   Code   RO         2516    i.I2C_Data_Recv     n32g430_i2c.o
    0x08000ed2   0x08000ed2   0x00000004   Code   RO         2517    i.I2C_Data_Send     n32g430_i2c.o
    0x08000ed6   0x08000ed6   0x00000002   PAD
    0x08000ed8   0x08000ed8   0x00000070   Code   RO         6211    i.I2C_EE_Init       i2c_eeprom.o
    0x08000f48   0x08000f48   0x00000006   Code   RO         2524    i.I2C_Flag_Status_Clear  n32g430_i2c.o
    0x08000f4e   0x08000f4e   0x00000032   Code   RO         2525    i.I2C_Flag_Status_Get  n32g430_i2c.o
    0x08000f80   0x08000f80   0x0000000a   Code   RO         2529    i.I2C_Generate_Start_Enable  n32g430_i2c.o
    0x08000f8a   0x08000f8a   0x0000000a   Code   RO         2531    i.I2C_Generate_Stop_Enable  n32g430_i2c.o
    0x08000f94   0x08000f94   0x00000034   Code   RO         2532    i.I2C_Initializes   n32g430_i2c.o
    0x08000fc8   0x08000fc8   0x00000008   Code   RO         2536    i.I2C_Interrupts_Disable  n32g430_i2c.o
    0x08000fd0   0x08000fd0   0x0000000e   Code   RO         2538    i.I2C_Last_Event_Get  n32g430_i2c.o
    0x08000fde   0x08000fde   0x0000000c   Code   RO         2542    i.I2C_Own_Addr1_Config  n32g430_i2c.o
    0x08000fea   0x08000fea   0x00000002   PAD
    0x08000fec   0x08000fec   0x0000001c   Code   RO         2551    i.I2C_Reset         n32g430_i2c.o
    0x08001008   0x08001008   0x00000044   Code   RO         6219    i.IIC_RCCReset      i2c_eeprom.o
    0x0800104c   0x0800104c   0x00000050   Code   RO         6220    i.IIC_RestoreSlaveByClock  i2c_eeprom.o
    0x0800109c   0x0800109c   0x00000070   Code   RO         6221    i.IIC_SWReset       i2c_eeprom.o
    0x0800110c   0x0800110c   0x00000074   Code   RO         4470    i.Input_Channel1_Config  n32g430_tim.o
    0x08001180   0x08001180   0x00000078   Code   RO         4471    i.Input_Channel2_Config  n32g430_tim.o
    0x080011f8   0x080011f8   0x00000078   Code   RO         4472    i.Input_Channel3_Config  n32g430_tim.o
    0x08001270   0x08001270   0x0000007c   Code   RO         4473    i.Input_Channel4_Config  n32g430_tim.o
    0x080012ec   0x080012ec   0x00000002   Code   RO          171    i.MemManage_Handler  n32g430_it.o
    0x080012ee   0x080012ee   0x00000002   Code   RO          172    i.NMI_Handler       n32g430_it.o
    0x080012f0   0x080012f0   0x00000064   Code   RO          421    i.NVIC_Initializes  misc.o
    0x08001354   0x08001354   0x00000014   Code   RO          422    i.NVIC_Priority_Group_Set  misc.o
    0x08001368   0x08001368   0x00000070   Code   RO          366    i.PLL_TrimValueLoad  system_n32g430.o
    0x080013d8   0x080013d8   0x00000018   Code   RO         3382    i.RCC_ADC_1M_Clock_Config  n32g430_rcc.o
    0x080013f0   0x080013f0   0x00000014   Code   RO         3383    i.RCC_ADC_Hclk_Config  n32g430_rcc.o
    0x08001404   0x08001404   0x00000010   Code   RO         3385    i.RCC_ADC_Hclk_Enable  n32g430_rcc.o
    0x08001414   0x08001414   0x00000010   Code   RO         3386    i.RCC_ADC_PLL_Clock_Disable  n32g430_rcc.o
    0x08001424   0x08001424   0x00000014   Code   RO         3387    i.RCC_ADC_PLL_Clock_Prescaler_Enable  n32g430_rcc.o
    0x08001438   0x08001438   0x00000010   Code   RO         3389    i.RCC_AHB_Peripheral_Clock_Enable  n32g430_rcc.o
    0x08001448   0x08001448   0x00000014   Code   RO         3390    i.RCC_AHB_Peripheral_Reset  n32g430_rcc.o
    0x0800145c   0x0800145c   0x00000010   Code   RO         3391    i.RCC_APB1_Peripheral_Clock_Disable  n32g430_rcc.o
    0x0800146c   0x0800146c   0x00000010   Code   RO         3392    i.RCC_APB1_Peripheral_Clock_Enable  n32g430_rcc.o
    0x0800147c   0x0800147c   0x00000014   Code   RO         3393    i.RCC_APB1_Peripheral_Reset  n32g430_rcc.o
    0x08001490   0x08001490   0x00000010   Code   RO         3395    i.RCC_APB2_Peripheral_Clock_Enable  n32g430_rcc.o
    0x080014a0   0x080014a0   0x00000014   Code   RO         3396    i.RCC_APB2_Peripheral_Reset  n32g430_rcc.o
    0x080014b4   0x080014b4   0x000000d4   Code   RO         3400    i.RCC_Clocks_Frequencies_Value_Get  n32g430_rcc.o
    0x08001588   0x08001588   0x0000006c   Code   RO         6045    i.RCC_Configuration  bsp_config.o
    0x080015f4   0x080015f4   0x00000014   Code   RO         3431    i.RCC_Pclk1_Config  n32g430_rcc.o
    0x08001608   0x08001608   0x00000002   Code   RO          173    i.SVC_Handler       n32g430_it.o
    0x0800160a   0x0800160a   0x00000004   Code   RO          174    i.SysTick_Handler   n32g430_it.o
    0x0800160e   0x0800160e   0x00000002   PAD
    0x08001610   0x08001610   0x00000100   Code   RO          368    i.System_Clock_Set  system_n32g430.o
    0x08001710   0x08001710   0x0000002e   Code   RO         6047    i.System_Init       bsp_config.o
    0x0800173e   0x0800173e   0x00000002   PAD
    0x08001740   0x08001740   0x00000098   Code   RO          369    i.System_Initializes  system_n32g430.o
    0x080017d8   0x080017d8   0x0000002c   Code   RO          175    i.TIM1_BRK_IRQHandler  n32g430_it.o
    0x08001804   0x08001804   0x00000024   Code   RO          176    i.TIM1_CC_IRQHandler  n32g430_it.o
    0x08001828   0x08001828   0x00000168   Code   RO         6157    i.TIM1_PWM_Init     bsp_tim.o
    0x08001990   0x08001990   0x0000001e   Code   RO          177    i.TIM2_IRQHandler   n32g430_it.o
    0x080019ae   0x080019ae   0x00000002   PAD
    0x080019b0   0x080019b0   0x00000108   Code   RO         6158    i.TIM4_Capture_Config  bsp_tim.o
    0x08001ab8   0x08001ab8   0x00000024   Code   RO          178    i.TIM4_IRQHandler   n32g430_it.o
    0x08001adc   0x08001adc   0x00000084   Code   RO         6160    i.TIM6_1Khz_Init    bsp_tim.o
    0x08001b60   0x08001b60   0x0000004c   Code   RO          179    i.TIM6_IRQHandler   n32g430_it.o
    0x08001bac   0x08001bac   0x0000000a   Code   RO         4475    i.TIM_Asymmetric_Enable  n32g430_tim.o
    0x08001bb6   0x08001bb6   0x00000004   Code   RO         4479    i.TIM_Base_Auto_Reload_Set  n32g430_tim.o
    0x08001bba   0x08001bba   0x0000000c   Code   RO         4480    i.TIM_Base_Center_Aligned_Mode_OC4_7_8_9_Trigger_Set  n32g430_tim.o
    0x08001bc6   0x08001bc6   0x00000018   Code   RO         4481    i.TIM_Base_Channel1  n32g430_tim.o
    0x08001bde   0x08001bde   0x00000018   Code   RO         4482    i.TIM_Base_Channel2  n32g430_tim.o
    0x08001bf6   0x08001bf6   0x00000018   Code   RO         4483    i.TIM_Base_Channel3  n32g430_tim.o
    0x08001c0e   0x08001c0e   0x00000018   Code   RO         4484    i.TIM_Base_Channel4  n32g430_tim.o
    0x08001c26   0x08001c26   0x0000000c   Code   RO         4486    i.TIM_Base_Count_Mode_Set  n32g430_tim.o
    0x08001c32   0x08001c32   0x00000002   PAD
    0x08001c34   0x08001c34   0x000000b0   Code   RO         4488    i.TIM_Base_Initialize  n32g430_tim.o
    0x08001ce4   0x08001ce4   0x00000018   Code   RO         4489    i.TIM_Base_OCrefClear  n32g430_tim.o
    0x08001cfc   0x08001cfc   0x00000004   Code   RO         4491    i.TIM_Base_Prescaler_Set  n32g430_tim.o
    0x08001d00   0x08001d00   0x00000004   Code   RO         4492    i.TIM_Base_Reload_Mode_Set  n32g430_tim.o
    0x08001d04   0x08001d04   0x00000004   Code   RO         4493    i.TIM_Base_Repeat_Count_Set  n32g430_tim.o
    0x08001d08   0x08001d08   0x0000001e   Code   RO         4494    i.TIM_Base_Struct_Initialize  n32g430_tim.o
    0x08001d26   0x08001d26   0x00000066   Code   RO         4495    i.TIM_Break_And_Dead_Time_Set  n32g430_tim.o
    0x08001d8c   0x08001d8c   0x0000000c   Code   RO         4501    i.TIM_Capture_Compare_Ch_Disable  n32g430_tim.o
    0x08001d98   0x08001d98   0x0000000c   Code   RO         4502    i.TIM_Capture_Compare_Ch_Enable  n32g430_tim.o
    0x08001da4   0x08001da4   0x0000000c   Code   RO         4503    i.TIM_Capture_Compare_Ch_N_Disable  n32g430_tim.o
    0x08001db0   0x08001db0   0x0000000c   Code   RO         4504    i.TIM_Capture_Compare_Ch_N_Enable  n32g430_tim.o
    0x08001dbc   0x08001dbc   0x00000010   Code   RO         4519    i.TIM_Clock_Division_Set  n32g430_tim.o
    0x08001dcc   0x08001dcc   0x0000000c   Code   RO         4522    i.TIM_Compare1_D_Set  n32g430_tim.o
    0x08001dd8   0x08001dd8   0x0000000c   Code   RO         4523    i.TIM_Compare1_Set  n32g430_tim.o
    0x08001de4   0x08001de4   0x0000000c   Code   RO         4524    i.TIM_Compare2_D_Set  n32g430_tim.o
    0x08001df0   0x08001df0   0x0000000c   Code   RO         4525    i.TIM_Compare2_Set  n32g430_tim.o
    0x08001dfc   0x08001dfc   0x0000000c   Code   RO         4526    i.TIM_Compare3_D_Set  n32g430_tim.o
    0x08001e08   0x08001e08   0x0000000c   Code   RO         4527    i.TIM_Compare3_Set  n32g430_tim.o
    0x08001e14   0x08001e14   0x0000000c   Code   RO         4529    i.TIM_Compare4_Set  n32g430_tim.o
    0x08001e20   0x08001e20   0x00000006   Code   RO         4532    i.TIM_Compare7_Set  n32g430_tim.o
    0x08001e26   0x08001e26   0x00000006   Code   RO         4533    i.TIM_Compare8_Set  n32g430_tim.o
    0x08001e2c   0x08001e2c   0x00000006   Code   RO         4534    i.TIM_Compare9_Set  n32g430_tim.o
    0x08001e32   0x08001e32   0x00000008   Code   RO         4550    i.TIM_Dma_Enable    n32g430_tim.o
    0x08001e3a   0x08001e3a   0x0000000e   Code   RO         4559    i.TIM_Flag_Status_Get  n32g430_tim.o
    0x08001e48   0x08001e48   0x00000018   Code   RO         4568    i.TIM_IOM_Comp_Break  n32g430_tim.o
    0x08001e60   0x08001e60   0x00000010   Code   RO         4569    i.TIM_Input_Capture1_Prescaler_Set  n32g430_tim.o
    0x08001e70   0x08001e70   0x00000018   Code   RO         4570    i.TIM_Input_Capture2_Prescaler_Set  n32g430_tim.o
    0x08001e88   0x08001e88   0x00000012   Code   RO         4571    i.TIM_Input_Capture3_Prescaler_Set  n32g430_tim.o
    0x08001e9a   0x08001e9a   0x00000014   Code   RO         4572    i.TIM_Input_Capture4_Prescaler_Set  n32g430_tim.o
    0x08001eae   0x08001eae   0x00000062   Code   RO         4573    i.TIM_Input_Channel_Initialize  n32g430_tim.o
    0x08001f10   0x08001f10   0x0000000e   Code   RO         4574    i.TIM_Input_Struct_Initialize  n32g430_tim.o
    0x08001f1e   0x08001f1e   0x00000008   Code   RO         4577    i.TIM_Interrupt_Disable  n32g430_tim.o
    0x08001f26   0x08001f26   0x00000008   Code   RO         4578    i.TIM_Interrupt_Enable  n32g430_tim.o
    0x08001f2e   0x08001f2e   0x00000006   Code   RO         4579    i.TIM_Interrupt_Status_Clear  n32g430_tim.o
    0x08001f34   0x08001f34   0x00000016   Code   RO         4580    i.TIM_Interrupt_Status_Get  n32g430_tim.o
    0x08001f4a   0x08001f4a   0x0000000a   Code   RO         4581    i.TIM_Lock_Up_Break_Disable  n32g430_tim.o
    0x08001f54   0x08001f54   0x0000000a   Code   RO         4582    i.TIM_Lock_Up_Break_Enable  n32g430_tim.o
    0x08001f5e   0x08001f5e   0x0000000a   Code   RO         4585    i.TIM_OC4REF_Trigger_To_ADC_Enable  n32g430_tim.o
    0x08001f68   0x08001f68   0x0000000a   Code   RO         4593    i.TIM_On            n32g430_tim.o
    0x08001f72   0x08001f72   0x00000002   PAD
    0x08001f74   0x08001f74   0x0000008c   Code   RO         4596    i.TIM_Output_Channel1_Initialize  n32g430_tim.o
    0x08002000   0x08002000   0x0000000c   Code   RO         4597    i.TIM_Output_Channel1_Preload_Set  n32g430_tim.o
    0x0800200c   0x0800200c   0x00000098   Code   RO         4600    i.TIM_Output_Channel2_Initialize  n32g430_tim.o
    0x080020a4   0x080020a4   0x00000014   Code   RO         4601    i.TIM_Output_Channel2_Preload_Set  n32g430_tim.o
    0x080020b8   0x080020b8   0x00000094   Code   RO         4604    i.TIM_Output_Channel3_Initialize  n32g430_tim.o
    0x0800214c   0x0800214c   0x0000000e   Code   RO         4605    i.TIM_Output_Channel3_Preload_Set  n32g430_tim.o
    0x0800215a   0x0800215a   0x00000002   PAD
    0x0800215c   0x0800215c   0x000000a8   Code   RO         4608    i.TIM_Output_Channel4_Initialize  n32g430_tim.o
    0x08002204   0x08002204   0x00000016   Code   RO         4609    i.TIM_Output_Channel4_Preload_Set  n32g430_tim.o
    0x0800221a   0x0800221a   0x00000012   Code   RO         4623    i.TIM_Output_Channel_N_Polarity_Set  n32g430_tim.o
    0x0800222c   0x0800222c   0x00000012   Code   RO         4624    i.TIM_Output_Channel_Polarity_Set  n32g430_tim.o
    0x0800223e   0x0800223e   0x00000002   PAD
    0x08002240   0x08002240   0x00000014   Code   RO         4626    i.TIM_Output_Trigger_Select  n32g430_tim.o
    0x08002254   0x08002254   0x0000000c   Code   RO         4628    i.TIM_PWM_Output_Disable  n32g430_tim.o
    0x08002260   0x08002260   0x0000000c   Code   RO         4629    i.TIM_PWM_Output_Enable  n32g430_tim.o
    0x0800226c   0x0800226c   0x0000000a   Code   RO         4630    i.TIM_Pvd_Break_Disable  n32g430_tim.o
    0x08002276   0x08002276   0x0000000a   Code   RO         4631    i.TIM_Pvd_Break_Enable  n32g430_tim.o
    0x08002280   0x08002280   0x00000070   Code   RO         4632    i.TIM_Reset         n32g430_tim.o
    0x080022f0   0x080022f0   0x00000014   Code   RO         6048    i.TimingDelay_Decrement  bsp_config.o
    0x08002304   0x08002304   0x00000002   Code   RO          180    i.UsageFault_Handler  n32g430_it.o
    0x08002306   0x08002306   0x0000000e   Code   RO         6351    i.__scatterload_copy  mc_w.l(handlers.o)
    0x08002314   0x08002314   0x00000002   Code   RO         6352    i.__scatterload_null  mc_w.l(handlers.o)
    0x08002316   0x08002316   0x0000000e   Code   RO         6353    i.__scatterload_zeroinit  mc_w.l(handlers.o)
    0x08002324   0x08002324   0x00000006   Code   RO            4    i.main              main.o
    0x0800232a   0x0800232a   0x00000004   Code   RO         6223    i.sEE_TIMEOUT_UserCallback  i2c_eeprom.o
    0x0800232e   0x0800232e   0x00000040   Data   RO         3441    .constdata          n32g430_rcc.o
    0x0800236e   0x0800236e   0x00000002   PAD
    0x08002370   0x08002370   0x00000020   Data   RO         6349    Region$$Table       anon$$obj.o


    Execution Region RW_IRAM1 (Exec base: 0x20000000, Load base: 0x08002390, Size: 0x00001478, Max: 0x00004000, ABSOLUTE)

    Exec Addr    Load Addr    Size         Type   Attr      Idx    E Section Name        Object

    0x20000000   0x08002390   0x00000004   Data   RW          184    .data               n32g430_it.o
    0x20000004   0x08002394   0x00000004   Data   RW          371    .data               system_n32g430.o
    0x20000008   0x08002398   0x00000004   Data   RW         6049    .data               bsp_config.o
    0x2000000c   0x0800239c   0x00000002   Data   RW         6050    .data               bsp_config.o
    0x2000000e   0x0800239e   0x00000004   Data   RW         6162    .data               bsp_tim.o
    0x20000012   0x080023a2   0x00000002   PAD
    0x20000014   0x080023a4   0x00000024   Data   RW         6224    .data               i2c_eeprom.o
    0x20000038        -       0x00000034   Zero   RW          305    .bss                foc.o
    0x2000006c        -       0x0000000c   Zero   RW         6161    .bss                bsp_tim.o
    0x20000078        -       0x00001400   Zero   RW          411    STACK               startup_n32g430.o


==============================================================================

Image component sizes


      Code (inc. data)   RO Data    RW Data    ZI Data      Debug   Object Name

       186          0          0          0          0        707   bsp_adc.o
       398         14          0          6          0       3103   bsp_config.o
      1148         62          0          4         12       5042   bsp_tim.o
         0          0          0          0         52       1262   foc.o
       854         70          0         36          0       6484   i2c_eeprom.o
         6          0          0          0          0     311929   main.o
       120         14          0          0          0       1957   misc.o
      1036        144          0          0          0      34681   n32g430_adc.o
       446          4          0          0          0      11155   n32g430_dma.o
       272          0          0          0          0       7098   n32g430_gpio.o
       476         20          0          0          0      12299   n32g430_i2c.o
       344         36          0          4          0       7963   n32g430_it.o
       452         86         64          0          0      10140   n32g430_rcc.o
      2332        174          0          0          0      48161   n32g430_tim.o
        36          8        276          0       5120        888   startup_n32g430.o
       520         80          0          4          0       3358   system_n32g430.o

    ----------------------------------------------------------------------
      8644        712        374         56       5184     466227   Object Totals
         0          0         32          0          0          0   (incl. Generated)
        18          0          2          2          0          0   (incl. Padding)

    ----------------------------------------------------------------------

      Code (inc. data)   RO Data    RW Data    ZI Data      Debug   Library Member Name

         0          0          0          0          0          0   entry.o
         0          0          0          0          0          0   entry10a.o
         0          0          0          0          0          0   entry11a.o
         8          4          0          0          0          0   entry2.o
         4          0          0          0          0          0   entry5.o
         0          0          0          0          0          0   entry7b.o
         0          0          0          0          0          0   entry8b.o
         8          4          0          0          0          0   entry9a.o
        30          0          0          0          0          0   handlers.o
        36          8          0          0          0         68   init.o

    ----------------------------------------------------------------------
        86         16          0          0          0         68   Library Totals
         0          0          0          0          0          0   (incl. Padding)

    ----------------------------------------------------------------------

      Code (inc. data)   RO Data    RW Data    ZI Data      Debug   Library Name

        86         16          0          0          0         68   mc_w.l

    ----------------------------------------------------------------------
        86         16          0          0          0         68   Library Totals

    ----------------------------------------------------------------------

==============================================================================


      Code (inc. data)   RO Data    RW Data    ZI Data      Debug   

      8730        728        374         56       5184     448099   Grand Totals
      8730        728        374         56       5184     448099   ELF Image Totals
      8730        728        374         56          0          0   ROM Totals

==============================================================================

    Total RO  Size (Code + RO Data)                 9104 (   8.89kB)
    Total RW  Size (RW Data + ZI Data)              5240 (   5.12kB)
    Total ROM Size (Code + RO Data + RW Data)       9160 (   8.95kB)

==============================================================================

