<html>
<body>
<pre>
<h1>µVision Build Log</h1>
<h2>Tool Versions:</h2>
IDE-Version: ¦ÌVision V5.26.2.0
Copyright (C) 2018 ARM Ltd and ARM Germany GmbH. All rights reserved.
License Information: 1 user, 1, LIC=TIVNB-2AXCL-01HP1-CR5FR-F48UY-Y7SVL
 
Tool Versions:
Toolchain:       MDK-ARM Plus  Version: 5.26.2.0
Toolchain Path:  D:\Keil_v5\ARM\ARMCC\Bin
C Compiler:      Armcc.exe V5.06 update 6 (build 750)
Assembler:       Armasm.exe V5.06 update 6 (build 750)
Linker/Locator:  ArmLink.exe V5.06 update 6 (build 750)
Library Manager: ArmAr.exe V5.06 update 6 (build 750)
Hex Converter:   FromElf.exe V5.06 update 6 (build 750)
CPU DLL:         SARMCM3.DLL V5.26.2.0
Dialog DLL:      DCM.DLL V1.17.2.0
Target DLL:      Segger\JL2CM3.dll V2.99.31.0
Dialog DLL:      TCM.DLL V1.36.1.0
 
<h2>Project:</h2>
E:\Project\Yuntu\Indepentent research\Based on Nation-N32G430-A1.1\Project\refrigerator.uvprojx
Project File Date:  04/07/2024

<h2>Output:</h2>
*** Using Compiler 'V5.06 update 6 (build 750)', folder: 'D:\Keil_v5\ARM\ARMCC\Bin'
Rebuild target 'Foc example'
compiling DataCalc.c...
compiling Svm.c...
..\User\Svm.c(16): warning:  #550-D: variable "Index"  was set but never used
      uint16_t Index;
..\User\Svm.c(19): warning:  #177-D: variable "T_temp"  was declared but never referenced
      int32_t T_temp;
..\User\Svm.c(21): warning:  #177-D: variable "Diff"  was declared but never referenced
      uint16_t Diff;
..\User\Svm.c: 3 warnings, 0 errors
compiling n32g430_it.c...
compiling PI.c...
compiling Foc.c...
compiling main.c...
compiling Timer.c...
compiling Table.c...
compiling LPF.c...
assembling startup_n32g430.s...
compiling LoopControl.c...
compiling StateMachine.c...
compiling n32g430_beeper.c...
compiling n32g430_comp.c...
compiling n32g430_adc.c...
compiling n32g430_crc.c...
compiling misc.c...
compiling n32g430_can.c...
compiling system_n32g430.c...
compiling n32g430_dbg.c...
compiling n32g430_dma.c...
compiling n32g430_exti.c...
compiling n32g430_iwdg.c...
compiling n32g430_i2c.c...
compiling n32g430_lptim.c...
compiling n32g430_pwr.c...
compiling n32g430_flash.c...
compiling n32g430_gpio.c...
compiling arm_atan2_f32.c...
compiling arm_cos_f32.c...
compiling n32g430_rcc.c...
compiling n32g430_rtc.c...
compiling arm_common_tables.c...
compiling n32g430_usart.c...
compiling n32g430_wwdg.c...
compiling n32g430_spi.c...
compiling arm_sin_cos_f32.c...
compiling arm_sin_f32.c...
compiling n32g430_tim.c...
compiling bsp_adc.c...
compiling bsp_led.c...
compiling bsp_config.c...
compiling bsp_tim.c...
compiling i2c_eeprom.c...
linking...
Program Size: Code=11792 RO-data=7548 RW-data=132 ZI-data=5484  
FromELF: creating hex file...
".\Objects\Foc example.axf" - 0 Error(s), 3 Warning(s).

<h2>Software Packages used:</h2>

Package Vendor: Nationstech
                http://www.keil.com/pack/Nationstech.N32G430_DFP.1.1.0.pack
                Nationstech.N32G430_DFP.1.1.0
                Nationstech N32G430 Series Device Support, Drivers and Examples

<h2>Collection of Component include folders:</h2>
  .\RTE\_Foc_example
  D:\Keil_v5\ARM\PACK\Nationstech\N32G430_DFP\1.1.0\firmware\CMSIS\device

<h2>Collection of Component Files used:</h2>
Build Time Elapsed:  00:00:05
</pre>
</body>
</html>
